[start] r16_hard_s1234 19:31:04
[geo] device=cuda
[geo] 400 queries
Warning: You are sending unauthenticated requests to the HF Hub. Please set a HF_TOKEN to enable higher rate limits and faster downloads.
WARNING:huggingface_hub.utils._http:Warning: You are sending unauthenticated requests to the HF Hub. Please set a HF_TOKEN to enable higher rate limits and faster downloads.
Loading weights:   0%|          | 0/590 [00:00<?, ?it/s]Loading weights:  71%|███████▏  | 421/590 [00:00<00:00, 4169.41it/s]Loading weights: 100%|██████████| 590/590 [00:00<00:00, 4016.91it/s]
[geo] GeoCLIP loaded, 100000 gallery points
[geo] 25/400 queries
[geo] 50/400 queries
[geo] 75/400 queries
[geo] 100/400 queries
[geo] 125/400 queries
[geo] 150/400 queries
[geo] 175/400 queries
[geo] 200/400 queries
[geo] 225/400 queries
[geo] 250/400 queries
[geo] 275/400 queries
[geo] 300/400 queries
[geo] 325/400 queries
[geo] 350/400 queries
[geo] 375/400 queries
[geo] 400/400 queries
[geo] done -> /root/autodl-tmp/ppedcrf_tomm_20260830/PPEDCRF/src/outputs/r16/r16_hard_s1234.csv
DONE r16_hard_s1234 exit=0 19:57:10
[start] r16_cheap_s1234 19:57:10
[geo] device=cuda
[geo] 400 queries
Warning: You are sending unauthenticated requests to the HF Hub. Please set a HF_TOKEN to enable higher rate limits and faster downloads.
WARNING:huggingface_hub.utils._http:Warning: You are sending unauthenticated requests to the HF Hub. Please set a HF_TOKEN to enable higher rate limits and faster downloads.
Loading weights:   0%|          | 0/590 [00:00<?, ?it/s]Loading weights:  63%|██████▎   | 372/590 [00:00<00:00, 3717.90it/s]Loading weights: 100%|██████████| 590/590 [00:00<00:00, 3753.76it/s]
[geo] GeoCLIP loaded, 100000 gallery points
[geo] 25/400 queries
[geo] 50/400 queries
[geo] 75/400 queries
[geo] 100/400 queries
[geo] 125/400 queries
[geo] 150/400 queries
[geo] 175/400 queries
[geo] 200/400 queries
[geo] 225/400 queries
[geo] 250/400 queries
[geo] 275/400 queries
[geo] 300/400 queries
[geo] 325/400 queries
[geo] 350/400 queries
[geo] 375/400 queries
[geo] 400/400 queries
[geo] done -> /root/autodl-tmp/ppedcrf_tomm_20260830/PPEDCRF/src/outputs/r16/r16_cheap_s1234.csv
DONE r16_cheap_s1234 exit=0 20:13:17
ALLDONE
