[ok] amman_query_-39Q9edqZUArYHa41OPDoQ direction seed=1234 gain=3.145 max|d|=50.32 (projection 16)
[ok] amman_query_-39Q9edqZUArYHa41OPDoQ isotropic seed=1234 gain=14.826 max|d|=71.01 (no projection)
[ok] boston_query_--LUAhgqzqNM6FyWSJ-Dsw direction seed=1234 gain=3.207 max|d|=51.31 (projection 16)
[ok] boston_query_--LUAhgqzqNM6FyWSJ-Dsw isotropic seed=1234 gain=16.126 max|d|=69.93 (no projection)
[ok] cph_query_--FyHVca3HP-QgUmcAvToA direction seed=1234 gain=3.156 max|d|=50.49 (projection 16)
[ok] cph_query_--FyHVca3HP-QgUmcAvToA isotropic seed=1234 gain=15.703 max|d|=78.37 (no projection)
[ok] london_query_-0u7VsCOCAmwH4RFsN5BoA direction seed=1234 gain=3.065 max|d|=49.04 (projection 16)
[ok] london_query_-0u7VsCOCAmwH4RFsN5BoA isotropic seed=1234 gain=16.273 max|d|=77.37 (no projection)
[ok] manila_query_-10kuZ2TqVxJ-YLQJl2uqA direction seed=1234 gain=2.881 max|d|=46.09 (projection 16)
[ok] manila_query_-10kuZ2TqVxJ-YLQJl2uqA isotropic seed=1234 gain=13.576 max|d|=67.31 (no projection)
[ok] nairobi_query_-K4R8iYrz9LwQ7wia8JZtQ direction seed=1234 gain=3.061 max|d|=48.97 (projection 16)
[ok] nairobi_query_-K4R8iYrz9LwQ7wia8JZtQ isotropic seed=1234 gain=15.650 max|d|=70.14 (no projection)
[ok] toronto_query_-1caqsIDW4YpUBZB98J9uV direction seed=1234 gain=3.180 max|d|=50.89 (projection 16)
[ok] toronto_query_-1caqsIDW4YpUBZB98J9uV isotropic seed=1234 gain=16.275 max|d|=74.32 (no projection)
[ok] zurich_query_--RjvuIbkJiPNJknyeZN_Q direction seed=1234 gain=3.097 max|d|=49.55 (projection 16)
[ok] zurich_query_--RjvuIbkJiPNJknyeZN_Q isotropic seed=1234 gain=15.675 max|d|=72.00 (no projection)
[ok] amman_query_-6eEB_fS2eePRNUql6vOrQ direction seed=1234 gain=2.934 max|d|=46.95 (projection 16)
[ok] amman_query_-6eEB_fS2eePRNUql6vOrQ isotropic seed=1234 gain=15.595 max|d|=77.38 (no projection)
[ok] boston_query_--VtRctVkqAafFr5b_6GXg direction seed=1234 gain=3.088 max|d|=49.40 (projection 16)
[ok] boston_query_--VtRctVkqAafFr5b_6GXg isotropic seed=1234 gain=15.904 max|d|=69.28 (no projection)
[ok] cph_query_--kN3Y3n0x47vWa8WX-a8w direction seed=1234 gain=3.083 max|d|=49.32 (projection 16)
[ok] cph_query_--kN3Y3n0x47vWa8WX-a8w isotropic seed=1234 gain=14.158 max|d|=68.16 (no projection)
[ok] london_query_-4Vq2O1PhPmG6WK-yV402Q direction seed=1234 gain=3.114 max|d|=49.82 (projection 16)
[ok] london_query_-4Vq2O1PhPmG6WK-yV402Q isotropic seed=1234 gain=16.182 max|d|=78.12 (no projection)
[ok] manila_query_-10rV9IlRhgTnk5e_QJbgA direction seed=1234 gain=3.357 max|d|=53.71 (projection 16)
[ok] manila_query_-10rV9IlRhgTnk5e_QJbgA isotropic seed=1234 gain=17.149 max|d|=76.73 (no projection)
[ok] nairobi_query_-cS3FR1RBElNB48QQHiL0Q direction seed=1234 gain=3.164 max|d|=50.63 (projection 16)
[ok] nairobi_query_-cS3FR1RBElNB48QQHiL0Q isotropic seed=1234 gain=15.583 max|d|=66.47 (no projection)
[ok] toronto_query_-3UT7A8bNUkVBgSLW30-ow direction seed=1234 gain=3.362 max|d|=53.80 (projection 16)
[ok] toronto_query_-3UT7A8bNUkVBgSLW30-ow isotropic seed=1234 gain=15.053 max|d|=71.12 (no projection)
[ok] zurich_query_-25E3MQ0PY1vs_FT7mKaUw direction seed=1234 gain=3.185 max|d|=50.95 (projection 16)
[ok] zurich_query_-25E3MQ0PY1vs_FT7mKaUw isotropic seed=1234 gain=16.543 max|d|=77.96 (no projection)
[ok] amman_query_-BJoV1t0rKwEzk0bsZplVQ direction seed=1234 gain=3.234 max|d|=51.74 (projection 16)
[ok] amman_query_-BJoV1t0rKwEzk0bsZplVQ isotropic seed=1234 gain=15.570 max|d|=70.88 (no projection)
[ok] boston_query_-0n5FDAuOditKvxIekIbBg direction seed=1234 gain=3.510 max|d|=56.16 (projection 16)
[ok] boston_query_-0n5FDAuOditKvxIekIbBg isotropic seed=1234 gain=17.828 max|d|=85.63 (no projection)
[ok] cph_query_--xKnCCc_4tDGo80iM-A_g direction seed=1234 gain=2.877 max|d|=46.03 (projection 16)
[ok] cph_query_--xKnCCc_4tDGo80iM-A_g isotropic seed=1234 gain=15.804 max|d|=75.12 (no projection)
[ok] london_query_-4pmBOZmF-ynXSkWw5BAew direction seed=1234 gain=2.865 max|d|=45.85 (projection 16)
[ok] london_query_-4pmBOZmF-ynXSkWw5BAew isotropic seed=1234 gain=16.410 max|d|=76.97 (no projection)
[ok] manila_query_-2h231ovohZWmrsaBllNyw direction seed=1234 gain=2.787 max|d|=44.59 (projection 16)
[ok] manila_query_-2h231ovohZWmrsaBllNyw isotropic seed=1234 gain=15.997 max|d|=76.35 (no projection)
[ok] nairobi_query_-dn1KaWvGY9H5JRLNtaYPg direction seed=1234 gain=3.288 max|d|=52.61 (projection 16)
[ok] nairobi_query_-dn1KaWvGY9H5JRLNtaYPg isotropic seed=1234 gain=16.365 max|d|=69.92 (no projection)
[ok] toronto_query_-4IVXvKV2D8brXjQPZ1GRA direction seed=1234 gain=2.916 max|d|=46.66 (projection 16)
[ok] toronto_query_-4IVXvKV2D8brXjQPZ1GRA isotropic seed=1234 gain=16.410 max|d|=70.61 (no projection)
[ok] zurich_query_-4StYjY5sT1S23ls5heCbg direction seed=1234 gain=2.833 max|d|=45.32 (projection 16)
[ok] zurich_query_-4StYjY5sT1S23ls5heCbg isotropic seed=1234 gain=15.178 max|d|=72.77 (no projection)
[ok] amman_query_-D0IlKF__f0c9DPAKbiYnw direction seed=1234 gain=3.308 max|d|=52.93 (projection 16)
[ok] amman_query_-D0IlKF__f0c9DPAKbiYnw isotropic seed=1234 gain=15.603 max|d|=74.30 (no projection)
[ok] boston_query_-3hM-MR6uuw3se14vw3G0w direction seed=1234 gain=3.332 max|d|=53.32 (projection 16)
[ok] boston_query_-3hM-MR6uuw3se14vw3G0w isotropic seed=1234 gain=15.056 max|d|=73.38 (no projection)
[ok] cph_query_-05vIhjxDNupFcgaM90L3w direction seed=1234 gain=2.931 max|d|=46.90 (projection 16)
[ok] cph_query_-05vIhjxDNupFcgaM90L3w isotropic seed=1234 gain=16.282 max|d|=70.35 (no projection)
[ok] london_query_-5QOE2AlZX8rEz8ONtGRrg direction seed=1234 gain=3.252 max|d|=52.03 (projection 16)
[ok] london_query_-5QOE2AlZX8rEz8ONtGRrg isotropic seed=1234 gain=14.222 max|d|=71.90 (no projection)
[ok] manila_query_-3H2xPWPOqn_dCF2Lz5EtQ direction seed=1234 gain=3.009 max|d|=48.14 (projection 16)
[ok] manila_query_-3H2xPWPOqn_dCF2Lz5EtQ isotropic seed=1234 gain=16.289 max|d|=79.77 (no projection)
[ok] nairobi_query_-f7xKWoDFjaXHyTtnRqVKw direction seed=1234 gain=3.384 max|d|=54.14 (projection 16)
[ok] nairobi_query_-f7xKWoDFjaXHyTtnRqVKw isotropic seed=1234 gain=15.595 max|d|=70.85 (no projection)
[ok] toronto_query_-4mlNvZUZnbmRaGbiIndoA direction seed=1234 gain=2.825 max|d|=45.20 (projection 16)
[ok] toronto_query_-4mlNvZUZnbmRaGbiIndoA isotropic seed=1234 gain=15.654 max|d|=75.72 (no projection)
[ok] zurich_query_-71-BK_yAOJ1soK0OQWIcg direction seed=1234 gain=2.629 max|d|=42.06 (projection 16)
[ok] zurich_query_-71-BK_yAOJ1soK0OQWIcg isotropic seed=1234 gain=14.826 max|d|=66.16 (no projection)
[ok] amman_query_-EAmCN9i5BGEadZIccXEyA direction seed=1234 gain=3.169 max|d|=50.70 (projection 16)
[ok] amman_query_-EAmCN9i5BGEadZIccXEyA isotropic seed=1234 gain=14.480 max|d|=66.58 (no projection)
[ok] boston_query_-4vuSn0vvcBVOccgQqFlow direction seed=1234 gain=2.889 max|d|=46.22 (projection 16)
[ok] boston_query_-4vuSn0vvcBVOccgQqFlow isotropic seed=1234 gain=15.758 max|d|=73.88 (no projection)
[ok] cph_query_-07-gME-zaQLhCsFrSInSg direction seed=1234 gain=3.280 max|d|=52.49 (projection 16)
[ok] cph_query_-07-gME-zaQLhCsFrSInSg isotropic seed=1234 gain=16.353 max|d|=79.97 (no projection)
[ok] london_query_-7U9wY8ynnu3oZ1g_-0xww direction seed=1234 gain=2.949 max|d|=47.18 (projection 16)
[ok] london_query_-7U9wY8ynnu3oZ1g_-0xww isotropic seed=1234 gain=15.668 max|d|=72.65 (no projection)
[ok] manila_query_-5pMypBbFEXHPOTYNJl_EA direction seed=1234 gain=3.167 max|d|=50.67 (projection 16)
[ok] manila_query_-5pMypBbFEXHPOTYNJl_EA isotropic seed=1234 gain=16.598 max|d|=77.38 (no projection)
[ok] nairobi_query_-rWgRitoKSYrdczUKUiOrA direction seed=1234 gain=3.272 max|d|=52.35 (projection 16)
[ok] nairobi_query_-rWgRitoKSYrdczUKUiOrA isotropic seed=1234 gain=15.755 max|d|=78.86 (no projection)
[ok] toronto_query_-5HBlqC41yTbYA1NM7dz1A direction seed=1234 gain=2.844 max|d|=45.51 (projection 16)
[ok] toronto_query_-5HBlqC41yTbYA1NM7dz1A isotropic seed=1234 gain=16.090 max|d|=71.43 (no projection)
[ok] zurich_query_-7bB9HS2MqV7UT7vRyROfg direction seed=1234 gain=3.275 max|d|=52.39 (projection 16)
[ok] zurich_query_-7bB9HS2MqV7UT7vRyROfg isotropic seed=1234 gain=16.182 max|d|=77.18 (no projection)
[ok] amman_query_-L_vanPrT4RcWlLbzCqMKA direction seed=1234 gain=2.965 max|d|=47.44 (projection 16)
[ok] amman_query_-L_vanPrT4RcWlLbzCqMKA isotropic seed=1234 gain=15.897 max|d|=80.86 (no projection)
[ok] boston_query_-5-CNr3q7kmRGcDSMueI4w direction seed=1234 gain=2.929 max|d|=46.87 (projection 16)
[ok] boston_query_-5-CNr3q7kmRGcDSMueI4w isotropic seed=1234 gain=15.939 max|d|=75.00 (no projection)
[ok] cph_query_-0_HsZnndjHv76QpTyNFCA direction seed=1234 gain=2.866 max|d|=45.86 (projection 16)
[ok] cph_query_-0_HsZnndjHv76QpTyNFCA isotropic seed=1234 gain=15.714 max|d|=69.16 (no projection)
[ok] london_query_-7cNAk24ZhuoOowcvDoImw direction seed=1234 gain=3.296 max|d|=52.74 (projection 16)
[ok] london_query_-7cNAk24ZhuoOowcvDoImw isotropic seed=1234 gain=14.575 max|d|=71.16 (no projection)
[ok] manila_query_-6NSbTuzpeyDbSXKeGAasg direction seed=1234 gain=3.064 max|d|=49.02 (projection 16)
[ok] manila_query_-6NSbTuzpeyDbSXKeGAasg isotropic seed=1234 gain=15.978 max|d|=73.34 (no projection)
[ok] nairobi_query_-yxXz3in11JFniZQAa7m2A direction seed=1234 gain=3.172 max|d|=50.76 (projection 16)
[ok] nairobi_query_-yxXz3in11JFniZQAa7m2A isotropic seed=1234 gain=16.419 max|d|=81.48 (no projection)
[ok] toronto_query_-5RKNbex7In9Ys4mH40wXA direction seed=1234 gain=2.992 max|d|=47.88 (projection 16)
[ok] toronto_query_-5RKNbex7In9Ys4mH40wXA isotropic seed=1234 gain=14.647 max|d|=72.86 (no projection)
[ok] zurich_query_-ANYzSHAsjItBx6yJauT3A direction seed=1234 gain=2.986 max|d|=47.78 (projection 16)
[ok] zurich_query_-ANYzSHAsjItBx6yJauT3A isotropic seed=1234 gain=16.259 max|d|=78.15 (no projection)
[ok] amman_query_-MUBUlzvFxQS_zFg6xNhVg direction seed=1234 gain=3.148 max|d|=50.37 (projection 16)
[ok] amman_query_-MUBUlzvFxQS_zFg6xNhVg isotropic seed=1234 gain=15.990 max|d|=75.71 (no projection)
[ok] boston_query_-6RLrPXAeunQaNK6m645ZA direction seed=1234 gain=2.924 max|d|=46.79 (projection 16)
[ok] boston_query_-6RLrPXAeunQaNK6m645ZA isotropic seed=1234 gain=14.802 max|d|=77.93 (no projection)
[ok] cph_query_-2N5Dmf5tOm5N83KXgvjDw direction seed=1234 gain=2.941 max|d|=47.05 (projection 16)
[ok] cph_query_-2N5Dmf5tOm5N83KXgvjDw isotropic seed=1234 gain=16.396 max|d|=77.32 (no projection)
[ok] london_query_-8xWvI5d3Z6gfsRDb_kEQQ direction seed=1234 gain=2.869 max|d|=45.91 (projection 16)
[ok] london_query_-8xWvI5d3Z6gfsRDb_kEQQ isotropic seed=1234 gain=16.187 max|d|=74.76 (no projection)
[ok] manila_query_-6_2C-ExaVhx4ONvHOvffw direction seed=1234 gain=2.889 max|d|=46.23 (projection 16)
[ok] manila_query_-6_2C-ExaVhx4ONvHOvffw isotropic seed=1234 gain=16.255 max|d|=77.09 (no projection)
[ok] nairobi_query_0-ZdPdUGwVdDwKbIOxQCBA direction seed=1234 gain=3.296 max|d|=52.74 (projection 16)
[ok] nairobi_query_0-ZdPdUGwVdDwKbIOxQCBA isotropic seed=1234 gain=14.511 max|d|=69.68 (no projection)
[ok] toronto_query_-5ryd5v5eXUsmP9y4p6w_g direction seed=1234 gain=3.162 max|d|=50.59 (projection 16)
[ok] toronto_query_-5ryd5v5eXUsmP9y4p6w_g isotropic seed=1234 gain=15.474 max|d|=68.11 (no projection)
[ok] zurich_query_-Bz7by7mnVU_HZbXc8FmpQ direction seed=1234 gain=2.892 max|d|=46.28 (projection 16)
[ok] zurich_query_-Bz7by7mnVU_HZbXc8FmpQ isotropic seed=1234 gain=15.600 max|d|=69.82 (no projection)
[ok] amman_query_-N1g8CEJP4UIaWH8Qqja2g direction seed=1234 gain=3.034 max|d|=48.54 (projection 16)
[ok] amman_query_-N1g8CEJP4UIaWH8Qqja2g isotropic seed=1234 gain=14.636 max|d|=67.39 (no projection)
[ok] boston_query_-7KZUz5u8-7ja98pf8etVA direction seed=1234 gain=3.212 max|d|=51.39 (projection 16)
[ok] boston_query_-7KZUz5u8-7ja98pf8etVA isotropic seed=1234 gain=15.917 max|d|=71.30 (no projection)
[ok] cph_query_-3uNzD-M1uI2jZeGqOkpXg direction seed=1234 gain=3.220 max|d|=51.52 (projection 16)
[ok] cph_query_-3uNzD-M1uI2jZeGqOkpXg isotropic seed=1234 gain=16.064 max|d|=75.80 (no projection)
[ok] london_query_-9FGszdwftnBlzMuP0c_NQ direction seed=1234 gain=2.904 max|d|=46.47 (projection 16)
[ok] london_query_-9FGszdwftnBlzMuP0c_NQ isotropic seed=1234 gain=15.526 max|d|=68.04 (no projection)
[ok] manila_query_-6_XaKv0Rrp2Jl0G9m_8NQ direction seed=1234 gain=2.961 max|d|=47.38 (projection 16)
[ok] manila_query_-6_XaKv0Rrp2Jl0G9m_8NQ isotropic seed=1234 gain=15.691 max|d|=73.76 (no projection)
[ok] nairobi_query_01juXwMfxX_a4pfhpqt66g direction seed=1234 gain=3.391 max|d|=54.26 (projection 16)
[ok] nairobi_query_01juXwMfxX_a4pfhpqt66g isotropic seed=1234 gain=15.844 max|d|=77.81 (no projection)
[ok] toronto_query_-5z50PgNYnxK8Ns2WmF_TQ direction seed=1234 gain=3.164 max|d|=50.63 (projection 16)
[ok] toronto_query_-5z50PgNYnxK8Ns2WmF_TQ isotropic seed=1234 gain=14.632 max|d|=73.88 (no projection)
[ok] zurich_query_-D3dDkhM5rjIJhj1SPdroA direction seed=1234 gain=2.951 max|d|=47.22 (projection 16)
[ok] zurich_query_-D3dDkhM5rjIJhj1SPdroA isotropic seed=1234 gain=16.157 max|d|=73.33 (no projection)
[ok] amman_query_-VdxqGX8d8L_OiSEN5CtDw direction seed=1234 gain=2.991 max|d|=47.86 (projection 16)
[ok] amman_query_-VdxqGX8d8L_OiSEN5CtDw isotropic seed=1234 gain=15.763 max|d|=72.17 (no projection)
[ok] boston_query_-8cIAPzC7_za-xCEWsIoK2 direction seed=1234 gain=3.155 max|d|=50.49 (projection 16)
[ok] boston_query_-8cIAPzC7_za-xCEWsIoK2 isotropic seed=1234 gain=15.927 max|d|=76.18 (no projection)
[ok] cph_query_-4KruxIYZ3a3GYE0tOKn2w direction seed=1234 gain=2.939 max|d|=47.02 (projection 16)
[ok] cph_query_-4KruxIYZ3a3GYE0tOKn2w isotropic seed=1234 gain=16.346 max|d|=78.73 (no projection)
[ok] london_query_-9KgeyegI3TaGMqglsDENg direction seed=1234 gain=2.997 max|d|=47.95 (projection 16)
[ok] london_query_-9KgeyegI3TaGMqglsDENg isotropic seed=1234 gain=16.184 max|d|=74.91 (no projection)
[ok] manila_query_-7YHsOWBiYFmYcRzIM0ijg direction seed=1234 gain=3.258 max|d|=52.12 (projection 16)
[ok] manila_query_-7YHsOWBiYFmYcRzIM0ijg isotropic seed=1234 gain=16.193 max|d|=75.42 (no projection)
[ok] nairobi_query_09aysNUjwNAPHsHo-R-IdA direction seed=1234 gain=3.071 max|d|=49.13 (projection 16)
[ok] nairobi_query_09aysNUjwNAPHsHo-R-IdA isotropic seed=1234 gain=15.601 max|d|=72.24 (no projection)
[ok] toronto_query_-68JeZKxV2XoP0N_6780Og direction seed=1234 gain=3.015 max|d|=48.23 (projection 16)
[ok] toronto_query_-68JeZKxV2XoP0N_6780Og isotropic seed=1234 gain=15.627 max|d|=72.25 (no projection)
[ok] zurich_query_-E0qyEWY7jSPMOpGqiEG-A direction seed=1234 gain=2.926 max|d|=46.82 (projection 16)
[ok] zurich_query_-E0qyEWY7jSPMOpGqiEG-A isotropic seed=1234 gain=16.198 max|d|=82.15 (no projection)
[ok] amman_query_-XWB_1fOm8NW5dQx9p5IKg direction seed=1234 gain=2.957 max|d|=47.32 (projection 16)
[ok] amman_query_-XWB_1fOm8NW5dQx9p5IKg isotropic seed=1234 gain=15.450 max|d|=67.12 (no projection)
[ok] boston_query_-9Lur-PAHqcMspWszAgfqw direction seed=1234 gain=3.097 max|d|=49.55 (projection 16)
[ok] boston_query_-9Lur-PAHqcMspWszAgfqw isotropic seed=1234 gain=16.187 max|d|=74.56 (no projection)
[ok] cph_query_-4RqBOkDhigU8JsdQZINkQ direction seed=1234 gain=3.030 max|d|=48.48 (projection 16)
[ok] cph_query_-4RqBOkDhigU8JsdQZINkQ isotropic seed=1234 gain=15.213 max|d|=71.30 (no projection)
[ok] london_query_-FGaYVNFN5ALUsVDNixL_g direction seed=1234 gain=3.139 max|d|=50.23 (projection 16)
[ok] london_query_-FGaYVNFN5ALUsVDNixL_g isotropic seed=1234 gain=14.060 max|d|=71.06 (no projection)
[ok] manila_query_-81llwEm_ZxNy7Sa7Xrjlw direction seed=1234 gain=3.095 max|d|=49.52 (projection 16)
[ok] manila_query_-81llwEm_ZxNy7Sa7Xrjlw isotropic seed=1234 gain=15.349 max|d|=70.20 (no projection)
[ok] nairobi_query_0ByAmUG6wFySvLcHHQ0Sdg direction seed=1234 gain=3.113 max|d|=49.81 (projection 16)
[ok] nairobi_query_0ByAmUG6wFySvLcHHQ0Sdg isotropic seed=1234 gain=14.777 max|d|=67.43 (no projection)
[ok] toronto_query_-6ZIqrL48IaL1dCCO7bDVQ direction seed=1234 gain=3.189 max|d|=51.02 (projection 16)
[ok] toronto_query_-6ZIqrL48IaL1dCCO7bDVQ isotropic seed=1234 gain=15.604 max|d|=67.95 (no projection)
[ok] zurich_query_-F7hOUVha_xHAoDddsUYdw direction seed=1234 gain=3.161 max|d|=50.57 (projection 16)
[ok] zurich_query_-F7hOUVha_xHAoDddsUYdw isotropic seed=1234 gain=16.144 max|d|=78.85 (no projection)
[ok] amman_query_-iXxlTRmA5JphamcIjxBbA direction seed=1234 gain=3.118 max|d|=49.89 (projection 16)
[ok] amman_query_-iXxlTRmA5JphamcIjxBbA isotropic seed=1234 gain=15.561 max|d|=78.45 (no projection)
[ok] boston_query_-9gbUk-DmX9AOqntuN1nEm direction seed=1234 gain=2.769 max|d|=44.30 (projection 16)
[ok] boston_query_-9gbUk-DmX9AOqntuN1nEm isotropic seed=1234 gain=16.025 max|d|=70.73 (no projection)
[ok] cph_query_-4XnD9qE623teR-nRYxB5A direction seed=1234 gain=2.976 max|d|=47.61 (projection 16)
[ok] cph_query_-4XnD9qE623teR-nRYxB5A isotropic seed=1234 gain=17.604 max|d|=80.56 (no projection)
[ok] london_query_-Flts9XBA2wVlru8_LHbkg direction seed=1234 gain=3.291 max|d|=52.65 (projection 16)
[ok] london_query_-Flts9XBA2wVlru8_LHbkg isotropic seed=1234 gain=16.515 max|d|=74.79 (no projection)
[ok] manila_query_-85J_HceaTP2S0IavwkQ-A direction seed=1234 gain=3.023 max|d|=48.36 (projection 16)
[ok] manila_query_-85J_HceaTP2S0IavwkQ-A isotropic seed=1234 gain=15.364 max|d|=79.49 (no projection)
[ok] nairobi_query_0LJUobuUEqOqrZc4s2fVgg direction seed=1234 gain=3.372 max|d|=53.96 (projection 16)
[ok] nairobi_query_0LJUobuUEqOqrZc4s2fVgg isotropic seed=1234 gain=15.275 max|d|=75.82 (no projection)
[ok] toronto_query_-7C0G-8afrBbN3hImbBHsA direction seed=1234 gain=3.169 max|d|=50.71 (projection 16)
[ok] toronto_query_-7C0G-8afrBbN3hImbBHsA isotropic seed=1234 gain=15.573 max|d|=74.91 (no projection)
[ok] zurich_query_-Kb55YIF941j2DBFO5gVjA direction seed=1234 gain=2.973 max|d|=47.57 (projection 16)
[ok] zurich_query_-Kb55YIF941j2DBFO5gVjA isotropic seed=1234 gain=15.373 max|d|=68.42 (no projection)
[ok] amman_query_-qij8CFaEYNp4JW3rF9oqQ direction seed=1234 gain=3.028 max|d|=48.45 (projection 16)
[ok] amman_query_-qij8CFaEYNp4JW3rF9oqQ isotropic seed=1234 gain=15.745 max|d|=75.42 (no projection)
[ok] boston_query_-AJWNV55EAzvKArt5mMYqg direction seed=1234 gain=3.156 max|d|=50.50 (projection 16)
[ok] boston_query_-AJWNV55EAzvKArt5mMYqg isotropic seed=1234 gain=15.830 max|d|=71.92 (no projection)
[ok] cph_query_-5qSxgAnKk-6Bf5AVVoPjA direction seed=1234 gain=3.166 max|d|=50.65 (projection 16)
[ok] cph_query_-5qSxgAnKk-6Bf5AVVoPjA isotropic seed=1234 gain=16.118 max|d|=68.94 (no projection)
[ok] london_query_-HfvOD1d7XUGJoEMybpyqQ direction seed=1234 gain=2.810 max|d|=44.96 (projection 16)
[ok] london_query_-HfvOD1d7XUGJoEMybpyqQ isotropic seed=1234 gain=15.813 max|d|=69.66 (no projection)
[ok] manila_query_-9tG6ERjH4jVcWo9jkVvBg direction seed=1234 gain=2.837 max|d|=45.39 (projection 16)
[ok] manila_query_-9tG6ERjH4jVcWo9jkVvBg isotropic seed=1234 gain=15.917 max|d|=75.51 (no projection)
[ok] nairobi_query_0M1Vl3tUlt_2MiFp6vxhrg direction seed=1234 gain=3.276 max|d|=52.41 (projection 16)
[ok] nairobi_query_0M1Vl3tUlt_2MiFp6vxhrg isotropic seed=1234 gain=15.879 max|d|=80.59 (no projection)
[ok] toronto_query_-7bDZLvVOVk7ethfd1yomg direction seed=1234 gain=2.748 max|d|=43.97 (projection 16)
[ok] toronto_query_-7bDZLvVOVk7ethfd1yomg isotropic seed=1234 gain=15.965 max|d|=71.99 (no projection)
[ok] zurich_query_-Km53YFc8zewa3vS2OeGsQ direction seed=1234 gain=3.132 max|d|=50.12 (projection 16)
[ok] zurich_query_-Km53YFc8zewa3vS2OeGsQ isotropic seed=1234 gain=14.442 max|d|=70.99 (no projection)
[ok] amman_query_-t_-moqpBTWSiKU7mS-lgQ direction seed=1234 gain=3.221 max|d|=51.54 (projection 16)
[ok] amman_query_-t_-moqpBTWSiKU7mS-lgQ isotropic seed=1234 gain=15.624 max|d|=67.08 (no projection)
[ok] boston_query_-Ae9_7GnntvqV8myNb9fhv direction seed=1234 gain=3.123 max|d|=49.97 (projection 16)
[ok] boston_query_-Ae9_7GnntvqV8myNb9fhv isotropic seed=1234 gain=15.765 max|d|=73.99 (no projection)
[ok] cph_query_-8E-udXiyMJCRp_UkM4Kgw direction seed=1234 gain=3.076 max|d|=49.22 (projection 16)
[ok] cph_query_-8E-udXiyMJCRp_UkM4Kgw isotropic seed=1234 gain=15.877 max|d|=78.98 (no projection)
[ok] london_query_-Id3DdRqVbjIA39wjxbTgw direction seed=1234 gain=2.788 max|d|=44.61 (projection 16)
[ok] london_query_-Id3DdRqVbjIA39wjxbTgw isotropic seed=1234 gain=15.952 max|d|=81.80 (no projection)
[ok] manila_query_-AXkFLZ0HchDGYvJ_KZ3dQ direction seed=1234 gain=3.076 max|d|=49.21 (projection 16)
[ok] manila_query_-AXkFLZ0HchDGYvJ_KZ3dQ isotropic seed=1234 gain=15.831 max|d|=70.16 (no projection)
[ok] nairobi_query_0Oa1jUYlj8LE47HApYWufA direction seed=1234 gain=3.247 max|d|=51.95 (projection 16)
[ok] nairobi_query_0Oa1jUYlj8LE47HApYWufA isotropic seed=1234 gain=15.705 max|d|=71.63 (no projection)
[ok] toronto_query_-85n6JJLXmi04edt5JxhzQ direction seed=1234 gain=3.250 max|d|=52.00 (projection 16)
[ok] toronto_query_-85n6JJLXmi04edt5JxhzQ isotropic seed=1234 gain=15.748 max|d|=75.58 (no projection)
[ok] zurich_query_-M0Q1_7lg_TKGT2-mllw4w direction seed=1234 gain=3.364 max|d|=53.82 (projection 16)
[ok] zurich_query_-M0Q1_7lg_TKGT2-mllw4w isotropic seed=1234 gain=14.063 max|d|=72.50 (no projection)
[ok] amman_query_0-2jyV8XAzdAOYMkdyQVLw direction seed=1234 gain=3.044 max|d|=48.71 (projection 16)
[ok] amman_query_0-2jyV8XAzdAOYMkdyQVLw isotropic seed=1234 gain=15.671 max|d|=73.09 (no projection)
[ok] boston_query_-BE36-GG_yM6YS57M_uMTQ direction seed=1234 gain=3.298 max|d|=52.76 (projection 16)
[ok] boston_query_-BE36-GG_yM6YS57M_uMTQ isotropic seed=1234 gain=16.274 max|d|=72.91 (no projection)
[ok] cph_query_-9WYlFp61M1J1zV1mJD4uA direction seed=1234 gain=3.289 max|d|=52.63 (projection 16)
[ok] cph_query_-9WYlFp61M1J1zV1mJD4uA isotropic seed=1234 gain=16.094 max|d|=72.97 (no projection)
[ok] london_query_-OOGG8lTvgHHqp3iuULlyQ direction seed=1234 gain=2.824 max|d|=45.18 (projection 16)
[ok] london_query_-OOGG8lTvgHHqp3iuULlyQ isotropic seed=1234 gain=15.631 max|d|=72.00 (no projection)
[ok] manila_query_-ColYSDtqqoE3TZ4eZHu8g direction seed=1234 gain=2.986 max|d|=47.77 (projection 16)
[ok] manila_query_-ColYSDtqqoE3TZ4eZHu8g isotropic seed=1234 gain=15.690 max|d|=71.00 (no projection)
[ok] nairobi_query_0R73ChZbcyJ8Z4vBaef_Jw direction seed=1234 gain=3.344 max|d|=53.50 (projection 16)
[ok] nairobi_query_0R73ChZbcyJ8Z4vBaef_Jw isotropic seed=1234 gain=16.276 max|d|=74.33 (no projection)
[ok] toronto_query_-8BknWmZh2lEnEeect73Ww direction seed=1234 gain=2.780 max|d|=44.48 (projection 16)
[ok] toronto_query_-8BknWmZh2lEnEeect73Ww isotropic seed=1234 gain=15.814 max|d|=78.19 (no projection)
[ok] zurich_query_-TxHEY5xnZFgfnHO3ygjzw direction seed=1234 gain=3.217 max|d|=51.48 (projection 16)
[ok] zurich_query_-TxHEY5xnZFgfnHO3ygjzw isotropic seed=1234 gain=15.254 max|d|=66.48 (no projection)
[ok] amman_query_051WRvR5gI1vde606oseFw direction seed=1234 gain=3.203 max|d|=51.24 (projection 16)
[ok] amman_query_051WRvR5gI1vde606oseFw isotropic seed=1234 gain=15.661 max|d|=74.63 (no projection)
[ok] boston_query_-CNeDzWqfei0F-1CmA8N9A direction seed=1234 gain=2.882 max|d|=46.10 (projection 16)
[ok] boston_query_-CNeDzWqfei0F-1CmA8N9A isotropic seed=1234 gain=15.614 max|d|=77.99 (no projection)
[ok] cph_query_-9ZOGirqZl2EVYWN1WLERg direction seed=1234 gain=3.174 max|d|=50.79 (projection 16)
[ok] cph_query_-9ZOGirqZl2EVYWN1WLERg isotropic seed=1234 gain=14.675 max|d|=65.49 (no projection)
[ok] london_query_-TmVvxY52h9CjrIUzBbCgw direction seed=1234 gain=3.110 max|d|=49.76 (projection 16)
[ok] london_query_-TmVvxY52h9CjrIUzBbCgw isotropic seed=1234 gain=16.008 max|d|=68.05 (no projection)
[ok] manila_query_-ELxcda6ePiuO6nR3VP3-A direction seed=1234 gain=2.806 max|d|=44.89 (projection 16)
[ok] manila_query_-ELxcda6ePiuO6nR3VP3-A isotropic seed=1234 gain=16.491 max|d|=74.05 (no projection)
[ok] nairobi_query_0TzVtw0twyRTMFGP-VzE8A direction seed=1234 gain=3.283 max|d|=52.52 (projection 16)
[ok] nairobi_query_0TzVtw0twyRTMFGP-VzE8A isotropic seed=1234 gain=16.152 max|d|=75.17 (no projection)
[ok] toronto_query_-8NbZpIbjwqAXwoRMmYddg direction seed=1234 gain=3.046 max|d|=48.73 (projection 16)
[ok] toronto_query_-8NbZpIbjwqAXwoRMmYddg isotropic seed=1234 gain=15.530 max|d|=71.59 (no projection)
[ok] zurich_query_-Vs9xzO47S-0Cfs9o81wvQ direction seed=1234 gain=2.966 max|d|=47.46 (projection 16)
[ok] zurich_query_-Vs9xzO47S-0Cfs9o81wvQ isotropic seed=1234 gain=16.037 max|d|=75.37 (no projection)
[ok] amman_query_0CjrhmzpvqXBOIBsGB6LcQ direction seed=1234 gain=3.178 max|d|=50.85 (projection 16)
[ok] amman_query_0CjrhmzpvqXBOIBsGB6LcQ isotropic seed=1234 gain=15.735 max|d|=73.32 (no projection)
[ok] boston_query_-D-onyWSIw3M1SbsxL7X-g direction seed=1234 gain=2.917 max|d|=46.67 (projection 16)
[ok] boston_query_-D-onyWSIw3M1SbsxL7X-g isotropic seed=1234 gain=15.052 max|d|=68.62 (no projection)
[ok] cph_query_-AowxxrsOr_xM02-ZyrQ5A direction seed=1234 gain=3.013 max|d|=48.21 (projection 16)
[ok] cph_query_-AowxxrsOr_xM02-ZyrQ5A isotropic seed=1234 gain=15.829 max|d|=77.36 (no projection)
[ok] london_query_-UeH_UbGnPshWdeEEYfhyQ direction seed=1234 gain=3.303 max|d|=52.85 (projection 16)
[ok] london_query_-UeH_UbGnPshWdeEEYfhyQ isotropic seed=1234 gain=16.568 max|d|=83.41 (no projection)
[ok] manila_query_-EVOy4h35ZUyBK4r6uBM5g direction seed=1234 gain=3.324 max|d|=53.19 (projection 16)
[ok] manila_query_-EVOy4h35ZUyBK4r6uBM5g isotropic seed=1234 gain=16.155 max|d|=69.18 (no projection)
[ok] nairobi_query_0YY7sOJF2Kr1PfPB1KidBg direction seed=1234 gain=3.345 max|d|=53.52 (projection 16)
[ok] nairobi_query_0YY7sOJF2Kr1PfPB1KidBg isotropic seed=1234 gain=15.533 max|d|=70.53 (no projection)
[ok] toronto_query_-8Q-Otkctyr1cXAnmn2BEw direction seed=1234 gain=3.018 max|d|=48.29 (projection 16)
[ok] toronto_query_-8Q-Otkctyr1cXAnmn2BEw isotropic seed=1234 gain=14.489 max|d|=69.54 (no projection)
[ok] zurich_query_-ZAb7eYhYeo1yW06_paa_g direction seed=1234 gain=3.030 max|d|=48.48 (projection 16)
[ok] zurich_query_-ZAb7eYhYeo1yW06_paa_g isotropic seed=1234 gain=16.033 max|d|=72.81 (no projection)
[ok] amman_query_0IvHKlYEfFEP39KRxr9UZg direction seed=1234 gain=2.900 max|d|=46.40 (projection 16)
[ok] amman_query_0IvHKlYEfFEP39KRxr9UZg isotropic seed=1234 gain=15.673 max|d|=71.78 (no projection)
[ok] boston_query_-DYvemYiNwx_BmPSrlUWIA direction seed=1234 gain=3.112 max|d|=49.79 (projection 16)
[ok] boston_query_-DYvemYiNwx_BmPSrlUWIA isotropic seed=1234 gain=15.844 max|d|=68.78 (no projection)
[ok] cph_query_-BH_JCTriNnLeoSt0e51lQ direction seed=1234 gain=3.320 max|d|=53.12 (projection 16)
[ok] cph_query_-BH_JCTriNnLeoSt0e51lQ isotropic seed=1234 gain=15.767 max|d|=71.68 (no projection)
[ok] london_query_-WUdEGuLIX2B2T8rBV0Rgw direction seed=1234 gain=2.983 max|d|=47.73 (projection 16)
[ok] london_query_-WUdEGuLIX2B2T8rBV0Rgw isotropic seed=1234 gain=16.012 max|d|=76.53 (no projection)
[ok] manila_query_-EthLwRJMwt-Shb-xpIYlA direction seed=1234 gain=3.007 max|d|=48.11 (projection 16)
[ok] manila_query_-EthLwRJMwt-Shb-xpIYlA isotropic seed=1234 gain=16.338 max|d|=85.12 (no projection)
[ok] nairobi_query_0jIUlQnC_o05NHi_OMD_vg direction seed=1234 gain=3.178 max|d|=50.84 (projection 16)
[ok] nairobi_query_0jIUlQnC_o05NHi_OMD_vg isotropic seed=1234 gain=16.432 max|d|=73.64 (no projection)
[ok] toronto_query_-8imnyri_5yPaHzqoBtiSg direction seed=1234 gain=3.087 max|d|=49.39 (projection 16)
[ok] toronto_query_-8imnyri_5yPaHzqoBtiSg isotropic seed=1234 gain=15.711 max|d|=70.38 (no projection)
[ok] zurich_query_-_SB4ERKdFDYkwavdkk6NA direction seed=1234 gain=3.018 max|d|=48.28 (projection 16)
[ok] zurich_query_-_SB4ERKdFDYkwavdkk6NA isotropic seed=1234 gain=15.936 max|d|=70.64 (no projection)
[ok] amman_query_0NfGsYmI9MkLl0JzfO-tJg direction seed=1234 gain=3.150 max|d|=50.40 (projection 16)
[ok] amman_query_0NfGsYmI9MkLl0JzfO-tJg isotropic seed=1234 gain=15.711 max|d|=67.29 (no projection)
[ok] boston_query_-DZ2jmUKLylFospVHUJx9w direction seed=1234 gain=3.165 max|d|=50.63 (projection 16)
[ok] boston_query_-DZ2jmUKLylFospVHUJx9w isotropic seed=1234 gain=15.874 max|d|=73.06 (no projection)
[ok] cph_query_-CmhgNHgZVau1Sw841AZJw direction seed=1234 gain=3.201 max|d|=51.22 (projection 16)
[ok] cph_query_-CmhgNHgZVau1Sw841AZJw isotropic seed=1234 gain=15.851 max|d|=72.84 (no projection)
[ok] london_query_-WZeEq0W1pr6VJS4t3dR0g direction seed=1234 gain=3.101 max|d|=49.62 (projection 16)
[ok] london_query_-WZeEq0W1pr6VJS4t3dR0g isotropic seed=1234 gain=16.333 max|d|=88.44 (no projection)
[ok] manila_query_-GD9SrklFbEy7mNAK9uIXg direction seed=1234 gain=3.208 max|d|=51.33 (projection 16)
[ok] manila_query_-GD9SrklFbEy7mNAK9uIXg isotropic seed=1234 gain=15.752 max|d|=73.30 (no projection)
[ok] nairobi_query_0o5iaNnZzqS9cqJ1tMT85g direction seed=1234 gain=2.937 max|d|=46.99 (projection 16)
[ok] nairobi_query_0o5iaNnZzqS9cqJ1tMT85g isotropic seed=1234 gain=12.871 max|d|=70.33 (no projection)
[ok] toronto_query_-8zrNMH6voa2ZtBaGNpoYQ direction seed=1234 gain=3.128 max|d|=50.05 (projection 16)
[ok] toronto_query_-8zrNMH6voa2ZtBaGNpoYQ isotropic seed=1234 gain=15.936 max|d|=71.68 (no projection)
[ok] zurich_query_-bwmsEYfSnHpjkqrw0Vn6g direction seed=1234 gain=3.098 max|d|=49.57 (projection 16)
[ok] zurich_query_-bwmsEYfSnHpjkqrw0Vn6g isotropic seed=1234 gain=16.115 max|d|=74.75 (no projection)
[ok] amman_query_0PLHged3iWJuuv8xOPB5rA direction seed=1234 gain=3.129 max|d|=50.06 (projection 16)
[ok] amman_query_0PLHged3iWJuuv8xOPB5rA isotropic seed=1234 gain=15.681 max|d|=71.89 (no projection)
[ok] boston_query_-EHBZ4-3d6vENYYFm7mWEw direction seed=1234 gain=3.270 max|d|=52.32 (projection 16)
[ok] boston_query_-EHBZ4-3d6vENYYFm7mWEw isotropic seed=1234 gain=15.559 max|d|=65.57 (no projection)
[ok] cph_query_-CrgHhqoywCPgzsSAabnsw direction seed=1234 gain=3.219 max|d|=51.50 (projection 16)
[ok] cph_query_-CrgHhqoywCPgzsSAabnsw isotropic seed=1234 gain=15.695 max|d|=68.92 (no projection)
[ok] london_query_-WyzcGh-_EYVhI50Y9F08Q direction seed=1234 gain=3.184 max|d|=50.95 (projection 16)
[ok] london_query_-WyzcGh-_EYVhI50Y9F08Q isotropic seed=1234 gain=16.461 max|d|=72.16 (no projection)
[ok] manila_query_-GRDcYlSjwLZPQ0LqKatqA direction seed=1234 gain=3.059 max|d|=48.94 (projection 16)
[ok] manila_query_-GRDcYlSjwLZPQ0LqKatqA isotropic seed=1234 gain=15.625 max|d|=70.47 (no projection)
[ok] nairobi_query_0u9pYEI4g20T0TGGb3Q_mw direction seed=1234 gain=3.200 max|d|=51.20 (projection 16)
[ok] nairobi_query_0u9pYEI4g20T0TGGb3Q_mw isotropic seed=1234 gain=13.903 max|d|=68.97 (no projection)
[ok] toronto_query_-90qYles5GKU3ikhCYP3xg direction seed=1234 gain=2.998 max|d|=47.97 (projection 16)
[ok] toronto_query_-90qYles5GKU3ikhCYP3xg isotropic seed=1234 gain=15.462 max|d|=72.61 (no projection)
[ok] zurich_query_-ckZ0rXdz4mibIinNjdoZQ direction seed=1234 gain=3.229 max|d|=51.67 (projection 16)
[ok] zurich_query_-ckZ0rXdz4mibIinNjdoZQ isotropic seed=1234 gain=15.077 max|d|=71.74 (no projection)
[ok] amman_query_0R0A_PhOAjP-uMDPM7p7mA direction seed=1234 gain=2.957 max|d|=47.31 (projection 16)
[ok] amman_query_0R0A_PhOAjP-uMDPM7p7mA isotropic seed=1234 gain=15.769 max|d|=73.43 (no projection)
[ok] boston_query_-F1y-kaybMQbp8p7UR03TA direction seed=1234 gain=2.963 max|d|=47.41 (projection 16)
[ok] boston_query_-F1y-kaybMQbp8p7UR03TA isotropic seed=1234 gain=15.003 max|d|=74.49 (no projection)
[ok] cph_query_-EJZ9qR_FRIGfCF6DhQCJg direction seed=1234 gain=2.874 max|d|=45.98 (projection 16)
[ok] cph_query_-EJZ9qR_FRIGfCF6DhQCJg isotropic seed=1234 gain=15.705 max|d|=74.10 (no projection)
[ok] london_query_-XIh6yuegk86oURAbggPpw direction seed=1234 gain=2.800 max|d|=44.79 (projection 16)
[ok] london_query_-XIh6yuegk86oURAbggPpw isotropic seed=1234 gain=15.646 max|d|=72.12 (no projection)
[ok] manila_query_-GYvqZ8BYSfzGUbFI13obA direction seed=1234 gain=3.222 max|d|=51.55 (projection 16)
[ok] manila_query_-GYvqZ8BYSfzGUbFI13obA isotropic seed=1234 gain=16.470 max|d|=71.88 (no projection)
[ok] nairobi_query_16KxNH7RD-4ITdBTZKvAXw direction seed=1234 gain=3.350 max|d|=53.61 (projection 16)
[ok] nairobi_query_16KxNH7RD-4ITdBTZKvAXw isotropic seed=1234 gain=16.189 max|d|=75.93 (no projection)
[ok] toronto_query_-95Ypw11XUgNqZdY5m4GCw direction seed=1234 gain=3.194 max|d|=51.10 (projection 16)
[ok] toronto_query_-95Ypw11XUgNqZdY5m4GCw isotropic seed=1234 gain=16.037 max|d|=73.17 (no projection)
[ok] zurich_query_-fOHAPAq-KX4XPlg0JJPvg direction seed=1234 gain=3.006 max|d|=48.10 (projection 16)
[ok] zurich_query_-fOHAPAq-KX4XPlg0JJPvg isotropic seed=1234 gain=16.615 max|d|=75.77 (no projection)
[ok] amman_query_0RRGZCCzxqj8dJzhN-RnQQ direction seed=1234 gain=3.000 max|d|=47.99 (projection 16)
[ok] amman_query_0RRGZCCzxqj8dJzhN-RnQQ isotropic seed=1234 gain=15.816 max|d|=72.55 (no projection)
[ok] boston_query_-GJo3fVMwIWZoCYgf09NLQ direction seed=1234 gain=2.998 max|d|=47.97 (projection 16)
[ok] boston_query_-GJo3fVMwIWZoCYgf09NLQ isotropic seed=1234 gain=15.730 max|d|=71.08 (no projection)
[ok] cph_query_-Eb1W6216G9S88OFy95k4Q direction seed=1234 gain=2.755 max|d|=44.09 (projection 16)
[ok] cph_query_-Eb1W6216G9S88OFy95k4Q isotropic seed=1234 gain=15.522 max|d|=68.40 (no projection)
[ok] london_query_-XZRTRoj7LEefbZ7UDBzXg direction seed=1234 gain=2.910 max|d|=46.57 (projection 16)
[ok] london_query_-XZRTRoj7LEefbZ7UDBzXg isotropic seed=1234 gain=16.021 max|d|=70.42 (no projection)
[ok] manila_query_-HF88JWAO1GDy0F6B4ZeZg direction seed=1234 gain=3.162 max|d|=50.60 (projection 16)
[ok] manila_query_-HF88JWAO1GDy0F6B4ZeZg isotropic seed=1234 gain=15.216 max|d|=74.45 (no projection)
[ok] nairobi_query_183WoPTmmjfRAAmVLL6TDw direction seed=1234 gain=3.261 max|d|=52.18 (projection 16)
[ok] nairobi_query_183WoPTmmjfRAAmVLL6TDw isotropic seed=1234 gain=15.661 max|d|=66.15 (no projection)
[ok] toronto_query_-9p2_cESNINnXfab4o-dKQ direction seed=1234 gain=3.040 max|d|=48.65 (projection 16)
[ok] toronto_query_-9p2_cESNINnXfab4o-dKQ isotropic seed=1234 gain=15.833 max|d|=89.40 (no projection)
[ok] zurich_query_-iln48QPRjkI40nJSzd6lg direction seed=1234 gain=3.007 max|d|=48.12 (projection 16)
[ok] zurich_query_-iln48QPRjkI40nJSzd6lg isotropic seed=1234 gain=15.865 max|d|=74.13 (no projection)
[ok] amman_query_0fPb7in-cHyh0MAM_N6Zwg direction seed=1234 gain=2.929 max|d|=46.87 (projection 16)
[ok] amman_query_0fPb7in-cHyh0MAM_N6Zwg isotropic seed=1234 gain=14.506 max|d|=71.32 (no projection)
[ok] boston_query_-HufF4iDO00S4hZK96hUyw direction seed=1234 gain=3.027 max|d|=48.43 (projection 16)
[ok] boston_query_-HufF4iDO00S4hZK96hUyw isotropic seed=1234 gain=14.719 max|d|=71.75 (no projection)
[ok] cph_query_-Efn_mUBXLqGWGzUw3Youw direction seed=1234 gain=2.971 max|d|=47.54 (projection 16)
[ok] cph_query_-Efn_mUBXLqGWGzUw3Youw isotropic seed=1234 gain=15.824 max|d|=74.38 (no projection)
[ok] london_query_-b5BCVv9Qd6OhZGxpoqS5A direction seed=1234 gain=2.893 max|d|=46.29 (projection 16)
[ok] london_query_-b5BCVv9Qd6OhZGxpoqS5A isotropic seed=1234 gain=16.285 max|d|=78.74 (no projection)
[ok] manila_query_-KU1q5fdqSI_GghxKumbeg direction seed=1234 gain=2.933 max|d|=46.93 (projection 16)
[ok] manila_query_-KU1q5fdqSI_GghxKumbeg isotropic seed=1234 gain=16.220 max|d|=75.25 (no projection)
[ok] nairobi_query_19K8RILgg4ErFKJ9l5D9zQ direction seed=1234 gain=3.438 max|d|=55.01 (projection 16)
[ok] nairobi_query_19K8RILgg4ErFKJ9l5D9zQ isotropic seed=1234 gain=15.620 max|d|=70.42 (no projection)
[ok] toronto_query_-Af6Q3npKjccLu7TwYvlsQ direction seed=1234 gain=3.169 max|d|=50.70 (projection 16)
[ok] toronto_query_-Af6Q3npKjccLu7TwYvlsQ isotropic seed=1234 gain=15.587 max|d|=66.63 (no projection)
[ok] zurich_query_-ldtR3_I7eHdDGYU5BNczg direction seed=1234 gain=2.781 max|d|=44.50 (projection 16)
[ok] zurich_query_-ldtR3_I7eHdDGYU5BNczg isotropic seed=1234 gain=14.245 max|d|=68.81 (no projection)
[ok] amman_query_0mtodUgJmOV4UK-0AiTGHg direction seed=1234 gain=2.994 max|d|=47.91 (projection 16)
[ok] amman_query_0mtodUgJmOV4UK-0AiTGHg isotropic seed=1234 gain=15.875 max|d|=71.84 (no projection)
[ok] boston_query_-IYAXZ4yoOS7SzEIu2m-me direction seed=1234 gain=3.255 max|d|=52.08 (projection 16)
[ok] boston_query_-IYAXZ4yoOS7SzEIu2m-me isotropic seed=1234 gain=15.687 max|d|=77.07 (no projection)
[ok] cph_query_-F5w8wQO0CU26PCfOqANzA direction seed=1234 gain=2.946 max|d|=47.14 (projection 16)
[ok] cph_query_-F5w8wQO0CU26PCfOqANzA isotropic seed=1234 gain=16.010 max|d|=75.52 (no projection)
[ok] london_query_-c-T7aulp9a5g-J9zYbYiQ direction seed=1234 gain=3.209 max|d|=51.34 (projection 16)
[ok] london_query_-c-T7aulp9a5g-J9zYbYiQ isotropic seed=1234 gain=16.599 max|d|=71.91 (no projection)
[ok] manila_query_-KoSUCrB2w1FscwO9vyRlw direction seed=1234 gain=2.758 max|d|=44.13 (projection 16)
[ok] manila_query_-KoSUCrB2w1FscwO9vyRlw isotropic seed=1234 gain=13.542 max|d|=70.58 (no projection)
[ok] nairobi_query_1J7o8IGEriKnTs-ay8aPNQ direction seed=1234 gain=3.440 max|d|=55.04 (projection 16)
[ok] nairobi_query_1J7o8IGEriKnTs-ay8aPNQ isotropic seed=1234 gain=16.323 max|d|=74.55 (no projection)
[ok] toronto_query_-AlgHQUWzDPe9bpb8ZAzSA direction seed=1234 gain=3.222 max|d|=51.55 (projection 16)
[ok] toronto_query_-AlgHQUWzDPe9bpb8ZAzSA isotropic seed=1234 gain=16.410 max|d|=75.96 (no projection)
[ok] zurich_query_-m5K41q4X0r8qu_XnaYlIg direction seed=1234 gain=3.013 max|d|=48.21 (projection 16)
[ok] zurich_query_-m5K41q4X0r8qu_XnaYlIg isotropic seed=1234 gain=16.293 max|d|=76.20 (no projection)
[ok] amman_query_0rJM3ZzX3JzTTpl0GCia8w direction seed=1234 gain=3.481 max|d|=55.69 (projection 16)
[ok] amman_query_0rJM3ZzX3JzTTpl0GCia8w isotropic seed=1234 gain=15.385 max|d|=72.44 (no projection)
[ok] boston_query_-Jix8HM-vXTXdWrXQwVvQw direction seed=1234 gain=3.142 max|d|=50.28 (projection 16)
[ok] boston_query_-Jix8HM-vXTXdWrXQwVvQw isotropic seed=1234 gain=16.135 max|d|=75.04 (no projection)
[ok] cph_query_-FLAkBWjfrY2RcqaQ-LgmQ direction seed=1234 gain=3.016 max|d|=48.26 (projection 16)
[ok] cph_query_-FLAkBWjfrY2RcqaQ-LgmQ isotropic seed=1234 gain=13.866 max|d|=70.76 (no projection)
[ok] london_query_-cAVonhAOLeSK7tfil0ceg direction seed=1234 gain=3.045 max|d|=48.71 (projection 16)
[ok] london_query_-cAVonhAOLeSK7tfil0ceg isotropic seed=1234 gain=16.292 max|d|=71.26 (no projection)
[ok] manila_query_-LBCdeO8C8kj5IjX1m3XTA direction seed=1234 gain=2.679 max|d|=42.86 (projection 16)
[ok] manila_query_-LBCdeO8C8kj5IjX1m3XTA isotropic seed=1234 gain=15.939 max|d|=69.51 (no projection)
[ok] nairobi_query_1YjlKCdHNgoQBY8yOFqlmw direction seed=1234 gain=3.427 max|d|=54.84 (projection 16)
[ok] nairobi_query_1YjlKCdHNgoQBY8yOFqlmw isotropic seed=1234 gain=15.633 max|d|=75.47 (no projection)
[ok] toronto_query_-B-3B3MjxX0UdrDIo-8kmA direction seed=1234 gain=2.864 max|d|=45.82 (projection 16)
[ok] toronto_query_-B-3B3MjxX0UdrDIo-8kmA isotropic seed=1234 gain=16.018 max|d|=79.96 (no projection)
[ok] zurich_query_-nhCCSRwlsxqJsUbzqZvCQ direction seed=1234 gain=2.803 max|d|=44.85 (projection 16)
[ok] zurich_query_-nhCCSRwlsxqJsUbzqZvCQ isotropic seed=1234 gain=15.667 max|d|=77.33 (no projection)
[ok] amman_query_12LbsAl_T_jgw2JHgbR5ng direction seed=1234 gain=3.055 max|d|=48.88 (projection 16)
[ok] amman_query_12LbsAl_T_jgw2JHgbR5ng isotropic seed=1234 gain=15.438 max|d|=67.54 (no projection)
[ok] boston_query_-Jv7RF27BSJIV-gqOI7KxZ direction seed=1234 gain=3.139 max|d|=50.23 (projection 16)
[ok] boston_query_-Jv7RF27BSJIV-gqOI7KxZ isotropic seed=1234 gain=15.362 max|d|=78.81 (no projection)
[ok] cph_query_-GVbOpzggFXAot0UyKhx2g direction seed=1234 gain=3.066 max|d|=49.05 (projection 16)
[ok] cph_query_-GVbOpzggFXAot0UyKhx2g isotropic seed=1234 gain=15.670 max|d|=73.18 (no projection)
[ok] london_query_-dHWRapn57-l_kynPnun3Q direction seed=1234 gain=2.915 max|d|=46.64 (projection 16)
[ok] london_query_-dHWRapn57-l_kynPnun3Q isotropic seed=1234 gain=13.878 max|d|=67.18 (no projection)
[ok] manila_query_-MH02w7P6jmmqnoUdL-55Q direction seed=1234 gain=3.077 max|d|=49.23 (projection 16)
[ok] manila_query_-MH02w7P6jmmqnoUdL-55Q isotropic seed=1234 gain=16.177 max|d|=73.82 (no projection)
[ok] nairobi_query_1Z__CFelPzXEI1IEu_8QJw direction seed=1234 gain=3.089 max|d|=49.43 (projection 16)
[ok] nairobi_query_1Z__CFelPzXEI1IEu_8QJw isotropic seed=1234 gain=16.052 max|d|=70.82 (no projection)
[ok] toronto_query_-B136fRwqMBMXoc03yy-PQ direction seed=1234 gain=2.830 max|d|=45.27 (projection 16)
[ok] toronto_query_-B136fRwqMBMXoc03yy-PQ isotropic seed=1234 gain=12.920 max|d|=74.34 (no projection)
[ok] zurich_query_-tYWpAACOq7RfVvZJ-BAcQ direction seed=1234 gain=3.059 max|d|=48.95 (projection 16)
[ok] zurich_query_-tYWpAACOq7RfVvZJ-BAcQ isotropic seed=1234 gain=15.564 max|d|=72.65 (no projection)
[done] wrote src/outputs/tifs_a8_hi/serialized_release.csv
