seed=0 nuis=1.0 clip=none     isotropic      uniform: top1=0.7638 (clean 0.8013) delivered=125.4
seed=0 nuis=1.0 clip=none     isotropic       oracle: top1=0.2425 (clean 0.7775) delivered=125.4
seed=0 nuis=1.0 clip=none     isotropic  anti_oracle: top1=0.7900 (clean 0.7850) delivered=125.4
seed=0 nuis=1.0 clip=none     isotropic       random: top1=0.7600 (clean 0.7937) delivered=125.4
seed=0 nuis=1.0 clip=none    correlated      uniform: top1=0.7788 (clean 0.8113) delivered=125.4
seed=0 nuis=1.0 clip=none    correlated       oracle: top1=0.2387 (clean 0.7850) delivered=125.4
seed=0 nuis=1.0 clip=none    correlated  anti_oracle: top1=0.8137 (clean 0.8150) delivered=125.4
seed=0 nuis=1.0 clip=none    correlated       random: top1=0.7812 (clean 0.8087) delivered=125.4
seed=0 nuis=1.0 clip=none   sign_random      uniform: top1=0.7900 (clean 0.8275) delivered=125.4
seed=0 nuis=1.0 clip=none   sign_random       oracle: top1=0.1613 (clean 0.8000) delivered=125.4
seed=0 nuis=1.0 clip=none   sign_random  anti_oracle: top1=0.8050 (clean 0.8087) delivered=125.4
seed=0 nuis=1.0 clip=none   sign_random       random: top1=0.7638 (clean 0.7800) delivered=125.4
seed=0 nuis=1.0 clip=none  sign_aligned      uniform: top1=0.0013 (clean 0.7712) delivered=125.4
seed=0 nuis=1.0 clip=none  sign_aligned       oracle: top1=0.0000 (clean 0.8250) delivered=125.4
seed=0 nuis=1.0 clip=none  sign_aligned  anti_oracle: top1=0.1875 (clean 0.7850) delivered=125.4
seed=0 nuis=1.0 clip=none  sign_aligned       random: top1=0.0013 (clean 0.8025) delivered=125.4
seed=0 nuis=1.0 clip=2     isotropic      uniform: top1=0.6987 (clean 0.7675) delivered=219.5
seed=0 nuis=1.0 clip=2     isotropic       oracle: top1=0.3500 (clean 0.8150) delivered=200.2
seed=0 nuis=1.0 clip=2     isotropic  anti_oracle: top1=0.7750 (clean 0.8163) delivered=210.7
seed=0 nuis=1.0 clip=2     isotropic       random: top1=0.7475 (clean 0.8125) delivered=218.0
seed=0 nuis=1.0 clip=2    correlated      uniform: top1=0.7125 (clean 0.7738) delivered=219.1
seed=0 nuis=1.0 clip=2    correlated       oracle: top1=0.3312 (clean 0.7850) delivered=199.7
seed=0 nuis=1.0 clip=2    correlated  anti_oracle: top1=0.7675 (clean 0.8037) delivered=210.8
seed=0 nuis=1.0 clip=2    correlated       random: top1=0.7100 (clean 0.7950) delivered=218.3
seed=0 nuis=1.0 clip=2   sign_random      uniform: top1=0.7275 (clean 0.8000) delivered=221.3
seed=0 nuis=1.0 clip=2   sign_random       oracle: top1=0.2300 (clean 0.7900) delivered=208.0
seed=0 nuis=1.0 clip=2   sign_random  anti_oracle: top1=0.7625 (clean 0.8013) delivered=217.7
seed=0 nuis=1.0 clip=2   sign_random       random: top1=0.7188 (clean 0.7937) delivered=221.2
seed=0 nuis=1.0 clip=2  sign_aligned      uniform: top1=0.0000 (clean 0.8300) delivered=221.1
seed=0 nuis=1.0 clip=2  sign_aligned       oracle: top1=0.0000 (clean 0.7937) delivered=206.2
seed=0 nuis=1.0 clip=2  sign_aligned  anti_oracle: top1=0.1812 (clean 0.7850) delivered=217.7
seed=0 nuis=1.0 clip=2  sign_aligned       random: top1=0.0013 (clean 0.7987) delivered=220.8
seed=1 nuis=1.0 clip=none     isotropic      uniform: top1=0.8512 (clean 0.8875) delivered=125.4
seed=1 nuis=1.0 clip=none     isotropic       oracle: top1=0.4387 (clean 0.8962) delivered=125.4
seed=1 nuis=1.0 clip=none     isotropic  anti_oracle: top1=0.8762 (clean 0.8775) delivered=125.4
seed=1 nuis=1.0 clip=none     isotropic       random: top1=0.8662 (clean 0.8900) delivered=125.4
seed=1 nuis=1.0 clip=none    correlated      uniform: top1=0.8425 (clean 0.8775) delivered=125.4
seed=1 nuis=1.0 clip=none    correlated       oracle: top1=0.4963 (clean 0.8850) delivered=125.4
seed=1 nuis=1.0 clip=none    correlated  anti_oracle: top1=0.8988 (clean 0.9000) delivered=125.4
seed=1 nuis=1.0 clip=none    correlated       random: top1=0.8475 (clean 0.8725) delivered=125.4
seed=1 nuis=1.0 clip=none   sign_random      uniform: top1=0.8812 (clean 0.9000) delivered=125.4
seed=1 nuis=1.0 clip=none   sign_random       oracle: top1=0.3937 (clean 0.9025) delivered=125.4
seed=1 nuis=1.0 clip=none   sign_random  anti_oracle: top1=0.8838 (clean 0.8825) delivered=125.4
seed=1 nuis=1.0 clip=none   sign_random       random: top1=0.8500 (clean 0.8962) delivered=125.4
seed=1 nuis=1.0 clip=none  sign_aligned      uniform: top1=0.0000 (clean 0.8962) delivered=125.4
seed=1 nuis=1.0 clip=none  sign_aligned       oracle: top1=0.0000 (clean 0.9100) delivered=125.4
seed=1 nuis=1.0 clip=none  sign_aligned  anti_oracle: top1=0.5212 (clean 0.8912) delivered=125.4
seed=1 nuis=1.0 clip=none  sign_aligned       random: top1=0.0000 (clean 0.8912) delivered=125.4
seed=1 nuis=1.0 clip=2     isotropic      uniform: top1=0.8387 (clean 0.8962) delivered=219.4
seed=1 nuis=1.0 clip=2     isotropic       oracle: top1=0.5363 (clean 0.8850) delivered=204.0
seed=1 nuis=1.0 clip=2     isotropic  anti_oracle: top1=0.8662 (clean 0.8888) delivered=198.1
seed=1 nuis=1.0 clip=2     isotropic       random: top1=0.8325 (clean 0.9025) delivered=218.5
seed=1 nuis=1.0 clip=2    correlated      uniform: top1=0.8337 (clean 0.8988) delivered=220.3
seed=1 nuis=1.0 clip=2    correlated       oracle: top1=0.5450 (clean 0.8750) delivered=204.4
seed=1 nuis=1.0 clip=2    correlated  anti_oracle: top1=0.8700 (clean 0.8950) delivered=198.1
seed=1 nuis=1.0 clip=2    correlated       random: top1=0.8500 (clean 0.9038) delivered=217.3
seed=1 nuis=1.0 clip=2   sign_random      uniform: top1=0.8500 (clean 0.8950) delivered=221.7
seed=1 nuis=1.0 clip=2   sign_random       oracle: top1=0.4662 (clean 0.8850) delivered=212.2
seed=1 nuis=1.0 clip=2   sign_random  anti_oracle: top1=0.8662 (clean 0.9000) delivered=205.4
seed=1 nuis=1.0 clip=2   sign_random       random: top1=0.8287 (clean 0.8850) delivered=220.5
seed=1 nuis=1.0 clip=2  sign_aligned      uniform: top1=0.0000 (clean 0.8900) delivered=222.2
seed=1 nuis=1.0 clip=2  sign_aligned       oracle: top1=0.0000 (clean 0.8862) delivered=211.3
seed=1 nuis=1.0 clip=2  sign_aligned  anti_oracle: top1=0.4475 (clean 0.8925) delivered=205.3
seed=1 nuis=1.0 clip=2  sign_aligned       random: top1=0.0088 (clean 0.8662) delivered=220.7
seed=2 nuis=1.0 clip=none     isotropic      uniform: top1=0.8812 (clean 0.9062) delivered=125.4
seed=2 nuis=1.0 clip=none     isotropic       oracle: top1=0.5288 (clean 0.9000) delivered=125.4
seed=2 nuis=1.0 clip=none     isotropic  anti_oracle: top1=0.9125 (clean 0.9150) delivered=125.4
seed=2 nuis=1.0 clip=none     isotropic       random: top1=0.9075 (clean 0.9287) delivered=125.4
seed=2 nuis=1.0 clip=none    correlated      uniform: top1=0.9062 (clean 0.9213) delivered=125.4
seed=2 nuis=1.0 clip=none    correlated       oracle: top1=0.5363 (clean 0.9012) delivered=125.4
seed=2 nuis=1.0 clip=none    correlated  anti_oracle: top1=0.9150 (clean 0.9175) delivered=125.4
seed=2 nuis=1.0 clip=none    correlated       random: top1=0.8900 (clean 0.9113) delivered=125.4
seed=2 nuis=1.0 clip=none   sign_random      uniform: top1=0.8625 (clean 0.8850) delivered=125.4
seed=2 nuis=1.0 clip=none   sign_random       oracle: top1=0.5300 (clean 0.9250) delivered=125.4
seed=2 nuis=1.0 clip=none   sign_random  anti_oracle: top1=0.9163 (clean 0.9175) delivered=125.4
seed=2 nuis=1.0 clip=none   sign_random       random: top1=0.8838 (clean 0.9087) delivered=125.4
seed=2 nuis=1.0 clip=none  sign_aligned      uniform: top1=0.0013 (clean 0.9225) delivered=125.4
seed=2 nuis=1.0 clip=none  sign_aligned       oracle: top1=0.0000 (clean 0.9000) delivered=125.4
seed=2 nuis=1.0 clip=none  sign_aligned  anti_oracle: top1=0.4813 (clean 0.9213) delivered=125.4
seed=2 nuis=1.0 clip=none  sign_aligned       random: top1=0.0037 (clean 0.9200) delivered=125.4
seed=2 nuis=1.0 clip=2     isotropic      uniform: top1=0.8662 (clean 0.9187) delivered=219.1
seed=2 nuis=1.0 clip=2     isotropic       oracle: top1=0.5887 (clean 0.9075) delivered=203.6
seed=2 nuis=1.0 clip=2     isotropic  anti_oracle: top1=0.8862 (clean 0.9113) delivered=201.1
seed=2 nuis=1.0 clip=2     isotropic       random: top1=0.8800 (clean 0.9187) delivered=217.5
seed=2 nuis=1.0 clip=2    correlated      uniform: top1=0.8700 (clean 0.9300) delivered=220.4
seed=2 nuis=1.0 clip=2    correlated       oracle: top1=0.5687 (clean 0.9038) delivered=204.6
seed=2 nuis=1.0 clip=2    correlated  anti_oracle: top1=0.8988 (clean 0.9125) delivered=202.0
seed=2 nuis=1.0 clip=2    correlated       random: top1=0.8662 (clean 0.9113) delivered=217.1
seed=2 nuis=1.0 clip=2   sign_random      uniform: top1=0.8812 (clean 0.9187) delivered=220.7
seed=2 nuis=1.0 clip=2   sign_random       oracle: top1=0.5225 (clean 0.9287) delivered=213.3
seed=2 nuis=1.0 clip=2   sign_random  anti_oracle: top1=0.8938 (clean 0.9213) delivered=207.8
seed=2 nuis=1.0 clip=2   sign_random       random: top1=0.8788 (clean 0.9163) delivered=220.0
seed=2 nuis=1.0 clip=2  sign_aligned      uniform: top1=0.0013 (clean 0.9263) delivered=221.1
seed=2 nuis=1.0 clip=2  sign_aligned       oracle: top1=0.0000 (clean 0.8950) delivered=214.0
seed=2 nuis=1.0 clip=2  sign_aligned  anti_oracle: top1=0.5088 (clean 0.9175) delivered=209.0
seed=2 nuis=1.0 clip=2  sign_aligned       random: top1=0.0013 (clean 0.9113) delivered=221.4

--- first-order identity, unbounded case (measured / predicted) ---
  ratio over 12 cells: min=0.8999 max=1.0488

--- Top-1 by operator, unbounded (lower = better privacy) ---
       operator   clean     uniform     oracleanti_oracle     random  oracle-unif
      isotropic  0.8632      0.8321     0.4033     0.8596     0.8446      -0.4287
     correlated  0.8672      0.8425     0.4238     0.8758     0.8396      -0.4187
    sign_random  0.8695      0.8446     0.3617     0.8683     0.8325      -0.4829
   sign_aligned  0.8697      0.0008     0.0000     0.3967     0.0017      -0.0008
  delivered input energy (nominal budget 125): isotropic=125  correlated=125  sign_random=125  sign_aligned=125

--- Top-1 by operator, clipped at +/-2 (lower = better privacy) ---
       operator   clean     uniform     oracleanti_oracle     random  oracle-unif
      isotropic  0.8700      0.8013     0.4917     0.8425     0.8200      -0.3096
     correlated  0.8656      0.8054     0.4817     0.8454     0.8087      -0.3237
    sign_random  0.8696      0.8196     0.4062     0.8408     0.8087      -0.4133
   sign_aligned  0.8660      0.0004     0.0000     0.3792     0.0038      -0.0004
  delivered input energy (nominal budget 125): isotropic=211  correlated=211  sign_random=216  sign_aligned=216

wrote src/outputs/known_jacobian_operators/op_nu1.0.jsonl
