seed=0 align=0.00 clip=none      uniform: top1=0.0933 (clean 0.1017) E||df||^2=259.3 (1st-order 262.6) delivered=125.0
seed=0 align=0.00 clip=none       oracle: top1=0.0433 (clean 0.0850) E||df||^2=5696.9 (1st-order 5918.6) delivered=124.2
seed=0 align=0.00 clip=none  anti_oracle: top1=0.0917 (clean 0.0917) E||df||^2=23.3 (1st-order 23.4) delivered=125.5
seed=0 align=0.00 clip=none       random: top1=0.1183 (clean 0.1100) E||df||^2=257.9 (1st-order 257.5) delivered=125.5
seed=0 align=0.00 clip=2      uniform: top1=0.0733 (clean 0.1017) E||df||^2=2218.1 (1st-order 262.6) delivered=1054.1
seed=0 align=0.00 clip=2       oracle: top1=0.0667 (clean 0.0967) E||df||^2=4109.7 (1st-order 5918.6) delivered=1035.4
seed=0 align=0.00 clip=2  anti_oracle: top1=0.0667 (clean 0.0833) E||df||^2=2040.5 (1st-order 23.4) delivered=1040.8
seed=0 align=0.00 clip=2       random: top1=0.0917 (clean 0.1183) E||df||^2=2257.1 (1st-order 260.6) delivered=1049.5
seed=1 align=0.00 clip=none      uniform: top1=0.1300 (clean 0.1367) E||df||^2=272.6 (1st-order 270.3) delivered=125.6
seed=1 align=0.00 clip=none       oracle: top1=0.0933 (clean 0.1483) E||df||^2=3545.9 (1st-order 3541.6) delivered=125.3
seed=1 align=0.00 clip=none  anti_oracle: top1=0.1333 (clean 0.1333) E||df||^2=10.4 (1st-order 10.5) delivered=126.4
seed=1 align=0.00 clip=none       random: top1=0.1050 (clean 0.1150) E||df||^2=267.6 (1st-order 264.6) delivered=125.6
seed=1 align=0.00 clip=2      uniform: top1=0.1033 (clean 0.1383) E||df||^2=2270.4 (1st-order 270.3) delivered=1051.9
seed=1 align=0.00 clip=2       oracle: top1=0.0783 (clean 0.1200) E||df||^2=3649.2 (1st-order 3541.6) delivered=1033.7
seed=1 align=0.00 clip=2  anti_oracle: top1=0.1200 (clean 0.1517) E||df||^2=2090.7 (1st-order 10.5) delivered=1033.2
seed=1 align=0.00 clip=2       random: top1=0.1183 (clean 0.1417) E||df||^2=2234.4 (1st-order 267.2) delivered=1049.5
seed=2 align=0.00 clip=none      uniform: top1=0.1250 (clean 0.1300) E||df||^2=269.3 (1st-order 269.7) delivered=125.6
seed=2 align=0.00 clip=none       oracle: top1=0.0867 (clean 0.1267) E||df||^2=3017.7 (1st-order 2982.3) delivered=125.4
seed=2 align=0.00 clip=none  anti_oracle: top1=0.1450 (clean 0.1400) E||df||^2=11.6 (1st-order 11.6) delivered=125.1
seed=2 align=0.00 clip=none       random: top1=0.1100 (clean 0.1133) E||df||^2=241.5 (1st-order 242.6) delivered=125.7
seed=2 align=0.00 clip=2      uniform: top1=0.1233 (clean 0.1383) E||df||^2=2274.3 (1st-order 269.7) delivered=1035.5
seed=2 align=0.00 clip=2       oracle: top1=0.0700 (clean 0.1150) E||df||^2=3570.2 (1st-order 2982.3) delivered=1041.6
seed=2 align=0.00 clip=2  anti_oracle: top1=0.1350 (clean 0.1600) E||df||^2=2030.6 (1st-order 11.6) delivered=1035.8
seed=2 align=0.00 clip=2       random: top1=0.0933 (clean 0.1150) E||df||^2=2285.7 (1st-order 260.9) delivered=1048.2

--- first-order identity, unbounded case (measured / predicted) ---
  ratio over 12 cells: min=0.9625 max=1.0119

--- Top-1 by alignment, unbounded (lower = better privacy) ---
   align       uniform       oracle  anti_oracle       random   oracle-unif
    0.00        0.1161       0.0744       0.1233       0.1111       -0.0417
  delivered input energy (nominal budget 125): uniform=125  oracle=125  anti_oracle=126  random=126

--- Top-1 by alignment, clipped at +/-2 (lower = better privacy) ---
   align       uniform       oracle  anti_oracle       random   oracle-unif
    0.00        0.1000       0.0717       0.1072       0.1011       -0.0283
  delivered input energy (nominal budget 125): uniform=1047  oracle=1037  anti_oracle=1037  random=1049

wrote src/outputs/known_jacobian/linear_nu2.0.jsonl
