seed=0 align=0.00 clip=none      uniform: top1=0.7583 (clean 0.7950) E||df||^2=259.3 (1st-order 262.6) delivered=125.0
seed=0 align=0.00 clip=none       oracle: top1=0.2417 (clean 0.7950) E||df||^2=5696.9 (1st-order 5918.6) delivered=124.2
seed=0 align=0.00 clip=none  anti_oracle: top1=0.7800 (clean 0.7817) E||df||^2=23.3 (1st-order 23.4) delivered=125.5
seed=0 align=0.00 clip=none       random: top1=0.7600 (clean 0.7800) E||df||^2=257.9 (1st-order 257.5) delivered=125.5
seed=0 align=0.00 clip=2      uniform: top1=0.7417 (clean 0.8083) E||df||^2=463.5 (1st-order 262.6) delivered=220.1
seed=0 align=0.00 clip=2       oracle: top1=0.3783 (clean 0.8050) E||df||^2=2398.2 (1st-order 5918.6) delivered=197.9
seed=0 align=0.00 clip=2  anti_oracle: top1=0.7417 (clean 0.7767) E||df||^2=257.5 (1st-order 23.4) delivered=209.3
seed=0 align=0.00 clip=2       random: top1=0.7517 (clean 0.8250) E||df||^2=465.6 (1st-order 260.6) delivered=217.6
seed=1 align=0.00 clip=none      uniform: top1=0.8450 (clean 0.8817) E||df||^2=272.6 (1st-order 270.3) delivered=125.6
seed=1 align=0.00 clip=none       oracle: top1=0.4533 (clean 0.8983) E||df||^2=3545.9 (1st-order 3541.6) delivered=125.3
seed=1 align=0.00 clip=none  anti_oracle: top1=0.8733 (clean 0.8717) E||df||^2=10.4 (1st-order 10.5) delivered=126.4
seed=1 align=0.00 clip=none       random: top1=0.8617 (clean 0.8967) E||df||^2=267.6 (1st-order 264.6) delivered=125.6
seed=1 align=0.00 clip=2      uniform: top1=0.8217 (clean 0.8650) E||df||^2=472.8 (1st-order 270.3) delivered=220.8
seed=1 align=0.00 clip=2       oracle: top1=0.5383 (clean 0.8767) E||df||^2=2016.5 (1st-order 3541.6) delivered=201.9
seed=1 align=0.00 clip=2  anti_oracle: top1=0.8767 (clean 0.9017) E||df||^2=268.2 (1st-order 10.5) delivered=194.7
seed=1 align=0.00 clip=2       random: top1=0.8700 (clean 0.9133) E||df||^2=463.4 (1st-order 267.2) delivered=218.7
seed=2 align=0.00 clip=none      uniform: top1=0.8783 (clean 0.9050) E||df||^2=269.3 (1st-order 269.7) delivered=125.6
seed=2 align=0.00 clip=none       oracle: top1=0.5183 (clean 0.9083) E||df||^2=3017.7 (1st-order 2982.3) delivered=125.4
seed=2 align=0.00 clip=none  anti_oracle: top1=0.8967 (clean 0.8983) E||df||^2=11.6 (1st-order 11.6) delivered=125.1
seed=2 align=0.00 clip=none       random: top1=0.8917 (clean 0.9167) E||df||^2=241.5 (1st-order 242.6) delivered=125.7
seed=2 align=0.00 clip=2      uniform: top1=0.8833 (clean 0.9267) E||df||^2=473.5 (1st-order 269.7) delivered=217.8
seed=2 align=0.00 clip=2       oracle: top1=0.5433 (clean 0.9000) E||df||^2=1972.9 (1st-order 2982.3) delivered=205.5
seed=2 align=0.00 clip=2  anti_oracle: top1=0.8983 (clean 0.9200) E||df||^2=249.3 (1st-order 11.6) delivered=198.7
seed=2 align=0.00 clip=2       random: top1=0.8433 (clean 0.8917) E||df||^2=462.8 (1st-order 260.9) delivered=218.2

--- first-order identity, unbounded case (measured / predicted) ---
  ratio over 12 cells: min=0.9625 max=1.0119

--- Top-1 by alignment, unbounded (lower = better privacy) ---
   align       uniform       oracle  anti_oracle       random   oracle-unif
    0.00        0.8272       0.4044       0.8500       0.8378       -0.4228
  delivered input energy (nominal budget 125): uniform=125  oracle=125  anti_oracle=126  random=126

--- Top-1 by alignment, clipped at +/-2 (lower = better privacy) ---
   align       uniform       oracle  anti_oracle       random   oracle-unif
    0.00        0.8156       0.4867       0.8389       0.8217       -0.3289
  delivered input energy (nominal budget 125): uniform=220  oracle=202  anti_oracle=201  random=218

wrote src/outputs/known_jacobian/linear_nu1.0.jsonl
