seed=0 align=0.00 clip=none      uniform: top1=0.9983 (clean 1.0000) E||df||^2=259.3 (1st-order 262.6) delivered=125.0
seed=0 align=0.00 clip=none       oracle: top1=0.4717 (clean 1.0000) E||df||^2=5696.9 (1st-order 5918.6) delivered=124.2
seed=0 align=0.00 clip=none  anti_oracle: top1=1.0000 (clean 1.0000) E||df||^2=23.3 (1st-order 23.4) delivered=125.5
seed=0 align=0.00 clip=none       random: top1=1.0000 (clean 1.0000) E||df||^2=257.9 (1st-order 257.5) delivered=125.5
seed=0 align=0.00 clip=2      uniform: top1=0.9967 (clean 0.9983) E||df||^2=295.9 (1st-order 262.6) delivered=140.2
seed=0 align=0.00 clip=2       oracle: top1=0.6867 (clean 1.0000) E||df||^2=2213.0 (1st-order 5918.6) delivered=115.5
seed=0 align=0.00 clip=2  anti_oracle: top1=1.0000 (clean 1.0000) E||df||^2=77.2 (1st-order 23.4) delivered=128.7
seed=0 align=0.00 clip=2       random: top1=1.0000 (clean 1.0000) E||df||^2=291.4 (1st-order 260.6) delivered=138.2
seed=1 align=0.00 clip=none      uniform: top1=1.0000 (clean 1.0000) E||df||^2=272.6 (1st-order 270.3) delivered=125.6
seed=1 align=0.00 clip=none       oracle: top1=0.7950 (clean 1.0000) E||df||^2=3545.9 (1st-order 3541.6) delivered=125.3
seed=1 align=0.00 clip=none  anti_oracle: top1=1.0000 (clean 1.0000) E||df||^2=10.4 (1st-order 10.5) delivered=126.4
seed=1 align=0.00 clip=none       random: top1=1.0000 (clean 1.0000) E||df||^2=267.6 (1st-order 264.6) delivered=125.6
seed=1 align=0.00 clip=2      uniform: top1=1.0000 (clean 1.0000) E||df||^2=298.6 (1st-order 270.3) delivered=141.0
seed=1 align=0.00 clip=2       oracle: top1=0.8950 (clean 1.0000) E||df||^2=1881.0 (1st-order 3541.6) delivered=120.9
seed=1 align=0.00 clip=2  anti_oracle: top1=1.0000 (clean 1.0000) E||df||^2=70.9 (1st-order 10.5) delivered=111.6
seed=1 align=0.00 clip=2       random: top1=1.0000 (clean 1.0000) E||df||^2=293.7 (1st-order 267.2) delivered=138.9
seed=2 align=0.00 clip=none      uniform: top1=1.0000 (clean 1.0000) E||df||^2=269.3 (1st-order 269.7) delivered=125.6
seed=2 align=0.00 clip=none       oracle: top1=0.8483 (clean 1.0000) E||df||^2=3017.7 (1st-order 2982.3) delivered=125.4
seed=2 align=0.00 clip=none  anti_oracle: top1=1.0000 (clean 1.0000) E||df||^2=11.6 (1st-order 11.6) delivered=125.1
seed=2 align=0.00 clip=none       random: top1=1.0000 (clean 1.0000) E||df||^2=241.5 (1st-order 242.6) delivered=125.7
seed=2 align=0.00 clip=2      uniform: top1=1.0000 (clean 1.0000) E||df||^2=302.9 (1st-order 269.7) delivered=140.5
seed=2 align=0.00 clip=2       oracle: top1=0.9233 (clean 1.0000) E||df||^2=1855.0 (1st-order 2982.3) delivered=123.3
seed=2 align=0.00 clip=2  anti_oracle: top1=1.0000 (clean 1.0000) E||df||^2=65.6 (1st-order 11.6) delivered=116.3
seed=2 align=0.00 clip=2       random: top1=1.0000 (clean 1.0000) E||df||^2=287.8 (1st-order 260.9) delivered=138.5

--- first-order identity, unbounded case (measured / predicted) ---
  ratio over 12 cells: min=0.9625 max=1.0119

--- Top-1 by alignment, unbounded (lower = better privacy) ---
   align       uniform       oracle  anti_oracle       random   oracle-unif
    0.00        0.9994       0.7050       1.0000       1.0000       -0.2944
  delivered input energy (nominal budget 125): uniform=125  oracle=125  anti_oracle=126  random=126

--- Top-1 by alignment, clipped at +/-2 (lower = better privacy) ---
   align       uniform       oracle  anti_oracle       random   oracle-unif
    0.00        0.9989       0.8350       1.0000       1.0000       -0.1639
  delivered input energy (nominal budget 125): uniform=141  oracle=120  anti_oracle=119  random=139

wrote src/outputs/known_jacobian/linear_nu0.5.jsonl
