seed=0 align=0.00 clip=none      uniform: top1=0.1967 (clean 0.2850) E||df||^2=2116.8 (1st-order 2143.5) delivered=1020.2
seed=0 align=0.00 clip=none       oracle: top1=0.0283 (clean 0.2650) E||df||^2=46505.1 (1st-order 48315.5) delivered=1013.7
seed=0 align=0.00 clip=none  anti_oracle: top1=0.2883 (clean 0.3017) E||df||^2=189.8 (1st-order 191.0) delivered=1024.6
seed=0 align=0.00 clip=none       random: top1=0.2267 (clean 0.3283) E||df||^2=2105.4 (1st-order 2101.9) delivered=1024.3
seed=0 align=0.00 clip=2      uniform: top1=0.1933 (clean 0.3067) E||df||^2=2192.1 (1st-order 2143.5) delivered=1043.8
seed=0 align=0.00 clip=2       oracle: top1=0.0667 (clean 0.2667) E||df||^2=6161.1 (1st-order 48315.5) delivered=799.8
seed=0 align=0.00 clip=2  anti_oracle: top1=0.1983 (clean 0.2600) E||df||^2=937.8 (1st-order 191.0) delivered=877.6
seed=0 align=0.00 clip=2       random: top1=0.2033 (clean 0.3333) E||df||^2=2102.5 (1st-order 2127.5) delivered=989.5
seed=1 align=0.00 clip=none      uniform: top1=0.2617 (clean 0.3433) E||df||^2=2225.3 (1st-order 2206.9) delivered=1025.0
seed=1 align=0.00 clip=none       oracle: top1=0.0433 (clean 0.3933) E||df||^2=28946.3 (1st-order 28911.2) delivered=1022.8
seed=1 align=0.00 clip=none  anti_oracle: top1=0.3567 (clean 0.3600) E||df||^2=85.0 (1st-order 85.5) delivered=1031.8
seed=1 align=0.00 clip=none       random: top1=0.2683 (clean 0.3700) E||df||^2=2184.6 (1st-order 2160.4) delivered=1025.4
seed=1 align=0.00 clip=2      uniform: top1=0.2167 (clean 0.3400) E||df||^2=2251.2 (1st-order 2206.9) delivered=1047.0
seed=1 align=0.00 clip=2       oracle: top1=0.0650 (clean 0.3417) E||df||^2=5969.1 (1st-order 28911.2) delivered=809.6
seed=1 align=0.00 clip=2  anti_oracle: top1=0.3467 (clean 0.3850) E||df||^2=912.2 (1st-order 85.5) delivered=769.5
seed=1 align=0.00 clip=2       random: top1=0.2533 (clean 0.4133) E||df||^2=2078.1 (1st-order 2181.2) delivered=989.6
seed=2 align=0.00 clip=none      uniform: top1=0.2683 (clean 0.3850) E||df||^2=2198.3 (1st-order 2201.4) delivered=1025.0
seed=2 align=0.00 clip=none       oracle: top1=0.0517 (clean 0.3917) E||df||^2=24634.5 (1st-order 24345.2) delivered=1023.4
seed=2 align=0.00 clip=none  anti_oracle: top1=0.3517 (clean 0.3583) E||df||^2=94.9 (1st-order 94.5) delivered=1021.3
seed=2 align=0.00 clip=none       random: top1=0.2750 (clean 0.3817) E||df||^2=1971.4 (1st-order 1980.1) delivered=1026.4
seed=2 align=0.00 clip=2      uniform: top1=0.2600 (clean 0.4133) E||df||^2=2248.5 (1st-order 2201.4) delivered=1038.3
seed=2 align=0.00 clip=2       oracle: top1=0.0667 (clean 0.3700) E||df||^2=6003.2 (1st-order 24345.2) delivered=819.4
seed=2 align=0.00 clip=2  anti_oracle: top1=0.3800 (clean 0.4200) E||df||^2=875.3 (1st-order 94.5) delivered=799.4
seed=2 align=0.00 clip=2       random: top1=0.2167 (clean 0.3533) E||df||^2=2124.3 (1st-order 2129.9) delivered=990.3

--- first-order identity, unbounded case (measured / predicted) ---
  ratio over 12 cells: min=0.9625 max=1.0119

--- Top-1 by alignment, unbounded (lower = better privacy) ---
   align       uniform       oracle  anti_oracle       random   oracle-unif
    0.00        0.2422       0.0411       0.3322       0.2567       -0.2011
  delivered input energy (nominal budget 1024): uniform=1023  oracle=1020  anti_oracle=1026  random=1025

--- Top-1 by alignment, clipped at +/-2 (lower = better privacy) ---
   align       uniform       oracle  anti_oracle       random   oracle-unif
    0.00        0.2233       0.0661       0.3083       0.2244       -0.1572
  delivered input energy (nominal budget 1024): uniform=1043  oracle=810  anti_oracle=815  random=990

wrote src/outputs/known_jacobian/sigma_1.0.jsonl
