seed=0 align=0.00 clip=none      uniform: top1=0.2483 (clean 0.2850) E||df||^2=529.2 (1st-order 535.9) delivered=255.1
seed=0 align=0.00 clip=none       oracle: top1=0.0667 (clean 0.2650) E||df||^2=11626.3 (1st-order 12078.9) delivered=253.4
seed=0 align=0.00 clip=none  anti_oracle: top1=0.2950 (clean 0.3017) E||df||^2=47.5 (1st-order 47.8) delivered=256.1
seed=0 align=0.00 clip=none       random: top1=0.3067 (clean 0.3283) E||df||^2=526.4 (1st-order 525.5) delivered=256.1
seed=0 align=0.00 clip=2      uniform: top1=0.2300 (clean 0.3067) E||df||^2=1210.2 (1st-order 535.9) delivered=574.9
seed=0 align=0.00 clip=2       oracle: top1=0.1050 (clean 0.2667) E||df||^2=3899.1 (1st-order 12078.9) delivered=526.9
seed=0 align=0.00 clip=2  anti_oracle: top1=0.2050 (clean 0.2600) E||df||^2=846.1 (1st-order 47.8) delivered=548.3
seed=0 align=0.00 clip=2       random: top1=0.2633 (clean 0.3333) E||df||^2=1219.1 (1st-order 531.9) delivered=567.6
seed=1 align=0.00 clip=none      uniform: top1=0.3350 (clean 0.3433) E||df||^2=556.3 (1st-order 551.7) delivered=256.2
seed=1 align=0.00 clip=none       oracle: top1=0.1417 (clean 0.3933) E||df||^2=7236.6 (1st-order 7227.8) delivered=255.7
seed=1 align=0.00 clip=none  anti_oracle: top1=0.3600 (clean 0.3600) E||df||^2=21.3 (1st-order 21.4) delivered=258.0
seed=1 align=0.00 clip=none       random: top1=0.3600 (clean 0.3700) E||df||^2=546.1 (1st-order 540.1) delivered=256.4
seed=1 align=0.00 clip=2      uniform: top1=0.2967 (clean 0.3400) E||df||^2=1239.8 (1st-order 551.7) delivered=574.8
seed=1 align=0.00 clip=2       oracle: top1=0.1317 (clean 0.3417) E||df||^2=3505.1 (1st-order 7227.8) delivered=532.6
seed=1 align=0.00 clip=2  anti_oracle: top1=0.3517 (clean 0.3850) E||df||^2=868.0 (1st-order 21.4) delivered=520.8
seed=1 align=0.00 clip=2       random: top1=0.3133 (clean 0.4133) E||df||^2=1203.7 (1st-order 545.3) delivered=568.8
seed=2 align=0.00 clip=none      uniform: top1=0.3400 (clean 0.3850) E||df||^2=549.6 (1st-order 550.3) delivered=256.3
seed=2 align=0.00 clip=none       oracle: top1=0.1317 (clean 0.3917) E||df||^2=6158.6 (1st-order 6086.3) delivered=255.8
seed=2 align=0.00 clip=none  anti_oracle: top1=0.3600 (clean 0.3583) E||df||^2=23.7 (1st-order 23.6) delivered=255.3
seed=2 align=0.00 clip=none       random: top1=0.3600 (clean 0.3817) E||df||^2=492.8 (1st-order 495.0) delivered=256.6
seed=2 align=0.00 clip=2      uniform: top1=0.3333 (clean 0.4133) E||df||^2=1238.2 (1st-order 550.3) delivered=567.0
seed=2 align=0.00 clip=2       oracle: top1=0.1367 (clean 0.3700) E||df||^2=3426.0 (1st-order 6086.3) delivered=539.2
seed=2 align=0.00 clip=2  anti_oracle: top1=0.3867 (clean 0.4200) E||df||^2=828.8 (1st-order 23.6) delivered=528.1
seed=2 align=0.00 clip=2       random: top1=0.2967 (clean 0.3533) E||df||^2=1222.2 (1st-order 532.5) delivered=568.4

--- first-order identity, unbounded case (measured / predicted) ---
  ratio over 12 cells: min=0.9625 max=1.0119

--- Top-1 by alignment, unbounded (lower = better privacy) ---
   align       uniform       oracle  anti_oracle       random   oracle-unif
    0.00        0.3078       0.1133       0.3383       0.3422       -0.1944
  delivered input energy (nominal budget 256): uniform=256  oracle=255  anti_oracle=256  random=256

--- Top-1 by alignment, clipped at +/-2 (lower = better privacy) ---
   align       uniform       oracle  anti_oracle       random   oracle-unif
    0.00        0.2867       0.1244       0.3144       0.2911       -0.1622
  delivered input energy (nominal budget 256): uniform=572  oracle=533  anti_oracle=532  random=568

wrote src/outputs/known_jacobian/sigma_0.5.jsonl
