seed=0 align=0.00 clip=none      uniform: top1=0.2767 (clean 0.2850) E||df||^2=21.2 (1st-order 21.4) delivered=10.2
seed=0 align=0.00 clip=none       oracle: top1=0.2500 (clean 0.2650) E||df||^2=465.1 (1st-order 483.2) delivered=10.1
seed=0 align=0.00 clip=none  anti_oracle: top1=0.3017 (clean 0.3017) E||df||^2=1.9 (1st-order 1.9) delivered=10.2
seed=0 align=0.00 clip=none       random: top1=0.3300 (clean 0.3283) E||df||^2=21.1 (1st-order 21.0) delivered=10.2
seed=0 align=0.00 clip=2      uniform: top1=0.2700 (clean 0.3067) E||df||^2=849.9 (1st-order 21.4) delivered=402.6
seed=0 align=0.00 clip=2       oracle: top1=0.2333 (clean 0.2667) E||df||^2=1128.6 (1st-order 483.2) delivered=398.6
seed=0 align=0.00 clip=2  anti_oracle: top1=0.2133 (clean 0.2600) E||df||^2=813.6 (1st-order 1.9) delivered=398.1
seed=0 align=0.00 clip=2       random: top1=0.2950 (clean 0.3333) E||df||^2=868.1 (1st-order 21.3) delivered=399.9
seed=1 align=0.00 clip=none      uniform: top1=0.3433 (clean 0.3433) E||df||^2=22.3 (1st-order 22.1) delivered=10.2
seed=1 align=0.00 clip=none       oracle: top1=0.3750 (clean 0.3933) E||df||^2=289.5 (1st-order 289.1) delivered=10.2
seed=1 align=0.00 clip=none  anti_oracle: top1=0.3583 (clean 0.3600) E||df||^2=0.9 (1st-order 0.9) delivered=10.3
seed=1 align=0.00 clip=none       random: top1=0.3700 (clean 0.3700) E||df||^2=21.8 (1st-order 21.6) delivered=10.3
seed=1 align=0.00 clip=2      uniform: top1=0.3233 (clean 0.3400) E||df||^2=867.0 (1st-order 22.1) delivered=401.2
seed=1 align=0.00 clip=2       oracle: top1=0.2767 (clean 0.3417) E||df||^2=1056.1 (1st-order 289.1) delivered=395.5
seed=1 align=0.00 clip=2  anti_oracle: top1=0.3517 (clean 0.3850) E||df||^2=852.4 (1st-order 0.9) delivered=398.5
seed=1 align=0.00 clip=2       random: top1=0.3383 (clean 0.4133) E||df||^2=853.6 (1st-order 21.8) delivered=400.6
seed=2 align=0.00 clip=none      uniform: top1=0.3750 (clean 0.3850) E||df||^2=22.0 (1st-order 22.0) delivered=10.3
seed=2 align=0.00 clip=none       oracle: top1=0.3667 (clean 0.3917) E||df||^2=246.3 (1st-order 243.5) delivered=10.2
seed=2 align=0.00 clip=none  anti_oracle: top1=0.3600 (clean 0.3583) E||df||^2=0.9 (1st-order 0.9) delivered=10.2
seed=2 align=0.00 clip=none       random: top1=0.3900 (clean 0.3817) E||df||^2=19.7 (1st-order 19.8) delivered=10.3
seed=2 align=0.00 clip=2      uniform: top1=0.3783 (clean 0.4133) E||df||^2=869.4 (1st-order 22.0) delivered=393.4
seed=2 align=0.00 clip=2       oracle: top1=0.2917 (clean 0.3700) E||df||^2=1015.8 (1st-order 243.5) delivered=399.5
seed=2 align=0.00 clip=2  anti_oracle: top1=0.3883 (clean 0.4200) E||df||^2=813.0 (1st-order 0.9) delivered=398.7
seed=2 align=0.00 clip=2       random: top1=0.3233 (clean 0.3533) E||df||^2=869.5 (1st-order 21.3) delivered=400.0

--- first-order identity, unbounded case (measured / predicted) ---
  ratio over 12 cells: min=0.9625 max=1.0119

--- Top-1 by alignment, unbounded (lower = better privacy) ---
   align       uniform       oracle  anti_oracle       random   oracle-unif
    0.00        0.3317       0.3306       0.3400       0.3633       -0.0011
  delivered input energy (nominal budget 10): uniform=10  oracle=10  anti_oracle=10  random=10

--- Top-1 by alignment, clipped at +/-2 (lower = better privacy) ---
   align       uniform       oracle  anti_oracle       random   oracle-unif
    0.00        0.3239       0.2672       0.3178       0.3189       -0.0567
  delivered input energy (nominal budget 10): uniform=399  oracle=398  anti_oracle=398  random=400

wrote src/outputs/known_jacobian/sigma_0.1.jsonl
