[utility-direction] device=cuda
[utility-direction] 200 images, detection=False, segmentation=True
[utility-direction] surrogate ready: resnet50
[utility-direction] surrogate ready: vgg16
[utility-direction] surrogate ready: cosplace
[utility-direction] conditions=['clean', 'isotropic', 'direction', 'hardened_direction'] eot=['jpeg75', 'jpeg50', 'blur', 'denoise']
[utility-direction] 25/200 images
[utility-direction] 50/200 images
[utility-direction] 75/200 images
[utility-direction] 100/200 images
[utility-direction] 125/200 images
[utility-direction] 150/200 images
[utility-direction] 175/200 images
[utility-direction] 200/200 images
[utility-direction] {'condition': 'clean', 'seed': 5678, 'mean_effective_mse': 0.0, 'mean_psnr': 138.1308, 'miou': 0.697324}
[utility-direction] {'condition': 'clean', 'seed': 9012, 'mean_effective_mse': 0.0, 'mean_psnr': 138.1308, 'miou': 0.697324}
[utility-direction] {'condition': 'isotropic', 'seed': 5678, 'mean_effective_mse': 241.499989, 'mean_psnr': 24.3016, 'miou': 0.563081}
[utility-direction] {'condition': 'isotropic', 'seed': 9012, 'mean_effective_mse': 241.499989, 'mean_psnr': 24.3016, 'miou': 0.552294}
[utility-direction] {'condition': 'direction', 'seed': 5678, 'mean_effective_mse': 241.49999, 'mean_psnr': 24.3016, 'miou': 0.21487}
[utility-direction] {'condition': 'direction', 'seed': 9012, 'mean_effective_mse': 241.49999, 'mean_psnr': 24.3016, 'miou': 0.213139}
[utility-direction] {'condition': 'hardened_direction', 'seed': 5678, 'mean_effective_mse': 241.499995, 'mean_psnr': 24.3016, 'miou': 0.08736}
[utility-direction] {'condition': 'hardened_direction', 'seed': 9012, 'mean_effective_mse': 241.49999, 'mean_psnr': 24.3016, 'miou': 0.076464}
[utility-direction] wrote /root/autodl-tmp/PPEDCRF/src/outputs/tifs6_a5_s2/segmentation_mse241.5/utility_direction_summary.json
EXIT=0
