[ok] amman_query_-39Q9edqZUArYHa41OPDoQ direction seed=1234 gain=0.791 max|d|=12.66 (projection 16)
[ok] amman_query_-39Q9edqZUArYHa41OPDoQ direction_eot seed=1234 gain=0.646 max|d|=10.34 (projection 16)
[ok] amman_query_-39Q9edqZUArYHa41OPDoQ isotropic seed=1234 gain=3.966 max|d|=17.72 (no projection)
[ok] boston_query_--LUAhgqzqNM6FyWSJ-Dsw direction seed=1234 gain=0.792 max|d|=12.67 (projection 16)
[ok] boston_query_--LUAhgqzqNM6FyWSJ-Dsw direction_eot seed=1234 gain=0.626 max|d|=10.02 (projection 16)
[ok] boston_query_--LUAhgqzqNM6FyWSJ-Dsw isotropic seed=1234 gain=3.965 max|d|=19.29 (no projection)
[ok] cph_query_--FyHVca3HP-QgUmcAvToA direction seed=1234 gain=0.810 max|d|=12.95 (projection 16)
[ok] cph_query_--FyHVca3HP-QgUmcAvToA direction_eot seed=1234 gain=0.631 max|d|=10.10 (projection 16)
[ok] cph_query_--FyHVca3HP-QgUmcAvToA isotropic seed=1234 gain=3.970 max|d|=17.82 (no projection)
[ok] london_query_-0u7VsCOCAmwH4RFsN5BoA direction seed=1234 gain=0.774 max|d|=12.38 (projection 16)
[ok] london_query_-0u7VsCOCAmwH4RFsN5BoA direction_eot seed=1234 gain=0.618 max|d|=9.89 (projection 16)
[ok] london_query_-0u7VsCOCAmwH4RFsN5BoA isotropic seed=1234 gain=4.092 max|d|=17.80 (no projection)
[ok] manila_query_-10kuZ2TqVxJ-YLQJl2uqA direction seed=1234 gain=0.731 max|d|=11.69 (projection 16)
[ok] manila_query_-10kuZ2TqVxJ-YLQJl2uqA direction_eot seed=1234 gain=0.578 max|d|=9.25 (projection 16)
[ok] manila_query_-10kuZ2TqVxJ-YLQJl2uqA isotropic seed=1234 gain=3.962 max|d|=17.65 (no projection)
[ok] nairobi_query_-K4R8iYrz9LwQ7wia8JZtQ direction seed=1234 gain=0.771 max|d|=12.34 (projection 16)
[ok] nairobi_query_-K4R8iYrz9LwQ7wia8JZtQ direction_eot seed=1234 gain=0.611 max|d|=9.78 (projection 16)
[ok] nairobi_query_-K4R8iYrz9LwQ7wia8JZtQ isotropic seed=1234 gain=3.965 max|d|=18.72 (no projection)
[ok] toronto_query_-1caqsIDW4YpUBZB98J9uV direction seed=1234 gain=0.791 max|d|=12.66 (projection 16)
[ok] toronto_query_-1caqsIDW4YpUBZB98J9uV direction_eot seed=1234 gain=0.603 max|d|=9.65 (projection 16)
[ok] toronto_query_-1caqsIDW4YpUBZB98J9uV isotropic seed=1234 gain=4.046 max|d|=18.82 (no projection)
[ok] zurich_query_--RjvuIbkJiPNJknyeZN_Q direction seed=1234 gain=0.784 max|d|=12.55 (projection 16)
[ok] zurich_query_--RjvuIbkJiPNJknyeZN_Q direction_eot seed=1234 gain=0.626 max|d|=10.01 (projection 16)
[ok] zurich_query_--RjvuIbkJiPNJknyeZN_Q isotropic seed=1234 gain=3.958 max|d|=17.83 (no projection)
[ok] amman_query_-6eEB_fS2eePRNUql6vOrQ direction seed=1234 gain=0.738 max|d|=11.80 (projection 16)
[ok] amman_query_-6eEB_fS2eePRNUql6vOrQ direction_eot seed=1234 gain=0.596 max|d|=9.54 (projection 16)
[ok] amman_query_-6eEB_fS2eePRNUql6vOrQ isotropic seed=1234 gain=3.961 max|d|=17.19 (no projection)
[ok] boston_query_--VtRctVkqAafFr5b_6GXg direction seed=1234 gain=0.761 max|d|=12.18 (projection 16)
[ok] boston_query_--VtRctVkqAafFr5b_6GXg direction_eot seed=1234 gain=0.613 max|d|=9.80 (projection 16)
[ok] boston_query_--VtRctVkqAafFr5b_6GXg isotropic seed=1234 gain=3.956 max|d|=17.56 (no projection)
[ok] cph_query_--kN3Y3n0x47vWa8WX-a8w direction seed=1234 gain=0.784 max|d|=12.55 (projection 16)
[ok] cph_query_--kN3Y3n0x47vWa8WX-a8w direction_eot seed=1234 gain=0.619 max|d|=9.90 (projection 16)
[ok] cph_query_--kN3Y3n0x47vWa8WX-a8w isotropic seed=1234 gain=3.962 max|d|=18.13 (no projection)
[ok] london_query_-4Vq2O1PhPmG6WK-yV402Q direction seed=1234 gain=0.774 max|d|=12.39 (projection 16)
[ok] london_query_-4Vq2O1PhPmG6WK-yV402Q direction_eot seed=1234 gain=0.641 max|d|=10.26 (projection 16)
[ok] london_query_-4Vq2O1PhPmG6WK-yV402Q isotropic seed=1234 gain=4.063 max|d|=18.44 (no projection)
[ok] manila_query_-10rV9IlRhgTnk5e_QJbgA direction seed=1234 gain=0.802 max|d|=12.83 (projection 16)
[ok] manila_query_-10rV9IlRhgTnk5e_QJbgA direction_eot seed=1234 gain=0.635 max|d|=10.15 (projection 16)
[ok] manila_query_-10rV9IlRhgTnk5e_QJbgA isotropic seed=1234 gain=4.065 max|d|=18.30 (no projection)
[ok] nairobi_query_-cS3FR1RBElNB48QQHiL0Q direction seed=1234 gain=0.798 max|d|=12.76 (projection 16)
[ok] nairobi_query_-cS3FR1RBElNB48QQHiL0Q direction_eot seed=1234 gain=0.620 max|d|=9.91 (projection 16)
[ok] nairobi_query_-cS3FR1RBElNB48QQHiL0Q isotropic seed=1234 gain=3.953 max|d|=18.66 (no projection)
[ok] toronto_query_-3UT7A8bNUkVBgSLW30-ow direction seed=1234 gain=0.802 max|d|=12.83 (projection 16)
[ok] toronto_query_-3UT7A8bNUkVBgSLW30-ow direction_eot seed=1234 gain=0.651 max|d|=10.41 (projection 16)
[ok] toronto_query_-3UT7A8bNUkVBgSLW30-ow isotropic seed=1234 gain=4.049 max|d|=20.18 (no projection)
[ok] zurich_query_-25E3MQ0PY1vs_FT7mKaUw direction seed=1234 gain=0.785 max|d|=12.56 (projection 16)
[ok] zurich_query_-25E3MQ0PY1vs_FT7mKaUw direction_eot seed=1234 gain=0.630 max|d|=10.09 (projection 16)
[ok] zurich_query_-25E3MQ0PY1vs_FT7mKaUw isotropic seed=1234 gain=4.002 max|d|=20.01 (no projection)
[ok] amman_query_-BJoV1t0rKwEzk0bsZplVQ direction seed=1234 gain=0.809 max|d|=12.95 (projection 16)
[ok] amman_query_-BJoV1t0rKwEzk0bsZplVQ direction_eot seed=1234 gain=0.660 max|d|=10.56 (projection 16)
[ok] amman_query_-BJoV1t0rKwEzk0bsZplVQ isotropic seed=1234 gain=3.961 max|d|=18.90 (no projection)
[ok] boston_query_-0n5FDAuOditKvxIekIbBg direction seed=1234 gain=0.813 max|d|=13.00 (projection 16)
[ok] boston_query_-0n5FDAuOditKvxIekIbBg direction_eot seed=1234 gain=0.671 max|d|=10.73 (projection 16)
[ok] boston_query_-0n5FDAuOditKvxIekIbBg isotropic seed=1234 gain=4.040 max|d|=20.00 (no projection)
[ok] cph_query_--xKnCCc_4tDGo80iM-A_g direction seed=1234 gain=0.726 max|d|=11.62 (projection 16)
[ok] cph_query_--xKnCCc_4tDGo80iM-A_g direction_eot seed=1234 gain=0.585 max|d|=9.36 (projection 16)
[ok] cph_query_--xKnCCc_4tDGo80iM-A_g isotropic seed=1234 gain=3.983 max|d|=18.77 (no projection)
[ok] london_query_-4pmBOZmF-ynXSkWw5BAew direction seed=1234 gain=0.729 max|d|=11.67 (projection 16)
[ok] london_query_-4pmBOZmF-ynXSkWw5BAew direction_eot seed=1234 gain=0.587 max|d|=9.39 (projection 16)
[ok] london_query_-4pmBOZmF-ynXSkWw5BAew isotropic seed=1234 gain=4.126 max|d|=20.71 (no projection)
[ok] manila_query_-2h231ovohZWmrsaBllNyw direction seed=1234 gain=0.716 max|d|=11.46 (projection 16)
[ok] manila_query_-2h231ovohZWmrsaBllNyw direction_eot seed=1234 gain=0.567 max|d|=9.08 (projection 16)
[ok] manila_query_-2h231ovohZWmrsaBllNyw isotropic seed=1234 gain=3.979 max|d|=17.95 (no projection)
[ok] nairobi_query_-dn1KaWvGY9H5JRLNtaYPg direction seed=1234 gain=0.831 max|d|=13.29 (projection 16)
[ok] nairobi_query_-dn1KaWvGY9H5JRLNtaYPg direction_eot seed=1234 gain=0.671 max|d|=10.74 (projection 16)
[ok] nairobi_query_-dn1KaWvGY9H5JRLNtaYPg isotropic seed=1234 gain=4.111 max|d|=19.50 (no projection)
[ok] toronto_query_-4IVXvKV2D8brXjQPZ1GRA direction seed=1234 gain=0.731 max|d|=11.69 (projection 16)
[ok] toronto_query_-4IVXvKV2D8brXjQPZ1GRA direction_eot seed=1234 gain=0.599 max|d|=9.59 (projection 16)
[ok] toronto_query_-4IVXvKV2D8brXjQPZ1GRA isotropic seed=1234 gain=4.128 max|d|=22.19 (no projection)
[ok] zurich_query_-4StYjY5sT1S23ls5heCbg direction seed=1234 gain=0.725 max|d|=11.59 (projection 16)
[ok] zurich_query_-4StYjY5sT1S23ls5heCbg direction_eot seed=1234 gain=0.577 max|d|=9.24 (projection 16)
[ok] zurich_query_-4StYjY5sT1S23ls5heCbg isotropic seed=1234 gain=4.068 max|d|=18.53 (no projection)
[ok] amman_query_-D0IlKF__f0c9DPAKbiYnw direction seed=1234 gain=0.847 max|d|=13.55 (projection 16)
[ok] amman_query_-D0IlKF__f0c9DPAKbiYnw direction_eot seed=1234 gain=0.656 max|d|=10.50 (projection 16)
[ok] amman_query_-D0IlKF__f0c9DPAKbiYnw isotropic seed=1234 gain=3.951 max|d|=18.41 (no projection)
[ok] boston_query_-3hM-MR6uuw3se14vw3G0w direction seed=1234 gain=0.827 max|d|=13.23 (projection 16)
[ok] boston_query_-3hM-MR6uuw3se14vw3G0w direction_eot seed=1234 gain=0.657 max|d|=10.51 (projection 16)
[ok] boston_query_-3hM-MR6uuw3se14vw3G0w isotropic seed=1234 gain=3.965 max|d|=18.60 (no projection)
[ok] cph_query_-05vIhjxDNupFcgaM90L3w direction seed=1234 gain=0.735 max|d|=11.76 (projection 16)
[ok] cph_query_-05vIhjxDNupFcgaM90L3w direction_eot seed=1234 gain=0.592 max|d|=9.47 (projection 16)
[ok] cph_query_-05vIhjxDNupFcgaM90L3w isotropic seed=1234 gain=4.035 max|d|=18.83 (no projection)
[ok] london_query_-5QOE2AlZX8rEz8ONtGRrg direction seed=1234 gain=0.804 max|d|=12.86 (projection 16)
[ok] london_query_-5QOE2AlZX8rEz8ONtGRrg direction_eot seed=1234 gain=0.618 max|d|=9.89 (projection 16)
[ok] london_query_-5QOE2AlZX8rEz8ONtGRrg isotropic seed=1234 gain=3.970 max|d|=17.98 (no projection)
[ok] manila_query_-3H2xPWPOqn_dCF2Lz5EtQ direction seed=1234 gain=0.752 max|d|=12.03 (projection 16)
[ok] manila_query_-3H2xPWPOqn_dCF2Lz5EtQ direction_eot seed=1234 gain=0.595 max|d|=9.53 (projection 16)
[ok] manila_query_-3H2xPWPOqn_dCF2Lz5EtQ isotropic seed=1234 gain=4.038 max|d|=19.62 (no projection)
[ok] nairobi_query_-f7xKWoDFjaXHyTtnRqVKw direction seed=1234 gain=0.834 max|d|=13.35 (projection 16)
[ok] nairobi_query_-f7xKWoDFjaXHyTtnRqVKw direction_eot seed=1234 gain=0.651 max|d|=10.42 (projection 16)
[ok] nairobi_query_-f7xKWoDFjaXHyTtnRqVKw isotropic seed=1234 gain=4.004 max|d|=19.73 (no projection)
[ok] toronto_query_-4mlNvZUZnbmRaGbiIndoA direction seed=1234 gain=0.705 max|d|=11.28 (projection 16)
[ok] toronto_query_-4mlNvZUZnbmRaGbiIndoA direction_eot seed=1234 gain=0.584 max|d|=9.34 (projection 16)
[ok] toronto_query_-4mlNvZUZnbmRaGbiIndoA isotropic seed=1234 gain=4.022 max|d|=17.23 (no projection)
[ok] zurich_query_-71-BK_yAOJ1soK0OQWIcg direction seed=1234 gain=0.663 max|d|=10.61 (projection 16)
[ok] zurich_query_-71-BK_yAOJ1soK0OQWIcg direction_eot seed=1234 gain=0.553 max|d|=8.84 (projection 16)
[ok] zurich_query_-71-BK_yAOJ1soK0OQWIcg isotropic seed=1234 gain=3.985 max|d|=19.12 (no projection)
[ok] amman_query_-EAmCN9i5BGEadZIccXEyA direction seed=1234 gain=0.809 max|d|=12.95 (projection 16)
[ok] amman_query_-EAmCN9i5BGEadZIccXEyA direction_eot seed=1234 gain=0.618 max|d|=9.89 (projection 16)
[ok] amman_query_-EAmCN9i5BGEadZIccXEyA isotropic seed=1234 gain=3.967 max|d|=18.82 (no projection)
[ok] boston_query_-4vuSn0vvcBVOccgQqFlow direction seed=1234 gain=0.733 max|d|=11.73 (projection 16)
[ok] boston_query_-4vuSn0vvcBVOccgQqFlow direction_eot seed=1234 gain=0.566 max|d|=9.06 (projection 16)
[ok] boston_query_-4vuSn0vvcBVOccgQqFlow isotropic seed=1234 gain=3.966 max|d|=19.45 (no projection)
[ok] cph_query_-07-gME-zaQLhCsFrSInSg direction seed=1234 gain=0.813 max|d|=13.01 (projection 16)
[ok] cph_query_-07-gME-zaQLhCsFrSInSg direction_eot seed=1234 gain=0.635 max|d|=10.16 (projection 16)
[ok] cph_query_-07-gME-zaQLhCsFrSInSg isotropic seed=1234 gain=4.047 max|d|=18.97 (no projection)
[ok] london_query_-7U9wY8ynnu3oZ1g_-0xww direction seed=1234 gain=0.753 max|d|=12.05 (projection 16)
[ok] london_query_-7U9wY8ynnu3oZ1g_-0xww direction_eot seed=1234 gain=0.608 max|d|=9.74 (projection 16)
[ok] london_query_-7U9wY8ynnu3oZ1g_-0xww isotropic seed=1234 gain=4.050 max|d|=19.18 (no projection)
[ok] manila_query_-5pMypBbFEXHPOTYNJl_EA direction seed=1234 gain=0.775 max|d|=12.40 (projection 16)
[ok] manila_query_-5pMypBbFEXHPOTYNJl_EA direction_eot seed=1234 gain=0.628 max|d|=10.04 (projection 16)
[ok] manila_query_-5pMypBbFEXHPOTYNJl_EA isotropic seed=1234 gain=4.020 max|d|=18.17 (no projection)
[ok] nairobi_query_-rWgRitoKSYrdczUKUiOrA direction seed=1234 gain=0.826 max|d|=13.22 (projection 16)
[ok] nairobi_query_-rWgRitoKSYrdczUKUiOrA direction_eot seed=1234 gain=0.622 max|d|=9.96 (projection 16)
[ok] nairobi_query_-rWgRitoKSYrdczUKUiOrA isotropic seed=1234 gain=3.969 max|d|=19.16 (no projection)
[ok] toronto_query_-5HBlqC41yTbYA1NM7dz1A direction seed=1234 gain=0.718 max|d|=11.49 (projection 16)
[ok] toronto_query_-5HBlqC41yTbYA1NM7dz1A direction_eot seed=1234 gain=0.592 max|d|=9.47 (projection 16)
[ok] toronto_query_-5HBlqC41yTbYA1NM7dz1A isotropic seed=1234 gain=4.043 max|d|=20.66 (no projection)
[ok] zurich_query_-7bB9HS2MqV7UT7vRyROfg direction seed=1234 gain=0.818 max|d|=13.09 (projection 16)
[ok] zurich_query_-7bB9HS2MqV7UT7vRyROfg direction_eot seed=1234 gain=0.647 max|d|=10.35 (projection 16)
[ok] zurich_query_-7bB9HS2MqV7UT7vRyROfg isotropic seed=1234 gain=3.977 max|d|=18.29 (no projection)
[ok] amman_query_-L_vanPrT4RcWlLbzCqMKA direction seed=1234 gain=0.741 max|d|=11.86 (projection 16)
[ok] amman_query_-L_vanPrT4RcWlLbzCqMKA direction_eot seed=1234 gain=0.587 max|d|=9.39 (projection 16)
[ok] amman_query_-L_vanPrT4RcWlLbzCqMKA isotropic seed=1234 gain=3.962 max|d|=18.26 (no projection)
[ok] boston_query_-5-CNr3q7kmRGcDSMueI4w direction seed=1234 gain=0.733 max|d|=11.72 (projection 16)
[ok] boston_query_-5-CNr3q7kmRGcDSMueI4w direction_eot seed=1234 gain=0.610 max|d|=9.76 (projection 16)
[ok] boston_query_-5-CNr3q7kmRGcDSMueI4w isotropic seed=1234 gain=3.964 max|d|=17.61 (no projection)
[ok] cph_query_-0_HsZnndjHv76QpTyNFCA direction seed=1234 gain=0.725 max|d|=11.60 (projection 16)
[ok] cph_query_-0_HsZnndjHv76QpTyNFCA direction_eot seed=1234 gain=0.582 max|d|=9.31 (projection 16)
[ok] cph_query_-0_HsZnndjHv76QpTyNFCA isotropic seed=1234 gain=3.974 max|d|=18.06 (no projection)
[ok] london_query_-7cNAk24ZhuoOowcvDoImw direction seed=1234 gain=0.821 max|d|=13.14 (projection 16)
[ok] london_query_-7cNAk24ZhuoOowcvDoImw direction_eot seed=1234 gain=0.643 max|d|=10.28 (projection 16)
[ok] london_query_-7cNAk24ZhuoOowcvDoImw isotropic seed=1234 gain=4.040 max|d|=19.53 (no projection)
[ok] manila_query_-6NSbTuzpeyDbSXKeGAasg direction seed=1234 gain=0.766 max|d|=12.26 (projection 16)
[ok] manila_query_-6NSbTuzpeyDbSXKeGAasg direction_eot seed=1234 gain=0.628 max|d|=10.05 (projection 16)
[ok] manila_query_-6NSbTuzpeyDbSXKeGAasg isotropic seed=1234 gain=3.969 max|d|=19.09 (no projection)
[ok] nairobi_query_-yxXz3in11JFniZQAa7m2A direction seed=1234 gain=0.802 max|d|=12.82 (projection 16)
[ok] nairobi_query_-yxXz3in11JFniZQAa7m2A direction_eot seed=1234 gain=0.626 max|d|=10.01 (projection 16)
[ok] nairobi_query_-yxXz3in11JFniZQAa7m2A isotropic seed=1234 gain=4.100 max|d|=18.82 (no projection)
[ok] toronto_query_-5RKNbex7In9Ys4mH40wXA direction seed=1234 gain=0.760 max|d|=12.16 (projection 16)
[ok] toronto_query_-5RKNbex7In9Ys4mH40wXA direction_eot seed=1234 gain=0.597 max|d|=9.56 (projection 16)
[ok] toronto_query_-5RKNbex7In9Ys4mH40wXA isotropic seed=1234 gain=4.168 max|d|=20.27 (no projection)
[ok] zurich_query_-ANYzSHAsjItBx6yJauT3A direction seed=1234 gain=0.759 max|d|=12.14 (projection 16)
[ok] zurich_query_-ANYzSHAsjItBx6yJauT3A direction_eot seed=1234 gain=0.619 max|d|=9.91 (projection 16)
[ok] zurich_query_-ANYzSHAsjItBx6yJauT3A isotropic seed=1234 gain=4.053 max|d|=18.91 (no projection)
[ok] amman_query_-MUBUlzvFxQS_zFg6xNhVg direction seed=1234 gain=0.782 max|d|=12.51 (projection 16)
[ok] amman_query_-MUBUlzvFxQS_zFg6xNhVg direction_eot seed=1234 gain=0.640 max|d|=10.24 (projection 16)
[ok] amman_query_-MUBUlzvFxQS_zFg6xNhVg isotropic seed=1234 gain=3.972 max|d|=17.60 (no projection)
[ok] boston_query_-6RLrPXAeunQaNK6m645ZA direction seed=1234 gain=0.736 max|d|=11.78 (projection 16)
[ok] boston_query_-6RLrPXAeunQaNK6m645ZA direction_eot seed=1234 gain=0.593 max|d|=9.49 (projection 16)
[ok] boston_query_-6RLrPXAeunQaNK6m645ZA isotropic seed=1234 gain=4.014 max|d|=17.86 (no projection)
[ok] cph_query_-2N5Dmf5tOm5N83KXgvjDw direction seed=1234 gain=0.752 max|d|=12.03 (projection 16)
[ok] cph_query_-2N5Dmf5tOm5N83KXgvjDw direction_eot seed=1234 gain=0.592 max|d|=9.47 (projection 16)
[ok] cph_query_-2N5Dmf5tOm5N83KXgvjDw isotropic seed=1234 gain=4.159 max|d|=19.98 (no projection)
[ok] london_query_-8xWvI5d3Z6gfsRDb_kEQQ direction seed=1234 gain=0.724 max|d|=11.58 (projection 16)
[ok] london_query_-8xWvI5d3Z6gfsRDb_kEQQ direction_eot seed=1234 gain=0.607 max|d|=9.71 (projection 16)
[ok] london_query_-8xWvI5d3Z6gfsRDb_kEQQ isotropic seed=1234 gain=4.064 max|d|=19.90 (no projection)
[ok] manila_query_-6_2C-ExaVhx4ONvHOvffw direction seed=1234 gain=0.726 max|d|=11.62 (projection 16)
[ok] manila_query_-6_2C-ExaVhx4ONvHOvffw direction_eot seed=1234 gain=0.572 max|d|=9.16 (projection 16)
[ok] manila_query_-6_2C-ExaVhx4ONvHOvffw isotropic seed=1234 gain=4.062 max|d|=17.67 (no projection)
[ok] nairobi_query_0-ZdPdUGwVdDwKbIOxQCBA direction seed=1234 gain=0.825 max|d|=13.19 (projection 16)
[ok] nairobi_query_0-ZdPdUGwVdDwKbIOxQCBA direction_eot seed=1234 gain=0.665 max|d|=10.64 (projection 16)
[ok] nairobi_query_0-ZdPdUGwVdDwKbIOxQCBA isotropic seed=1234 gain=3.982 max|d|=17.77 (no projection)
[ok] toronto_query_-5ryd5v5eXUsmP9y4p6w_g direction seed=1234 gain=0.802 max|d|=12.83 (projection 16)
[ok] toronto_query_-5ryd5v5eXUsmP9y4p6w_g direction_eot seed=1234 gain=0.632 max|d|=10.11 (projection 16)
[ok] toronto_query_-5ryd5v5eXUsmP9y4p6w_g isotropic seed=1234 gain=3.956 max|d|=18.40 (no projection)
[ok] zurich_query_-Bz7by7mnVU_HZbXc8FmpQ direction seed=1234 gain=0.755 max|d|=12.07 (projection 16)
[ok] zurich_query_-Bz7by7mnVU_HZbXc8FmpQ direction_eot seed=1234 gain=0.599 max|d|=9.59 (projection 16)
[ok] zurich_query_-Bz7by7mnVU_HZbXc8FmpQ isotropic seed=1234 gain=3.954 max|d|=17.73 (no projection)
[ok] amman_query_-N1g8CEJP4UIaWH8Qqja2g direction seed=1234 gain=0.760 max|d|=12.16 (projection 16)
[ok] amman_query_-N1g8CEJP4UIaWH8Qqja2g direction_eot seed=1234 gain=0.615 max|d|=9.83 (projection 16)
[ok] amman_query_-N1g8CEJP4UIaWH8Qqja2g isotropic seed=1234 gain=3.981 max|d|=17.56 (no projection)
[ok] boston_query_-7KZUz5u8-7ja98pf8etVA direction seed=1234 gain=0.807 max|d|=12.91 (projection 16)
[ok] boston_query_-7KZUz5u8-7ja98pf8etVA direction_eot seed=1234 gain=0.623 max|d|=9.97 (projection 16)
[ok] boston_query_-7KZUz5u8-7ja98pf8etVA isotropic seed=1234 gain=4.026 max|d|=18.05 (no projection)
[ok] cph_query_-3uNzD-M1uI2jZeGqOkpXg direction seed=1234 gain=0.798 max|d|=12.77 (projection 16)
[ok] cph_query_-3uNzD-M1uI2jZeGqOkpXg direction_eot seed=1234 gain=0.603 max|d|=9.66 (projection 16)
[ok] cph_query_-3uNzD-M1uI2jZeGqOkpXg isotropic seed=1234 gain=3.953 max|d|=19.11 (no projection)
[ok] london_query_-9FGszdwftnBlzMuP0c_NQ direction seed=1234 gain=0.748 max|d|=11.97 (projection 16)
[ok] london_query_-9FGszdwftnBlzMuP0c_NQ direction_eot seed=1234 gain=0.586 max|d|=9.37 (projection 16)
[ok] london_query_-9FGszdwftnBlzMuP0c_NQ isotropic seed=1234 gain=3.975 max|d|=19.44 (no projection)
[ok] manila_query_-6_XaKv0Rrp2Jl0G9m_8NQ direction seed=1234 gain=0.766 max|d|=12.26 (projection 16)
[ok] manila_query_-6_XaKv0Rrp2Jl0G9m_8NQ direction_eot seed=1234 gain=0.626 max|d|=10.01 (projection 16)
[ok] manila_query_-6_XaKv0Rrp2Jl0G9m_8NQ isotropic seed=1234 gain=3.970 max|d|=19.43 (no projection)
[ok] nairobi_query_01juXwMfxX_a4pfhpqt66g direction seed=1234 gain=0.843 max|d|=13.50 (projection 16)
[ok] nairobi_query_01juXwMfxX_a4pfhpqt66g direction_eot seed=1234 gain=0.685 max|d|=10.96 (projection 16)
[ok] nairobi_query_01juXwMfxX_a4pfhpqt66g isotropic seed=1234 gain=4.015 max|d|=17.71 (no projection)
[ok] toronto_query_-5z50PgNYnxK8Ns2WmF_TQ direction seed=1234 gain=0.797 max|d|=12.75 (projection 16)
[ok] toronto_query_-5z50PgNYnxK8Ns2WmF_TQ direction_eot seed=1234 gain=0.641 max|d|=10.26 (projection 16)
[ok] toronto_query_-5z50PgNYnxK8Ns2WmF_TQ isotropic seed=1234 gain=3.960 max|d|=18.45 (no projection)
[ok] zurich_query_-D3dDkhM5rjIJhj1SPdroA direction seed=1234 gain=0.729 max|d|=11.66 (projection 16)
[ok] zurich_query_-D3dDkhM5rjIJhj1SPdroA direction_eot seed=1234 gain=0.583 max|d|=9.33 (projection 16)
[ok] zurich_query_-D3dDkhM5rjIJhj1SPdroA isotropic seed=1234 gain=3.845 max|d|=17.62 (no projection)
[ok] amman_query_-VdxqGX8d8L_OiSEN5CtDw direction seed=1234 gain=0.764 max|d|=12.22 (projection 16)
[ok] amman_query_-VdxqGX8d8L_OiSEN5CtDw direction_eot seed=1234 gain=0.589 max|d|=9.43 (projection 16)
[ok] amman_query_-VdxqGX8d8L_OiSEN5CtDw isotropic seed=1234 gain=3.971 max|d|=18.09 (no projection)
[ok] boston_query_-8cIAPzC7_za-xCEWsIoK2 direction seed=1234 gain=0.803 max|d|=12.86 (projection 16)
[ok] boston_query_-8cIAPzC7_za-xCEWsIoK2 direction_eot seed=1234 gain=0.628 max|d|=10.04 (projection 16)
[ok] boston_query_-8cIAPzC7_za-xCEWsIoK2 isotropic seed=1234 gain=4.016 max|d|=19.65 (no projection)
[ok] cph_query_-4KruxIYZ3a3GYE0tOKn2w direction seed=1234 gain=0.738 max|d|=11.81 (projection 16)
[ok] cph_query_-4KruxIYZ3a3GYE0tOKn2w direction_eot seed=1234 gain=0.608 max|d|=9.73 (projection 16)
[ok] cph_query_-4KruxIYZ3a3GYE0tOKn2w isotropic seed=1234 gain=4.063 max|d|=20.72 (no projection)
[ok] london_query_-9KgeyegI3TaGMqglsDENg direction seed=1234 gain=0.752 max|d|=12.04 (projection 16)
[ok] london_query_-9KgeyegI3TaGMqglsDENg direction_eot seed=1234 gain=0.600 max|d|=9.60 (projection 16)
[ok] london_query_-9KgeyegI3TaGMqglsDENg isotropic seed=1234 gain=3.980 max|d|=17.47 (no projection)
[ok] manila_query_-7YHsOWBiYFmYcRzIM0ijg direction seed=1234 gain=0.800 max|d|=12.80 (projection 16)
[ok] manila_query_-7YHsOWBiYFmYcRzIM0ijg direction_eot seed=1234 gain=0.641 max|d|=10.26 (projection 16)
[ok] manila_query_-7YHsOWBiYFmYcRzIM0ijg isotropic seed=1234 gain=3.980 max|d|=18.92 (no projection)
[ok] nairobi_query_09aysNUjwNAPHsHo-R-IdA direction seed=1234 gain=0.792 max|d|=12.67 (projection 16)
[ok] nairobi_query_09aysNUjwNAPHsHo-R-IdA direction_eot seed=1234 gain=0.632 max|d|=10.11 (projection 16)
[ok] nairobi_query_09aysNUjwNAPHsHo-R-IdA isotropic seed=1234 gain=3.958 max|d|=16.93 (no projection)
[ok] toronto_query_-68JeZKxV2XoP0N_6780Og direction seed=1234 gain=0.759 max|d|=12.14 (projection 16)
[ok] toronto_query_-68JeZKxV2XoP0N_6780Og direction_eot seed=1234 gain=0.605 max|d|=9.69 (projection 16)
[ok] toronto_query_-68JeZKxV2XoP0N_6780Og isotropic seed=1234 gain=3.960 max|d|=18.84 (no projection)
[ok] zurich_query_-E0qyEWY7jSPMOpGqiEG-A direction seed=1234 gain=0.713 max|d|=11.40 (projection 16)
[ok] zurich_query_-E0qyEWY7jSPMOpGqiEG-A direction_eot seed=1234 gain=0.573 max|d|=9.17 (projection 16)
[ok] zurich_query_-E0qyEWY7jSPMOpGqiEG-A isotropic seed=1234 gain=4.007 max|d|=18.12 (no projection)
[ok] amman_query_-XWB_1fOm8NW5dQx9p5IKg direction seed=1234 gain=0.739 max|d|=11.83 (projection 16)
[ok] amman_query_-XWB_1fOm8NW5dQx9p5IKg direction_eot seed=1234 gain=0.600 max|d|=9.60 (projection 16)
[ok] amman_query_-XWB_1fOm8NW5dQx9p5IKg isotropic seed=1234 gain=3.962 max|d|=17.38 (no projection)
[ok] boston_query_-9Lur-PAHqcMspWszAgfqw direction seed=1234 gain=0.782 max|d|=12.51 (projection 16)
[ok] boston_query_-9Lur-PAHqcMspWszAgfqw direction_eot seed=1234 gain=0.650 max|d|=10.39 (projection 16)
[ok] boston_query_-9Lur-PAHqcMspWszAgfqw isotropic seed=1234 gain=4.058 max|d|=18.59 (no projection)
[ok] cph_query_-4RqBOkDhigU8JsdQZINkQ direction seed=1234 gain=0.769 max|d|=12.31 (projection 16)
[ok] cph_query_-4RqBOkDhigU8JsdQZINkQ direction_eot seed=1234 gain=0.591 max|d|=9.46 (projection 16)
[ok] cph_query_-4RqBOkDhigU8JsdQZINkQ isotropic seed=1234 gain=4.036 max|d|=18.37 (no projection)
[ok] london_query_-FGaYVNFN5ALUsVDNixL_g direction seed=1234 gain=0.776 max|d|=12.42 (projection 16)
[ok] london_query_-FGaYVNFN5ALUsVDNixL_g direction_eot seed=1234 gain=0.639 max|d|=10.22 (projection 16)
[ok] london_query_-FGaYVNFN5ALUsVDNixL_g isotropic seed=1234 gain=4.004 max|d|=20.12 (no projection)
[ok] manila_query_-81llwEm_ZxNy7Sa7Xrjlw direction seed=1234 gain=0.776 max|d|=12.42 (projection 16)
[ok] manila_query_-81llwEm_ZxNy7Sa7Xrjlw direction_eot seed=1234 gain=0.612 max|d|=9.80 (projection 16)
[ok] manila_query_-81llwEm_ZxNy7Sa7Xrjlw isotropic seed=1234 gain=4.105 max|d|=18.21 (no projection)
[ok] nairobi_query_0ByAmUG6wFySvLcHHQ0Sdg direction seed=1234 gain=0.775 max|d|=12.39 (projection 16)
[ok] nairobi_query_0ByAmUG6wFySvLcHHQ0Sdg direction_eot seed=1234 gain=0.617 max|d|=9.87 (projection 16)
[ok] nairobi_query_0ByAmUG6wFySvLcHHQ0Sdg isotropic seed=1234 gain=4.032 max|d|=18.58 (no projection)
[ok] toronto_query_-6ZIqrL48IaL1dCCO7bDVQ direction seed=1234 gain=0.797 max|d|=12.74 (projection 16)
[ok] toronto_query_-6ZIqrL48IaL1dCCO7bDVQ direction_eot seed=1234 gain=0.613 max|d|=9.81 (projection 16)
[ok] toronto_query_-6ZIqrL48IaL1dCCO7bDVQ isotropic seed=1234 gain=3.963 max|d|=16.91 (no projection)
[ok] zurich_query_-F7hOUVha_xHAoDddsUYdw direction seed=1234 gain=0.801 max|d|=12.81 (projection 16)
[ok] zurich_query_-F7hOUVha_xHAoDddsUYdw direction_eot seed=1234 gain=0.612 max|d|=9.80 (projection 16)
[ok] zurich_query_-F7hOUVha_xHAoDddsUYdw isotropic seed=1234 gain=4.013 max|d|=17.31 (no projection)
[ok] amman_query_-iXxlTRmA5JphamcIjxBbA direction seed=1234 gain=0.785 max|d|=12.57 (projection 16)
[ok] amman_query_-iXxlTRmA5JphamcIjxBbA direction_eot seed=1234 gain=0.623 max|d|=9.97 (projection 16)
[ok] amman_query_-iXxlTRmA5JphamcIjxBbA isotropic seed=1234 gain=3.966 max|d|=21.50 (no projection)
[ok] boston_query_-9gbUk-DmX9AOqntuN1nEm direction seed=1234 gain=0.694 max|d|=11.10 (projection 16)
[ok] boston_query_-9gbUk-DmX9AOqntuN1nEm direction_eot seed=1234 gain=0.578 max|d|=9.24 (projection 16)
[ok] boston_query_-9gbUk-DmX9AOqntuN1nEm isotropic seed=1234 gain=4.034 max|d|=18.26 (no projection)
[ok] cph_query_-4XnD9qE623teR-nRYxB5A direction seed=1234 gain=0.753 max|d|=12.04 (projection 16)
[ok] cph_query_-4XnD9qE623teR-nRYxB5A direction_eot seed=1234 gain=0.631 max|d|=10.10 (projection 16)
[ok] cph_query_-4XnD9qE623teR-nRYxB5A isotropic seed=1234 gain=4.422 max|d|=20.49 (no projection)
[ok] london_query_-Flts9XBA2wVlru8_LHbkg direction seed=1234 gain=0.784 max|d|=12.55 (projection 16)
[ok] london_query_-Flts9XBA2wVlru8_LHbkg direction_eot seed=1234 gain=0.647 max|d|=10.35 (projection 16)
[ok] london_query_-Flts9XBA2wVlru8_LHbkg isotropic seed=1234 gain=4.028 max|d|=19.04 (no projection)
[ok] manila_query_-85J_HceaTP2S0IavwkQ-A direction seed=1234 gain=0.743 max|d|=11.89 (projection 16)
[ok] manila_query_-85J_HceaTP2S0IavwkQ-A direction_eot seed=1234 gain=0.592 max|d|=9.47 (projection 16)
[ok] manila_query_-85J_HceaTP2S0IavwkQ-A isotropic seed=1234 gain=3.999 max|d|=19.22 (no projection)
[ok] nairobi_query_0LJUobuUEqOqrZc4s2fVgg direction seed=1234 gain=0.843 max|d|=13.48 (projection 16)
[ok] nairobi_query_0LJUobuUEqOqrZc4s2fVgg direction_eot seed=1234 gain=0.685 max|d|=10.95 (projection 16)
[ok] nairobi_query_0LJUobuUEqOqrZc4s2fVgg isotropic seed=1234 gain=4.004 max|d|=18.90 (no projection)
[ok] toronto_query_-7C0G-8afrBbN3hImbBHsA direction seed=1234 gain=0.798 max|d|=12.77 (projection 16)
[ok] toronto_query_-7C0G-8afrBbN3hImbBHsA direction_eot seed=1234 gain=0.647 max|d|=10.35 (projection 16)
[ok] toronto_query_-7C0G-8afrBbN3hImbBHsA isotropic seed=1234 gain=3.973 max|d|=19.28 (no projection)
[ok] zurich_query_-Kb55YIF941j2DBFO5gVjA direction seed=1234 gain=0.774 max|d|=12.38 (projection 16)
[ok] zurich_query_-Kb55YIF941j2DBFO5gVjA direction_eot seed=1234 gain=0.606 max|d|=9.70 (projection 16)
[ok] zurich_query_-Kb55YIF941j2DBFO5gVjA isotropic seed=1234 gain=3.956 max|d|=18.45 (no projection)
[ok] amman_query_-qij8CFaEYNp4JW3rF9oqQ direction seed=1234 gain=0.771 max|d|=12.34 (projection 16)
[ok] amman_query_-qij8CFaEYNp4JW3rF9oqQ direction_eot seed=1234 gain=0.622 max|d|=9.96 (projection 16)
[ok] amman_query_-qij8CFaEYNp4JW3rF9oqQ isotropic seed=1234 gain=3.988 max|d|=18.83 (no projection)
[ok] boston_query_-AJWNV55EAzvKArt5mMYqg direction seed=1234 gain=0.796 max|d|=12.74 (projection 16)
[ok] boston_query_-AJWNV55EAzvKArt5mMYqg direction_eot seed=1234 gain=0.639 max|d|=10.23 (projection 16)
[ok] boston_query_-AJWNV55EAzvKArt5mMYqg isotropic seed=1234 gain=3.994 max|d|=19.31 (no projection)
[ok] cph_query_-5qSxgAnKk-6Bf5AVVoPjA direction seed=1234 gain=0.780 max|d|=12.47 (projection 16)
[ok] cph_query_-5qSxgAnKk-6Bf5AVVoPjA direction_eot seed=1234 gain=0.631 max|d|=10.09 (projection 16)
[ok] cph_query_-5qSxgAnKk-6Bf5AVVoPjA isotropic seed=1234 gain=3.961 max|d|=18.05 (no projection)
[ok] london_query_-HfvOD1d7XUGJoEMybpyqQ direction seed=1234 gain=0.715 max|d|=11.44 (projection 16)
[ok] london_query_-HfvOD1d7XUGJoEMybpyqQ direction_eot seed=1234 gain=0.577 max|d|=9.23 (projection 16)
[ok] london_query_-HfvOD1d7XUGJoEMybpyqQ isotropic seed=1234 gain=3.997 max|d|=19.38 (no projection)
[ok] manila_query_-9tG6ERjH4jVcWo9jkVvBg direction seed=1234 gain=0.708 max|d|=11.33 (projection 16)
[ok] manila_query_-9tG6ERjH4jVcWo9jkVvBg direction_eot seed=1234 gain=0.568 max|d|=9.08 (projection 16)
[ok] manila_query_-9tG6ERjH4jVcWo9jkVvBg isotropic seed=1234 gain=3.979 max|d|=18.09 (no projection)
[ok] nairobi_query_0M1Vl3tUlt_2MiFp6vxhrg direction seed=1234 gain=0.821 max|d|=13.13 (projection 16)
[ok] nairobi_query_0M1Vl3tUlt_2MiFp6vxhrg direction_eot seed=1234 gain=0.658 max|d|=10.52 (projection 16)
[ok] nairobi_query_0M1Vl3tUlt_2MiFp6vxhrg isotropic seed=1234 gain=3.969 max|d|=18.58 (no projection)
[ok] toronto_query_-7bDZLvVOVk7ethfd1yomg direction seed=1234 gain=0.699 max|d|=11.18 (projection 16)
[ok] toronto_query_-7bDZLvVOVk7ethfd1yomg direction_eot seed=1234 gain=0.564 max|d|=9.02 (projection 16)
[ok] toronto_query_-7bDZLvVOVk7ethfd1yomg isotropic seed=1234 gain=3.994 max|d|=18.19 (no projection)
[ok] zurich_query_-Km53YFc8zewa3vS2OeGsQ direction seed=1234 gain=0.791 max|d|=12.66 (projection 16)
[ok] zurich_query_-Km53YFc8zewa3vS2OeGsQ direction_eot seed=1234 gain=0.611 max|d|=9.78 (projection 16)
[ok] zurich_query_-Km53YFc8zewa3vS2OeGsQ isotropic seed=1234 gain=3.987 max|d|=18.67 (no projection)
[ok] amman_query_-t_-moqpBTWSiKU7mS-lgQ direction seed=1234 gain=0.813 max|d|=13.01 (projection 16)
[ok] amman_query_-t_-moqpBTWSiKU7mS-lgQ direction_eot seed=1234 gain=0.680 max|d|=10.88 (projection 16)
[ok] amman_query_-t_-moqpBTWSiKU7mS-lgQ isotropic seed=1234 gain=3.952 max|d|=17.63 (no projection)
[ok] boston_query_-Ae9_7GnntvqV8myNb9fhv direction seed=1234 gain=0.777 max|d|=12.43 (projection 16)
[ok] boston_query_-Ae9_7GnntvqV8myNb9fhv direction_eot seed=1234 gain=0.628 max|d|=10.04 (projection 16)
[ok] boston_query_-Ae9_7GnntvqV8myNb9fhv isotropic seed=1234 gain=4.044 max|d|=18.24 (no projection)
[ok] cph_query_-8E-udXiyMJCRp_UkM4Kgw direction seed=1234 gain=0.775 max|d|=12.40 (projection 16)
[ok] cph_query_-8E-udXiyMJCRp_UkM4Kgw direction_eot seed=1234 gain=0.619 max|d|=9.91 (projection 16)
[ok] cph_query_-8E-udXiyMJCRp_UkM4Kgw isotropic seed=1234 gain=4.015 max|d|=18.87 (no projection)
[ok] london_query_-Id3DdRqVbjIA39wjxbTgw direction seed=1234 gain=0.716 max|d|=11.46 (projection 16)
[ok] london_query_-Id3DdRqVbjIA39wjxbTgw direction_eot seed=1234 gain=0.582 max|d|=9.31 (projection 16)
[ok] london_query_-Id3DdRqVbjIA39wjxbTgw isotropic seed=1234 gain=3.992 max|d|=18.78 (no projection)
[ok] manila_query_-AXkFLZ0HchDGYvJ_KZ3dQ direction seed=1234 gain=0.774 max|d|=12.38 (projection 16)
[ok] manila_query_-AXkFLZ0HchDGYvJ_KZ3dQ direction_eot seed=1234 gain=0.622 max|d|=9.95 (projection 16)
[ok] manila_query_-AXkFLZ0HchDGYvJ_KZ3dQ isotropic seed=1234 gain=3.960 max|d|=20.28 (no projection)
[ok] nairobi_query_0Oa1jUYlj8LE47HApYWufA direction seed=1234 gain=0.811 max|d|=12.98 (projection 16)
[ok] nairobi_query_0Oa1jUYlj8LE47HApYWufA direction_eot seed=1234 gain=0.622 max|d|=9.95 (projection 16)
[ok] nairobi_query_0Oa1jUYlj8LE47HApYWufA isotropic seed=1234 gain=3.964 max|d|=18.65 (no projection)
[ok] toronto_query_-85n6JJLXmi04edt5JxhzQ direction seed=1234 gain=0.823 max|d|=13.16 (projection 16)
[ok] toronto_query_-85n6JJLXmi04edt5JxhzQ direction_eot seed=1234 gain=0.636 max|d|=10.17 (projection 16)
[ok] toronto_query_-85n6JJLXmi04edt5JxhzQ isotropic seed=1234 gain=3.974 max|d|=20.50 (no projection)
[ok] zurich_query_-M0Q1_7lg_TKGT2-mllw4w direction seed=1234 gain=0.822 max|d|=13.15 (projection 16)
[ok] zurich_query_-M0Q1_7lg_TKGT2-mllw4w direction_eot seed=1234 gain=0.658 max|d|=10.53 (projection 16)
[ok] zurich_query_-M0Q1_7lg_TKGT2-mllw4w isotropic seed=1234 gain=3.972 max|d|=20.02 (no projection)
[ok] amman_query_0-2jyV8XAzdAOYMkdyQVLw direction seed=1234 gain=0.784 max|d|=12.54 (projection 16)
[ok] amman_query_0-2jyV8XAzdAOYMkdyQVLw direction_eot seed=1234 gain=0.612 max|d|=9.80 (projection 16)
[ok] amman_query_0-2jyV8XAzdAOYMkdyQVLw isotropic seed=1234 gain=3.955 max|d|=18.38 (no projection)
[ok] boston_query_-BE36-GG_yM6YS57M_uMTQ direction seed=1234 gain=0.800 max|d|=12.81 (projection 16)
[ok] boston_query_-BE36-GG_yM6YS57M_uMTQ direction_eot seed=1234 gain=0.652 max|d|=10.44 (projection 16)
[ok] boston_query_-BE36-GG_yM6YS57M_uMTQ isotropic seed=1234 gain=3.760 max|d|=16.84 (no projection)
[ok] cph_query_-9WYlFp61M1J1zV1mJD4uA direction seed=1234 gain=0.838 max|d|=13.41 (projection 16)
[ok] cph_query_-9WYlFp61M1J1zV1mJD4uA direction_eot seed=1234 gain=0.654 max|d|=10.46 (projection 16)
[ok] cph_query_-9WYlFp61M1J1zV1mJD4uA isotropic seed=1234 gain=3.926 max|d|=16.97 (no projection)
[ok] london_query_-OOGG8lTvgHHqp3iuULlyQ direction seed=1234 gain=0.713 max|d|=11.40 (projection 16)
[ok] london_query_-OOGG8lTvgHHqp3iuULlyQ direction_eot seed=1234 gain=0.579 max|d|=9.26 (projection 16)
[ok] london_query_-OOGG8lTvgHHqp3iuULlyQ isotropic seed=1234 gain=3.956 max|d|=18.72 (no projection)
[ok] manila_query_-ColYSDtqqoE3TZ4eZHu8g direction seed=1234 gain=0.772 max|d|=12.36 (projection 16)
[ok] manila_query_-ColYSDtqqoE3TZ4eZHu8g direction_eot seed=1234 gain=0.615 max|d|=9.84 (projection 16)
[ok] manila_query_-ColYSDtqqoE3TZ4eZHu8g isotropic seed=1234 gain=3.973 max|d|=20.43 (no projection)
[ok] nairobi_query_0R73ChZbcyJ8Z4vBaef_Jw direction seed=1234 gain=0.825 max|d|=13.20 (projection 16)
[ok] nairobi_query_0R73ChZbcyJ8Z4vBaef_Jw direction_eot seed=1234 gain=0.665 max|d|=10.65 (projection 16)
[ok] nairobi_query_0R73ChZbcyJ8Z4vBaef_Jw isotropic seed=1234 gain=3.989 max|d|=18.99 (no projection)
[ok] toronto_query_-8BknWmZh2lEnEeect73Ww direction seed=1234 gain=0.702 max|d|=11.24 (projection 16)
[ok] toronto_query_-8BknWmZh2lEnEeect73Ww direction_eot seed=1234 gain=0.577 max|d|=9.23 (projection 16)
[ok] toronto_query_-8BknWmZh2lEnEeect73Ww isotropic seed=1234 gain=3.982 max|d|=18.33 (no projection)
[ok] zurich_query_-TxHEY5xnZFgfnHO3ygjzw direction seed=1234 gain=0.788 max|d|=12.61 (projection 16)
[ok] zurich_query_-TxHEY5xnZFgfnHO3ygjzw direction_eot seed=1234 gain=0.632 max|d|=10.11 (projection 16)
[ok] zurich_query_-TxHEY5xnZFgfnHO3ygjzw isotropic seed=1234 gain=3.970 max|d|=18.51 (no projection)
[ok] amman_query_051WRvR5gI1vde606oseFw direction seed=1234 gain=0.804 max|d|=12.86 (projection 16)
[ok] amman_query_051WRvR5gI1vde606oseFw direction_eot seed=1234 gain=0.645 max|d|=10.32 (projection 16)
[ok] amman_query_051WRvR5gI1vde606oseFw isotropic seed=1234 gain=3.948 max|d|=18.59 (no projection)
[ok] boston_query_-CNeDzWqfei0F-1CmA8N9A direction seed=1234 gain=0.734 max|d|=11.74 (projection 16)
[ok] boston_query_-CNeDzWqfei0F-1CmA8N9A direction_eot seed=1234 gain=0.581 max|d|=9.30 (projection 16)
[ok] boston_query_-CNeDzWqfei0F-1CmA8N9A isotropic seed=1234 gain=3.969 max|d|=18.46 (no projection)
[ok] cph_query_-9ZOGirqZl2EVYWN1WLERg direction seed=1234 gain=0.794 max|d|=12.71 (projection 16)
[ok] cph_query_-9ZOGirqZl2EVYWN1WLERg direction_eot seed=1234 gain=0.648 max|d|=10.37 (projection 16)
[ok] cph_query_-9ZOGirqZl2EVYWN1WLERg isotropic seed=1234 gain=3.960 max|d|=19.88 (no projection)
[ok] london_query_-TmVvxY52h9CjrIUzBbCgw direction seed=1234 gain=0.793 max|d|=12.69 (projection 16)
[ok] london_query_-TmVvxY52h9CjrIUzBbCgw direction_eot seed=1234 gain=0.621 max|d|=9.94 (projection 16)
[ok] london_query_-TmVvxY52h9CjrIUzBbCgw isotropic seed=1234 gain=4.022 max|d|=17.73 (no projection)
[ok] manila_query_-ELxcda6ePiuO6nR3VP3-A direction seed=1234 gain=0.706 max|d|=11.29 (projection 16)
[ok] manila_query_-ELxcda6ePiuO6nR3VP3-A direction_eot seed=1234 gain=0.596 max|d|=9.53 (projection 16)
[ok] manila_query_-ELxcda6ePiuO6nR3VP3-A isotropic seed=1234 gain=4.095 max|d|=19.78 (no projection)
[ok] nairobi_query_0TzVtw0twyRTMFGP-VzE8A direction seed=1234 gain=0.822 max|d|=13.15 (projection 16)
[ok] nairobi_query_0TzVtw0twyRTMFGP-VzE8A direction_eot seed=1234 gain=0.670 max|d|=10.73 (projection 16)
[ok] nairobi_query_0TzVtw0twyRTMFGP-VzE8A isotropic seed=1234 gain=3.994 max|d|=17.38 (no projection)
[ok] toronto_query_-8NbZpIbjwqAXwoRMmYddg direction seed=1234 gain=0.761 max|d|=12.18 (projection 16)
[ok] toronto_query_-8NbZpIbjwqAXwoRMmYddg direction_eot seed=1234 gain=0.622 max|d|=9.96 (projection 16)
[ok] toronto_query_-8NbZpIbjwqAXwoRMmYddg isotropic seed=1234 gain=3.954 max|d|=18.09 (no projection)
[ok] zurich_query_-Vs9xzO47S-0Cfs9o81wvQ direction seed=1234 gain=0.748 max|d|=11.97 (projection 16)
[ok] zurich_query_-Vs9xzO47S-0Cfs9o81wvQ direction_eot seed=1234 gain=0.590 max|d|=9.44 (projection 16)
[ok] zurich_query_-Vs9xzO47S-0Cfs9o81wvQ isotropic seed=1234 gain=3.983 max|d|=18.21 (no projection)
[ok] amman_query_0CjrhmzpvqXBOIBsGB6LcQ direction seed=1234 gain=0.797 max|d|=12.76 (projection 16)
[ok] amman_query_0CjrhmzpvqXBOIBsGB6LcQ direction_eot seed=1234 gain=0.666 max|d|=10.66 (projection 16)
[ok] amman_query_0CjrhmzpvqXBOIBsGB6LcQ isotropic seed=1234 gain=3.974 max|d|=20.40 (no projection)
[ok] boston_query_-D-onyWSIw3M1SbsxL7X-g direction seed=1234 gain=0.729 max|d|=11.67 (projection 16)
[ok] boston_query_-D-onyWSIw3M1SbsxL7X-g direction_eot seed=1234 gain=0.594 max|d|=9.50 (projection 16)
[ok] boston_query_-D-onyWSIw3M1SbsxL7X-g isotropic seed=1234 gain=4.020 max|d|=18.07 (no projection)
[ok] cph_query_-AowxxrsOr_xM02-ZyrQ5A direction seed=1234 gain=0.762 max|d|=12.19 (projection 16)
[ok] cph_query_-AowxxrsOr_xM02-ZyrQ5A direction_eot seed=1234 gain=0.620 max|d|=9.92 (projection 16)
[ok] cph_query_-AowxxrsOr_xM02-ZyrQ5A isotropic seed=1234 gain=4.008 max|d|=18.28 (no projection)
[ok] london_query_-UeH_UbGnPshWdeEEYfhyQ direction seed=1234 gain=0.812 max|d|=13.00 (projection 16)
[ok] london_query_-UeH_UbGnPshWdeEEYfhyQ direction_eot seed=1234 gain=0.652 max|d|=10.44 (projection 16)
[ok] london_query_-UeH_UbGnPshWdeEEYfhyQ isotropic seed=1234 gain=3.966 max|d|=17.83 (no projection)
[ok] manila_query_-EVOy4h35ZUyBK4r6uBM5g direction seed=1234 gain=0.811 max|d|=12.97 (projection 16)
[ok] manila_query_-EVOy4h35ZUyBK4r6uBM5g direction_eot seed=1234 gain=0.652 max|d|=10.43 (projection 16)
[ok] manila_query_-EVOy4h35ZUyBK4r6uBM5g isotropic seed=1234 gain=3.995 max|d|=18.68 (no projection)
[ok] nairobi_query_0YY7sOJF2Kr1PfPB1KidBg direction seed=1234 gain=0.844 max|d|=13.50 (projection 16)
[ok] nairobi_query_0YY7sOJF2Kr1PfPB1KidBg direction_eot seed=1234 gain=0.691 max|d|=11.05 (projection 16)
[ok] nairobi_query_0YY7sOJF2Kr1PfPB1KidBg isotropic seed=1234 gain=4.019 max|d|=18.24 (no projection)
[ok] toronto_query_-8Q-Otkctyr1cXAnmn2BEw direction seed=1234 gain=0.767 max|d|=12.27 (projection 16)
[ok] toronto_query_-8Q-Otkctyr1cXAnmn2BEw direction_eot seed=1234 gain=0.635 max|d|=10.17 (projection 16)
[ok] toronto_query_-8Q-Otkctyr1cXAnmn2BEw isotropic seed=1234 gain=4.147 max|d|=19.02 (no projection)
[ok] zurich_query_-ZAb7eYhYeo1yW06_paa_g direction seed=1234 gain=0.758 max|d|=12.12 (projection 16)
[ok] zurich_query_-ZAb7eYhYeo1yW06_paa_g direction_eot seed=1234 gain=0.599 max|d|=9.58 (projection 16)
[ok] zurich_query_-ZAb7eYhYeo1yW06_paa_g isotropic seed=1234 gain=3.988 max|d|=16.95 (no projection)
[ok] amman_query_0IvHKlYEfFEP39KRxr9UZg direction seed=1234 gain=0.739 max|d|=11.82 (projection 16)
[ok] amman_query_0IvHKlYEfFEP39KRxr9UZg direction_eot seed=1234 gain=0.600 max|d|=9.60 (projection 16)
[ok] amman_query_0IvHKlYEfFEP39KRxr9UZg isotropic seed=1234 gain=3.959 max|d|=17.47 (no projection)
[ok] boston_query_-DYvemYiNwx_BmPSrlUWIA direction seed=1234 gain=0.800 max|d|=12.80 (projection 16)
[ok] boston_query_-DYvemYiNwx_BmPSrlUWIA direction_eot seed=1234 gain=0.634 max|d|=10.14 (projection 16)
[ok] boston_query_-DYvemYiNwx_BmPSrlUWIA isotropic seed=1234 gain=3.990 max|d|=18.49 (no projection)
[ok] cph_query_-BH_JCTriNnLeoSt0e51lQ direction seed=1234 gain=0.846 max|d|=13.54 (projection 16)
[ok] cph_query_-BH_JCTriNnLeoSt0e51lQ direction_eot seed=1234 gain=0.685 max|d|=10.95 (projection 16)
[ok] cph_query_-BH_JCTriNnLeoSt0e51lQ isotropic seed=1234 gain=3.983 max|d|=17.76 (no projection)
[ok] london_query_-WUdEGuLIX2B2T8rBV0Rgw direction seed=1234 gain=0.760 max|d|=12.16 (projection 16)
[ok] london_query_-WUdEGuLIX2B2T8rBV0Rgw direction_eot seed=1234 gain=0.598 max|d|=9.57 (projection 16)
[ok] london_query_-WUdEGuLIX2B2T8rBV0Rgw isotropic seed=1234 gain=4.044 max|d|=17.91 (no projection)
[ok] manila_query_-EthLwRJMwt-Shb-xpIYlA direction seed=1234 gain=0.744 max|d|=11.90 (projection 16)
[ok] manila_query_-EthLwRJMwt-Shb-xpIYlA direction_eot seed=1234 gain=0.597 max|d|=9.56 (projection 16)
[ok] manila_query_-EthLwRJMwt-Shb-xpIYlA isotropic seed=1234 gain=3.994 max|d|=18.25 (no projection)
[ok] nairobi_query_0jIUlQnC_o05NHi_OMD_vg direction seed=1234 gain=0.815 max|d|=13.05 (projection 16)
[ok] nairobi_query_0jIUlQnC_o05NHi_OMD_vg direction_eot seed=1234 gain=0.621 max|d|=9.94 (projection 16)
[ok] nairobi_query_0jIUlQnC_o05NHi_OMD_vg isotropic seed=1234 gain=4.125 max|d|=22.81 (no projection)
[ok] toronto_query_-8imnyri_5yPaHzqoBtiSg direction seed=1234 gain=0.780 max|d|=12.48 (projection 16)
[ok] toronto_query_-8imnyri_5yPaHzqoBtiSg direction_eot seed=1234 gain=0.622 max|d|=9.95 (projection 16)
[ok] toronto_query_-8imnyri_5yPaHzqoBtiSg isotropic seed=1234 gain=3.974 max|d|=19.30 (no projection)
[ok] zurich_query_-_SB4ERKdFDYkwavdkk6NA direction seed=1234 gain=0.749 max|d|=11.99 (projection 16)
[ok] zurich_query_-_SB4ERKdFDYkwavdkk6NA direction_eot seed=1234 gain=0.588 max|d|=9.41 (projection 16)
[ok] zurich_query_-_SB4ERKdFDYkwavdkk6NA isotropic seed=1234 gain=3.987 max|d|=18.24 (no projection)
[ok] amman_query_0NfGsYmI9MkLl0JzfO-tJg direction seed=1234 gain=0.798 max|d|=12.77 (projection 16)
[ok] amman_query_0NfGsYmI9MkLl0JzfO-tJg direction_eot seed=1234 gain=0.609 max|d|=9.75 (projection 16)
[ok] amman_query_0NfGsYmI9MkLl0JzfO-tJg isotropic seed=1234 gain=3.965 max|d|=18.35 (no projection)
[ok] boston_query_-DZ2jmUKLylFospVHUJx9w direction seed=1234 gain=0.797 max|d|=12.75 (projection 16)
[ok] boston_query_-DZ2jmUKLylFospVHUJx9w direction_eot seed=1234 gain=0.643 max|d|=10.28 (projection 16)
[ok] boston_query_-DZ2jmUKLylFospVHUJx9w isotropic seed=1234 gain=3.996 max|d|=18.20 (no projection)
[ok] cph_query_-CmhgNHgZVau1Sw841AZJw direction seed=1234 gain=0.803 max|d|=12.84 (projection 16)
[ok] cph_query_-CmhgNHgZVau1Sw841AZJw direction_eot seed=1234 gain=0.627 max|d|=10.03 (projection 16)
[ok] cph_query_-CmhgNHgZVau1Sw841AZJw isotropic seed=1234 gain=3.991 max|d|=18.44 (no projection)
[ok] london_query_-WZeEq0W1pr6VJS4t3dR0g direction seed=1234 gain=0.798 max|d|=12.76 (projection 16)
[ok] london_query_-WZeEq0W1pr6VJS4t3dR0g direction_eot seed=1234 gain=0.632 max|d|=10.11 (projection 16)
[ok] london_query_-WZeEq0W1pr6VJS4t3dR0g isotropic seed=1234 gain=4.038 max|d|=22.17 (no projection)
[ok] manila_query_-GD9SrklFbEy7mNAK9uIXg direction seed=1234 gain=0.784 max|d|=12.54 (projection 16)
[ok] manila_query_-GD9SrklFbEy7mNAK9uIXg direction_eot seed=1234 gain=0.634 max|d|=10.15 (projection 16)
[ok] manila_query_-GD9SrklFbEy7mNAK9uIXg isotropic seed=1234 gain=3.975 max|d|=17.38 (no projection)
[ok] nairobi_query_0o5iaNnZzqS9cqJ1tMT85g direction seed=1234 gain=0.752 max|d|=12.04 (projection 16)
[ok] nairobi_query_0o5iaNnZzqS9cqJ1tMT85g direction_eot seed=1234 gain=0.572 max|d|=9.15 (projection 16)
[ok] nairobi_query_0o5iaNnZzqS9cqJ1tMT85g isotropic seed=1234 gain=3.963 max|d|=18.21 (no projection)
[ok] toronto_query_-8zrNMH6voa2ZtBaGNpoYQ direction seed=1234 gain=0.792 max|d|=12.67 (projection 16)
[ok] toronto_query_-8zrNMH6voa2ZtBaGNpoYQ direction_eot seed=1234 gain=0.609 max|d|=9.74 (projection 16)
[ok] toronto_query_-8zrNMH6voa2ZtBaGNpoYQ isotropic seed=1234 gain=3.977 max|d|=20.28 (no projection)
[ok] zurich_query_-bwmsEYfSnHpjkqrw0Vn6g direction seed=1234 gain=0.777 max|d|=12.43 (projection 16)
[ok] zurich_query_-bwmsEYfSnHpjkqrw0Vn6g direction_eot seed=1234 gain=0.632 max|d|=10.12 (projection 16)
[ok] zurich_query_-bwmsEYfSnHpjkqrw0Vn6g isotropic seed=1234 gain=3.989 max|d|=18.87 (no projection)
[ok] amman_query_0PLHged3iWJuuv8xOPB5rA direction seed=1234 gain=0.788 max|d|=12.60 (projection 16)
[ok] amman_query_0PLHged3iWJuuv8xOPB5rA direction_eot seed=1234 gain=0.617 max|d|=9.87 (projection 16)
[ok] amman_query_0PLHged3iWJuuv8xOPB5rA isotropic seed=1234 gain=3.976 max|d|=18.55 (no projection)
[ok] boston_query_-EHBZ4-3d6vENYYFm7mWEw direction seed=1234 gain=0.814 max|d|=13.03 (projection 16)
[ok] boston_query_-EHBZ4-3d6vENYYFm7mWEw direction_eot seed=1234 gain=0.643 max|d|=10.29 (projection 16)
[ok] boston_query_-EHBZ4-3d6vENYYFm7mWEw isotropic seed=1234 gain=3.800 max|d|=17.98 (no projection)
[ok] cph_query_-CrgHhqoywCPgzsSAabnsw direction seed=1234 gain=0.822 max|d|=13.15 (projection 16)
[ok] cph_query_-CrgHhqoywCPgzsSAabnsw direction_eot seed=1234 gain=0.665 max|d|=10.64 (projection 16)
[ok] cph_query_-CrgHhqoywCPgzsSAabnsw isotropic seed=1234 gain=3.965 max|d|=19.42 (no projection)
[ok] london_query_-WyzcGh-_EYVhI50Y9F08Q direction seed=1234 gain=0.770 max|d|=12.32 (projection 16)
[ok] london_query_-WyzcGh-_EYVhI50Y9F08Q direction_eot seed=1234 gain=0.624 max|d|=9.98 (projection 16)
[ok] london_query_-WyzcGh-_EYVhI50Y9F08Q isotropic seed=1234 gain=3.979 max|d|=19.23 (no projection)
[ok] manila_query_-GRDcYlSjwLZPQ0LqKatqA direction seed=1234 gain=0.767 max|d|=12.27 (projection 16)
[ok] manila_query_-GRDcYlSjwLZPQ0LqKatqA direction_eot seed=1234 gain=0.603 max|d|=9.64 (projection 16)
[ok] manila_query_-GRDcYlSjwLZPQ0LqKatqA isotropic seed=1234 gain=3.959 max|d|=18.97 (no projection)
[ok] nairobi_query_0u9pYEI4g20T0TGGb3Q_mw direction seed=1234 gain=0.805 max|d|=12.89 (projection 16)
[ok] nairobi_query_0u9pYEI4g20T0TGGb3Q_mw direction_eot seed=1234 gain=0.606 max|d|=9.69 (projection 16)
[ok] nairobi_query_0u9pYEI4g20T0TGGb3Q_mw isotropic seed=1234 gain=3.962 max|d|=18.13 (no projection)
[ok] toronto_query_-90qYles5GKU3ikhCYP3xg direction seed=1234 gain=0.781 max|d|=12.49 (projection 16)
[ok] toronto_query_-90qYles5GKU3ikhCYP3xg direction_eot seed=1234 gain=0.639 max|d|=10.23 (projection 16)
[ok] toronto_query_-90qYles5GKU3ikhCYP3xg isotropic seed=1234 gain=3.965 max|d|=20.50 (no projection)
[ok] zurich_query_-ckZ0rXdz4mibIinNjdoZQ direction seed=1234 gain=0.812 max|d|=12.99 (projection 16)
[ok] zurich_query_-ckZ0rXdz4mibIinNjdoZQ direction_eot seed=1234 gain=0.662 max|d|=10.60 (projection 16)
[ok] zurich_query_-ckZ0rXdz4mibIinNjdoZQ isotropic seed=1234 gain=3.962 max|d|=17.63 (no projection)
[ok] amman_query_0R0A_PhOAjP-uMDPM7p7mA direction seed=1234 gain=0.741 max|d|=11.86 (projection 16)
[ok] amman_query_0R0A_PhOAjP-uMDPM7p7mA direction_eot seed=1234 gain=0.620 max|d|=9.92 (projection 16)
[ok] amman_query_0R0A_PhOAjP-uMDPM7p7mA isotropic seed=1234 gain=3.970 max|d|=17.35 (no projection)
[ok] boston_query_-F1y-kaybMQbp8p7UR03TA direction seed=1234 gain=0.749 max|d|=11.99 (projection 16)
[ok] boston_query_-F1y-kaybMQbp8p7UR03TA direction_eot seed=1234 gain=0.591 max|d|=9.45 (projection 16)
[ok] boston_query_-F1y-kaybMQbp8p7UR03TA isotropic seed=1234 gain=4.010 max|d|=19.87 (no projection)
[ok] cph_query_-EJZ9qR_FRIGfCF6DhQCJg direction seed=1234 gain=0.724 max|d|=11.59 (projection 16)
[ok] cph_query_-EJZ9qR_FRIGfCF6DhQCJg direction_eot seed=1234 gain=0.610 max|d|=9.76 (projection 16)
[ok] cph_query_-EJZ9qR_FRIGfCF6DhQCJg isotropic seed=1234 gain=3.964 max|d|=18.58 (no projection)
[ok] london_query_-XIh6yuegk86oURAbggPpw direction seed=1234 gain=0.733 max|d|=11.73 (projection 16)
[ok] london_query_-XIh6yuegk86oURAbggPpw direction_eot seed=1234 gain=0.575 max|d|=9.20 (projection 16)
[ok] london_query_-XIh6yuegk86oURAbggPpw isotropic seed=1234 gain=3.974 max|d|=18.73 (no projection)
[ok] manila_query_-GYvqZ8BYSfzGUbFI13obA direction seed=1234 gain=0.818 max|d|=13.09 (projection 16)
[ok] manila_query_-GYvqZ8BYSfzGUbFI13obA direction_eot seed=1234 gain=0.642 max|d|=10.27 (projection 16)
[ok] manila_query_-GYvqZ8BYSfzGUbFI13obA isotropic seed=1234 gain=4.136 max|d|=18.96 (no projection)
[ok] nairobi_query_16KxNH7RD-4ITdBTZKvAXw direction seed=1234 gain=0.843 max|d|=13.49 (projection 16)
[ok] nairobi_query_16KxNH7RD-4ITdBTZKvAXw direction_eot seed=1234 gain=0.662 max|d|=10.59 (projection 16)
[ok] nairobi_query_16KxNH7RD-4ITdBTZKvAXw isotropic seed=1234 gain=4.062 max|d|=18.72 (no projection)
[ok] toronto_query_-95Ypw11XUgNqZdY5m4GCw direction seed=1234 gain=0.793 max|d|=12.69 (projection 16)
[ok] toronto_query_-95Ypw11XUgNqZdY5m4GCw direction_eot seed=1234 gain=0.638 max|d|=10.21 (projection 16)
[ok] toronto_query_-95Ypw11XUgNqZdY5m4GCw isotropic seed=1234 gain=4.062 max|d|=18.63 (no projection)
[ok] zurich_query_-fOHAPAq-KX4XPlg0JJPvg direction seed=1234 gain=0.769 max|d|=12.31 (projection 16)
[ok] zurich_query_-fOHAPAq-KX4XPlg0JJPvg direction_eot seed=1234 gain=0.613 max|d|=9.81 (projection 16)
[ok] zurich_query_-fOHAPAq-KX4XPlg0JJPvg isotropic seed=1234 gain=4.121 max|d|=18.92 (no projection)
[ok] amman_query_0RRGZCCzxqj8dJzhN-RnQQ direction seed=1234 gain=0.753 max|d|=12.05 (projection 16)
[ok] amman_query_0RRGZCCzxqj8dJzhN-RnQQ direction_eot seed=1234 gain=0.592 max|d|=9.47 (projection 16)
[ok] amman_query_0RRGZCCzxqj8dJzhN-RnQQ isotropic seed=1234 gain=3.994 max|d|=18.27 (no projection)
[ok] boston_query_-GJo3fVMwIWZoCYgf09NLQ direction seed=1234 gain=0.734 max|d|=11.74 (projection 16)
[ok] boston_query_-GJo3fVMwIWZoCYgf09NLQ direction_eot seed=1234 gain=0.590 max|d|=9.44 (projection 16)
[ok] boston_query_-GJo3fVMwIWZoCYgf09NLQ isotropic seed=1234 gain=4.121 max|d|=17.40 (no projection)
[ok] cph_query_-Eb1W6216G9S88OFy95k4Q direction seed=1234 gain=0.692 max|d|=11.07 (projection 16)
[ok] cph_query_-Eb1W6216G9S88OFy95k4Q direction_eot seed=1234 gain=0.550 max|d|=8.80 (projection 16)
[ok] cph_query_-Eb1W6216G9S88OFy95k4Q isotropic seed=1234 gain=3.972 max|d|=17.43 (no projection)
[ok] london_query_-XZRTRoj7LEefbZ7UDBzXg direction seed=1234 gain=0.726 max|d|=11.62 (projection 16)
[ok] london_query_-XZRTRoj7LEefbZ7UDBzXg direction_eot seed=1234 gain=0.610 max|d|=9.76 (projection 16)
[ok] london_query_-XZRTRoj7LEefbZ7UDBzXg isotropic seed=1234 gain=4.002 max|d|=20.29 (no projection)
[ok] manila_query_-HF88JWAO1GDy0F6B4ZeZg direction seed=1234 gain=0.798 max|d|=12.77 (projection 16)
[ok] manila_query_-HF88JWAO1GDy0F6B4ZeZg direction_eot seed=1234 gain=0.645 max|d|=10.32 (projection 16)
[ok] manila_query_-HF88JWAO1GDy0F6B4ZeZg isotropic seed=1234 gain=3.964 max|d|=18.73 (no projection)
[ok] nairobi_query_183WoPTmmjfRAAmVLL6TDw direction seed=1234 gain=0.828 max|d|=13.25 (projection 16)
[ok] nairobi_query_183WoPTmmjfRAAmVLL6TDw direction_eot seed=1234 gain=0.656 max|d|=10.49 (projection 16)
[ok] nairobi_query_183WoPTmmjfRAAmVLL6TDw isotropic seed=1234 gain=3.956 max|d|=17.25 (no projection)
[ok] toronto_query_-9p2_cESNINnXfab4o-dKQ direction seed=1234 gain=0.750 max|d|=12.00 (projection 16)
[ok] toronto_query_-9p2_cESNINnXfab4o-dKQ direction_eot seed=1234 gain=0.613 max|d|=9.81 (projection 16)
[ok] toronto_query_-9p2_cESNINnXfab4o-dKQ isotropic seed=1234 gain=3.977 max|d|=20.26 (no projection)
[ok] zurich_query_-iln48QPRjkI40nJSzd6lg direction seed=1234 gain=0.744 max|d|=11.90 (projection 16)
[ok] zurich_query_-iln48QPRjkI40nJSzd6lg direction_eot seed=1234 gain=0.615 max|d|=9.84 (projection 16)
[ok] zurich_query_-iln48QPRjkI40nJSzd6lg isotropic seed=1234 gain=3.974 max|d|=19.64 (no projection)
[ok] amman_query_0fPb7in-cHyh0MAM_N6Zwg direction seed=1234 gain=0.736 max|d|=11.77 (projection 16)
[ok] amman_query_0fPb7in-cHyh0MAM_N6Zwg direction_eot seed=1234 gain=0.591 max|d|=9.46 (projection 16)
[ok] amman_query_0fPb7in-cHyh0MAM_N6Zwg isotropic seed=1234 gain=3.953 max|d|=17.57 (no projection)
[ok] boston_query_-HufF4iDO00S4hZK96hUyw direction seed=1234 gain=0.763 max|d|=12.21 (projection 16)
[ok] boston_query_-HufF4iDO00S4hZK96hUyw direction_eot seed=1234 gain=0.606 max|d|=9.70 (projection 16)
[ok] boston_query_-HufF4iDO00S4hZK96hUyw isotropic seed=1234 gain=3.973 max|d|=17.35 (no projection)
[ok] cph_query_-Efn_mUBXLqGWGzUw3Youw direction seed=1234 gain=0.733 max|d|=11.72 (projection 16)
[ok] cph_query_-Efn_mUBXLqGWGzUw3Youw direction_eot seed=1234 gain=0.621 max|d|=9.93 (projection 16)
[ok] cph_query_-Efn_mUBXLqGWGzUw3Youw isotropic seed=1234 gain=3.990 max|d|=20.34 (no projection)
[ok] london_query_-b5BCVv9Qd6OhZGxpoqS5A direction seed=1234 gain=0.734 max|d|=11.75 (projection 16)
[ok] london_query_-b5BCVv9Qd6OhZGxpoqS5A direction_eot seed=1234 gain=0.605 max|d|=9.68 (projection 16)
[ok] london_query_-b5BCVv9Qd6OhZGxpoqS5A isotropic seed=1234 gain=3.852 max|d|=19.14 (no projection)
[ok] manila_query_-KU1q5fdqSI_GghxKumbeg direction seed=1234 gain=0.732 max|d|=11.72 (projection 16)
[ok] manila_query_-KU1q5fdqSI_GghxKumbeg direction_eot seed=1234 gain=0.599 max|d|=9.59 (projection 16)
[ok] manila_query_-KU1q5fdqSI_GghxKumbeg isotropic seed=1234 gain=4.037 max|d|=18.46 (no projection)
[ok] nairobi_query_19K8RILgg4ErFKJ9l5D9zQ direction seed=1234 gain=0.844 max|d|=13.50 (projection 16)
[ok] nairobi_query_19K8RILgg4ErFKJ9l5D9zQ direction_eot seed=1234 gain=0.683 max|d|=10.92 (projection 16)
[ok] nairobi_query_19K8RILgg4ErFKJ9l5D9zQ isotropic seed=1234 gain=4.006 max|d|=18.05 (no projection)
[ok] toronto_query_-Af6Q3npKjccLu7TwYvlsQ direction seed=1234 gain=0.781 max|d|=12.49 (projection 16)
[ok] toronto_query_-Af6Q3npKjccLu7TwYvlsQ direction_eot seed=1234 gain=0.626 max|d|=10.02 (projection 16)
[ok] toronto_query_-Af6Q3npKjccLu7TwYvlsQ isotropic seed=1234 gain=3.993 max|d|=19.14 (no projection)
[ok] zurich_query_-ldtR3_I7eHdDGYU5BNczg direction seed=1234 gain=0.709 max|d|=11.35 (projection 16)
[ok] zurich_query_-ldtR3_I7eHdDGYU5BNczg direction_eot seed=1234 gain=0.542 max|d|=8.67 (projection 16)
[ok] zurich_query_-ldtR3_I7eHdDGYU5BNczg isotropic seed=1234 gain=3.968 max|d|=18.36 (no projection)
[ok] amman_query_0mtodUgJmOV4UK-0AiTGHg direction seed=1234 gain=0.769 max|d|=12.31 (projection 16)
[ok] amman_query_0mtodUgJmOV4UK-0AiTGHg direction_eot seed=1234 gain=0.598 max|d|=9.56 (projection 16)
[ok] amman_query_0mtodUgJmOV4UK-0AiTGHg isotropic seed=1234 gain=3.983 max|d|=17.81 (no projection)
[ok] boston_query_-IYAXZ4yoOS7SzEIu2m-me direction seed=1234 gain=0.826 max|d|=13.22 (projection 16)
[ok] boston_query_-IYAXZ4yoOS7SzEIu2m-me direction_eot seed=1234 gain=0.626 max|d|=10.01 (projection 16)
[ok] boston_query_-IYAXZ4yoOS7SzEIu2m-me isotropic seed=1234 gain=3.973 max|d|=17.64 (no projection)
[ok] cph_query_-F5w8wQO0CU26PCfOqANzA direction seed=1234 gain=0.730 max|d|=11.67 (projection 16)
[ok] cph_query_-F5w8wQO0CU26PCfOqANzA direction_eot seed=1234 gain=0.612 max|d|=9.80 (projection 16)
[ok] cph_query_-F5w8wQO0CU26PCfOqANzA isotropic seed=1234 gain=3.963 max|d|=19.09 (no projection)
[ok] london_query_-c-T7aulp9a5g-J9zYbYiQ direction seed=1234 gain=0.786 max|d|=12.57 (projection 16)
[ok] london_query_-c-T7aulp9a5g-J9zYbYiQ direction_eot seed=1234 gain=0.645 max|d|=10.31 (projection 16)
[ok] london_query_-c-T7aulp9a5g-J9zYbYiQ isotropic seed=1234 gain=4.028 max|d|=17.29 (no projection)
[ok] manila_query_-KoSUCrB2w1FscwO9vyRlw direction seed=1234 gain=0.703 max|d|=11.24 (projection 16)
[ok] manila_query_-KoSUCrB2w1FscwO9vyRlw direction_eot seed=1234 gain=0.545 max|d|=8.72 (projection 16)
[ok] manila_query_-KoSUCrB2w1FscwO9vyRlw isotropic seed=1234 gain=3.973 max|d|=18.90 (no projection)
[ok] nairobi_query_1J7o8IGEriKnTs-ay8aPNQ direction seed=1234 gain=0.841 max|d|=13.45 (projection 16)
[ok] nairobi_query_1J7o8IGEriKnTs-ay8aPNQ direction_eot seed=1234 gain=0.669 max|d|=10.70 (projection 16)
[ok] nairobi_query_1J7o8IGEriKnTs-ay8aPNQ isotropic seed=1234 gain=4.019 max|d|=18.65 (no projection)
[ok] toronto_query_-AlgHQUWzDPe9bpb8ZAzSA direction seed=1234 gain=0.787 max|d|=12.59 (projection 16)
[ok] toronto_query_-AlgHQUWzDPe9bpb8ZAzSA direction_eot seed=1234 gain=0.657 max|d|=10.51 (projection 16)
[ok] toronto_query_-AlgHQUWzDPe9bpb8ZAzSA isotropic seed=1234 gain=3.978 max|d|=17.90 (no projection)
[ok] zurich_query_-m5K41q4X0r8qu_XnaYlIg direction seed=1234 gain=0.749 max|d|=11.99 (projection 16)
[ok] zurich_query_-m5K41q4X0r8qu_XnaYlIg direction_eot seed=1234 gain=0.611 max|d|=9.77 (projection 16)
[ok] zurich_query_-m5K41q4X0r8qu_XnaYlIg isotropic seed=1234 gain=4.063 max|d|=19.89 (no projection)
[ok] amman_query_0rJM3ZzX3JzTTpl0GCia8w direction seed=1234 gain=0.838 max|d|=13.41 (projection 16)
[ok] amman_query_0rJM3ZzX3JzTTpl0GCia8w direction_eot seed=1234 gain=0.684 max|d|=10.95 (projection 16)
[ok] amman_query_0rJM3ZzX3JzTTpl0GCia8w isotropic seed=1234 gain=3.894 max|d|=18.25 (no projection)
[ok] boston_query_-Jix8HM-vXTXdWrXQwVvQw direction seed=1234 gain=0.794 max|d|=12.70 (projection 16)
[ok] boston_query_-Jix8HM-vXTXdWrXQwVvQw direction_eot seed=1234 gain=0.650 max|d|=10.39 (projection 16)
[ok] boston_query_-Jix8HM-vXTXdWrXQwVvQw isotropic seed=1234 gain=4.048 max|d|=18.13 (no projection)
[ok] cph_query_-FLAkBWjfrY2RcqaQ-LgmQ direction seed=1234 gain=0.766 max|d|=12.25 (projection 16)
[ok] cph_query_-FLAkBWjfrY2RcqaQ-LgmQ direction_eot seed=1234 gain=0.617 max|d|=9.87 (projection 16)
[ok] cph_query_-FLAkBWjfrY2RcqaQ-LgmQ isotropic seed=1234 gain=3.955 max|d|=18.38 (no projection)
[ok] london_query_-cAVonhAOLeSK7tfil0ceg direction seed=1234 gain=0.773 max|d|=12.37 (projection 16)
[ok] london_query_-cAVonhAOLeSK7tfil0ceg direction_eot seed=1234 gain=0.622 max|d|=9.95 (projection 16)
[ok] london_query_-cAVonhAOLeSK7tfil0ceg isotropic seed=1234 gain=4.035 max|d|=17.70 (no projection)
[ok] manila_query_-LBCdeO8C8kj5IjX1m3XTA direction seed=1234 gain=0.662 max|d|=10.59 (projection 16)
[ok] manila_query_-LBCdeO8C8kj5IjX1m3XTA direction_eot seed=1234 gain=0.551 max|d|=8.81 (projection 16)
[ok] manila_query_-LBCdeO8C8kj5IjX1m3XTA isotropic seed=1234 gain=4.002 max|d|=19.98 (no projection)
[ok] nairobi_query_1YjlKCdHNgoQBY8yOFqlmw direction seed=1234 gain=0.841 max|d|=13.46 (projection 16)
[ok] nairobi_query_1YjlKCdHNgoQBY8yOFqlmw direction_eot seed=1234 gain=0.655 max|d|=10.48 (projection 16)
[ok] nairobi_query_1YjlKCdHNgoQBY8yOFqlmw isotropic seed=1234 gain=4.060 max|d|=18.28 (no projection)
[ok] toronto_query_-B-3B3MjxX0UdrDIo-8kmA direction seed=1234 gain=0.730 max|d|=11.68 (projection 16)
[ok] toronto_query_-B-3B3MjxX0UdrDIo-8kmA direction_eot seed=1234 gain=0.588 max|d|=9.42 (projection 16)
[ok] toronto_query_-B-3B3MjxX0UdrDIo-8kmA isotropic seed=1234 gain=4.016 max|d|=18.16 (no projection)
[ok] zurich_query_-nhCCSRwlsxqJsUbzqZvCQ direction seed=1234 gain=0.720 max|d|=11.52 (projection 16)
[ok] zurich_query_-nhCCSRwlsxqJsUbzqZvCQ direction_eot seed=1234 gain=0.566 max|d|=9.05 (projection 16)
[ok] zurich_query_-nhCCSRwlsxqJsUbzqZvCQ isotropic seed=1234 gain=3.972 max|d|=18.24 (no projection)
[ok] amman_query_12LbsAl_T_jgw2JHgbR5ng direction seed=1234 gain=0.773 max|d|=12.36 (projection 16)
[ok] amman_query_12LbsAl_T_jgw2JHgbR5ng direction_eot seed=1234 gain=0.616 max|d|=9.85 (projection 16)
[ok] amman_query_12LbsAl_T_jgw2JHgbR5ng isotropic seed=1234 gain=3.956 max|d|=18.50 (no projection)
[ok] boston_query_-Jv7RF27BSJIV-gqOI7KxZ direction seed=1234 gain=0.786 max|d|=12.58 (projection 16)
[ok] boston_query_-Jv7RF27BSJIV-gqOI7KxZ direction_eot seed=1234 gain=0.655 max|d|=10.48 (projection 16)
[ok] boston_query_-Jv7RF27BSJIV-gqOI7KxZ isotropic seed=1234 gain=4.340 max|d|=19.55 (no projection)
[ok] cph_query_-GVbOpzggFXAot0UyKhx2g direction seed=1234 gain=0.776 max|d|=12.41 (projection 16)
[ok] cph_query_-GVbOpzggFXAot0UyKhx2g direction_eot seed=1234 gain=0.622 max|d|=9.95 (projection 16)
[ok] cph_query_-GVbOpzggFXAot0UyKhx2g isotropic seed=1234 gain=3.969 max|d|=16.81 (no projection)
[ok] london_query_-dHWRapn57-l_kynPnun3Q direction seed=1234 gain=0.742 max|d|=11.87 (projection 16)
[ok] london_query_-dHWRapn57-l_kynPnun3Q direction_eot seed=1234 gain=0.586 max|d|=9.38 (projection 16)
[ok] london_query_-dHWRapn57-l_kynPnun3Q isotropic seed=1234 gain=3.964 max|d|=18.13 (no projection)
[ok] manila_query_-MH02w7P6jmmqnoUdL-55Q direction seed=1234 gain=0.758 max|d|=12.12 (projection 16)
[ok] manila_query_-MH02w7P6jmmqnoUdL-55Q direction_eot seed=1234 gain=0.602 max|d|=9.64 (projection 16)
[ok] manila_query_-MH02w7P6jmmqnoUdL-55Q isotropic seed=1234 gain=3.958 max|d|=17.44 (no projection)
[ok] nairobi_query_1Z__CFelPzXEI1IEu_8QJw direction seed=1234 gain=0.788 max|d|=12.61 (projection 16)
[ok] nairobi_query_1Z__CFelPzXEI1IEu_8QJw direction_eot seed=1234 gain=0.649 max|d|=10.39 (projection 16)
[ok] nairobi_query_1Z__CFelPzXEI1IEu_8QJw isotropic seed=1234 gain=4.006 max|d|=19.03 (no projection)
[ok] toronto_query_-B136fRwqMBMXoc03yy-PQ direction seed=1234 gain=0.712 max|d|=11.39 (projection 16)
[ok] toronto_query_-B136fRwqMBMXoc03yy-PQ direction_eot seed=1234 gain=0.571 max|d|=9.13 (projection 16)
[ok] toronto_query_-B136fRwqMBMXoc03yy-PQ isotropic seed=1234 gain=4.015 max|d|=19.34 (no projection)
[ok] zurich_query_-tYWpAACOq7RfVvZJ-BAcQ direction seed=1234 gain=0.774 max|d|=12.39 (projection 16)
[ok] zurich_query_-tYWpAACOq7RfVvZJ-BAcQ direction_eot seed=1234 gain=0.601 max|d|=9.61 (projection 16)
[ok] zurich_query_-tYWpAACOq7RfVvZJ-BAcQ isotropic seed=1234 gain=3.960 max|d|=18.57 (no projection)
[done] wrote src/outputs/tifs_a8/serialized_release.csv
