[ok] amman_query_-iXxlTRmA5JphamcIjxBbA probes=128 split-half=0.9836
[ok] boston_query_-9gbUk-DmX9AOqntuN1nEm probes=128 split-half=0.9919
[ok] cph_query_-4XnD9qE623teR-nRYxB5A probes=128 split-half=0.9869
[ok] london_query_-Flts9XBA2wVlru8_LHbkg probes=128 split-half=0.9836
[ok] manila_query_-85J_HceaTP2S0IavwkQ-A probes=128 split-half=0.9861
[ok] nairobi_query_0LJUobuUEqOqrZc4s2fVgg probes=128 split-half=0.9798
[ok] toronto_query_-7C0G-8afrBbN3hImbBHsA probes=128 split-half=0.9846
[ok] zurich_query_-Kb55YIF941j2DBFO5gVjA probes=128 split-half=0.9830
[ok] amman_query_-qij8CFaEYNp4JW3rF9oqQ probes=128 split-half=0.9802
[ok] boston_query_-AJWNV55EAzvKArt5mMYqg probes=128 split-half=0.9866
[ok] cph_query_-5qSxgAnKk-6Bf5AVVoPjA probes=128 split-half=0.9825
[ok] london_query_-HfvOD1d7XUGJoEMybpyqQ probes=128 split-half=0.9898
[ok] manila_query_-9tG6ERjH4jVcWo9jkVvBg probes=128 split-half=0.9813
[ok] nairobi_query_0M1Vl3tUlt_2MiFp6vxhrg probes=128 split-half=0.9896
[ok] toronto_query_-7bDZLvVOVk7ethfd1yomg probes=128 split-half=0.9880
[ok] zurich_query_-Km53YFc8zewa3vS2OeGsQ probes=128 split-half=0.9828
[ok] amman_query_-t_-moqpBTWSiKU7mS-lgQ probes=128 split-half=0.9801
[ok] boston_query_-Ae9_7GnntvqV8myNb9fhv probes=128 split-half=0.9833
[ok] cph_query_-8E-udXiyMJCRp_UkM4Kgw probes=128 split-half=0.9925
[ok] london_query_-Id3DdRqVbjIA39wjxbTgw probes=128 split-half=0.9776
[ok] manila_query_-AXkFLZ0HchDGYvJ_KZ3dQ probes=128 split-half=0.9775
[ok] nairobi_query_0Oa1jUYlj8LE47HApYWufA probes=128 split-half=0.9896
[ok] toronto_query_-85n6JJLXmi04edt5JxhzQ probes=128 split-half=0.9783
[ok] zurich_query_-M0Q1_7lg_TKGT2-mllw4w probes=128 split-half=0.9812
[ok] amman_query_0-2jyV8XAzdAOYMkdyQVLw probes=128 split-half=0.9777
[ok] boston_query_-BE36-GG_yM6YS57M_uMTQ probes=128 split-half=0.9839
[ok] cph_query_-9WYlFp61M1J1zV1mJD4uA probes=128 split-half=0.9826
[ok] london_query_-OOGG8lTvgHHqp3iuULlyQ probes=128 split-half=0.9853
[ok] manila_query_-ColYSDtqqoE3TZ4eZHu8g probes=128 split-half=0.9820
[ok] nairobi_query_0R73ChZbcyJ8Z4vBaef_Jw probes=128 split-half=0.9831
[ok] toronto_query_-8BknWmZh2lEnEeect73Ww probes=128 split-half=0.9948
[ok] zurich_query_-TxHEY5xnZFgfnHO3ygjzw probes=128 split-half=0.9848
[ok] amman_query_051WRvR5gI1vde606oseFw probes=128 split-half=0.9850
[ok] boston_query_-CNeDzWqfei0F-1CmA8N9A probes=128 split-half=0.9824
[ok] cph_query_-9ZOGirqZl2EVYWN1WLERg probes=128 split-half=0.9791
[ok] london_query_-TmVvxY52h9CjrIUzBbCgw probes=128 split-half=0.9886
[ok] manila_query_-ELxcda6ePiuO6nR3VP3-A probes=128 split-half=0.9865
[ok] nairobi_query_0TzVtw0twyRTMFGP-VzE8A probes=128 split-half=0.9880
[ok] toronto_query_-8NbZpIbjwqAXwoRMmYddg probes=128 split-half=0.9829
[ok] zurich_query_-Vs9xzO47S-0Cfs9o81wvQ probes=128 split-half=0.9837
[ok] amman_query_0CjrhmzpvqXBOIBsGB6LcQ probes=128 split-half=0.9810
[ok] boston_query_-D-onyWSIw3M1SbsxL7X-g probes=128 split-half=0.9937
[ok] cph_query_-AowxxrsOr_xM02-ZyrQ5A probes=128 split-half=0.9796
[ok] london_query_-UeH_UbGnPshWdeEEYfhyQ probes=128 split-half=0.9842
[ok] manila_query_-EVOy4h35ZUyBK4r6uBM5g probes=128 split-half=0.9802
[ok] nairobi_query_0YY7sOJF2Kr1PfPB1KidBg probes=128 split-half=0.9876
[ok] toronto_query_-8Q-Otkctyr1cXAnmn2BEw probes=128 split-half=0.9869
[ok] zurich_query_-ZAb7eYhYeo1yW06_paa_g probes=128 split-half=0.9827
[ok] amman_query_0IvHKlYEfFEP39KRxr9UZg probes=128 split-half=0.9813
[ok] boston_query_-DYvemYiNwx_BmPSrlUWIA probes=128 split-half=0.9859
[ok] cph_query_-BH_JCTriNnLeoSt0e51lQ probes=128 split-half=0.9814
[ok] london_query_-WUdEGuLIX2B2T8rBV0Rgw probes=128 split-half=0.9890
[ok] manila_query_-EthLwRJMwt-Shb-xpIYlA probes=128 split-half=0.9827
[ok] nairobi_query_0jIUlQnC_o05NHi_OMD_vg probes=128 split-half=0.9887
[ok] toronto_query_-8imnyri_5yPaHzqoBtiSg probes=128 split-half=0.9799
[ok] zurich_query_-_SB4ERKdFDYkwavdkk6NA probes=128 split-half=0.9833
[ok] amman_query_0NfGsYmI9MkLl0JzfO-tJg probes=128 split-half=0.9745
[ok] boston_query_-DZ2jmUKLylFospVHUJx9w probes=128 split-half=0.9832
[ok] cph_query_-CmhgNHgZVau1Sw841AZJw probes=128 split-half=0.9912
[ok] london_query_-WZeEq0W1pr6VJS4t3dR0g probes=128 split-half=0.9887
[ok] manila_query_-GD9SrklFbEy7mNAK9uIXg probes=128 split-half=0.9789
[ok] nairobi_query_0o5iaNnZzqS9cqJ1tMT85g probes=128 split-half=0.9787
[ok] toronto_query_-8zrNMH6voa2ZtBaGNpoYQ probes=128 split-half=0.9837
[ok] zurich_query_-bwmsEYfSnHpjkqrw0Vn6g probes=128 split-half=0.9855
[ok] amman_query_0PLHged3iWJuuv8xOPB5rA probes=128 split-half=0.9803
[ok] boston_query_-EHBZ4-3d6vENYYFm7mWEw probes=128 split-half=0.9795
[ok] cph_query_-CrgHhqoywCPgzsSAabnsw probes=128 split-half=0.9893
[ok] london_query_-WyzcGh-_EYVhI50Y9F08Q probes=128 split-half=0.9858
[ok] manila_query_-GRDcYlSjwLZPQ0LqKatqA probes=128 split-half=0.9783
[ok] nairobi_query_0u9pYEI4g20T0TGGb3Q_mw probes=128 split-half=0.9913
[done] wrote src/outputs/tifs_a2/jacobian_columns.csv
