[placement] device=cuda
[placement] geotagged mode: 400 queries, 2000 gallery, 277 place ids
[placement] resnet18 g0 seed1234 learned: 400 rows
[placement] resnet18 g0 seed1234 uniform: 400 rows
[placement] resnet18 g0 seed1234 saliency: 400 rows
[placement] resnet18 g0 seed1234 edge: 400 rows
[placement] resnet18 g0 seed1234 center: 400 rows
[placement] resnet18 g0 seed1234 random_fixed: 400 rows
[placement] resnet18 g0 seed1234 oracle_grad: 400 rows
[placement] resnet18 g0 seed1234 anti_oracle_grad: 400 rows
[placement] resnet18 g0 seed1235 learned: 400 rows
[placement] resnet18 g0 seed1235 uniform: 400 rows
[placement] resnet18 g0 seed1235 saliency: 400 rows
[placement] resnet18 g0 seed1235 edge: 400 rows
[placement] resnet18 g0 seed1235 center: 400 rows
[placement] resnet18 g0 seed1235 random_fixed: 400 rows
[placement] resnet18 g0 seed1235 oracle_grad: 400 rows
[placement] resnet18 g0 seed1235 anti_oracle_grad: 400 rows
[placement] resnet18 g0 seed1236 learned: 400 rows
[placement] resnet18 g0 seed1236 uniform: 400 rows
[placement] resnet18 g0 seed1236 saliency: 400 rows
[placement] resnet18 g0 seed1236 edge: 400 rows
[placement] resnet18 g0 seed1236 center: 400 rows
[placement] resnet18 g0 seed1236 random_fixed: 400 rows
[placement] resnet18 g0 seed1236 oracle_grad: 400 rows
[placement] resnet18 g0 seed1236 anti_oracle_grad: 400 rows
[placement] done -> src/outputs/icme2027_placement_msls/final/per_query.csv
